
> sc-framework@0.1.0 format
> prettier --write .

.github/workflows/verify.yml 11ms (unchanged)
.prettierrc.json 6ms (unchanged)
AGENTS.md 17ms (unchanged)
compose.yaml 3ms (unchanged)
docs/api.md 7ms (unchanged)
docs/folder-structure.md 2ms (unchanged)
docs/maintenance-guide.md 3ms (unchanged)
docs/openapi.json 6ms (unchanged)
docs/operations.md 6ms (unchanged)
docs/질의/001-프로젝트생성.md 12ms
docs/질의/002-디자인토큰.md 2ms (unchanged)
docs/질의/개발단계.md 5ms (unchanged)
docs/질의/기술스택-적용현황.md 6ms (unchanged)
eslint.config.mjs 4ms (unchanged)
frontend/apps/catalog/.storybook/main.ts 14ms (unchanged)
frontend/apps/catalog/.storybook/preview.ts 3ms (unchanged)
frontend/apps/catalog/package.json 1ms (unchanged)
frontend/apps/catalog/src/ConnectedExamples.stories.ts 4ms (unchanged)
frontend/apps/catalog/src/fixtures/ConnectedExamplesStory.vue 16ms (unchanged)
frontend/apps/catalog/src/fixtures/ScActionButtonStory.vue 3ms (unchanged)
frontend/apps/catalog/src/fixtures/ScStoryFrame.vue 8ms (unchanged)
frontend/apps/catalog/src/fixtures/ScTextFieldStory.vue 3ms (unchanged)
frontend/apps/catalog/src/ScActionButton.stories.ts 3ms (unchanged)
frontend/apps/catalog/src/ScTextField.stories.ts 2ms (unchanged)
frontend/apps/catalog/tsconfig.json 0ms (unchanged)
frontend/apps/catalog/vitest.config.ts 1ms (unchanged)
frontend/apps/reference-app/index.html 1ms (unchanged)
frontend/apps/reference-app/package.json 0ms (unchanged)
frontend/apps/reference-app/src/App.vue 5ms (unchanged)
frontend/apps/reference-app/src/features/auth/LoginPage.vue 4ms (unchanged)
frontend/apps/reference-app/src/features/examples/api.ts 2ms (unchanged)
frontend/apps/reference-app/src/features/examples/ExamplesPage.vue 25ms (unchanged)
frontend/apps/reference-app/src/features/examples/schema.spec.ts 2ms (unchanged)
frontend/apps/reference-app/src/features/examples/schema.ts 1ms (unchanged)
frontend/apps/reference-app/src/main.ts 2ms (unchanged)
frontend/apps/reference-app/tsconfig.json 0ms (unchanged)
frontend/apps/reference-app/vite.config.ts 1ms (unchanged)
frontend/apps/starter-app/index.html 1ms (unchanged)
frontend/apps/starter-app/package.json 0ms (unchanged)
frontend/apps/starter-app/src/App.vue 1ms (unchanged)
frontend/apps/starter-app/src/main.ts 1ms (unchanged)
frontend/apps/starter-app/src/StartPage.vue 4ms (unchanged)
frontend/apps/starter-app/tsconfig.json 0ms (unchanged)
frontend/apps/starter-app/vite.config.ts 1ms (unchanged)
frontend/e2e/framework.spec.ts 7ms (unchanged)
frontend/packages/runtime/package.json 0ms (unchanged)
frontend/packages/runtime/src/http.spec.ts 6ms (unchanged)
frontend/packages/runtime/src/http.ts 6ms (unchanged)
frontend/packages/runtime/src/index.ts 1ms (unchanged)
frontend/packages/runtime/src/runtime.ts 3ms (unchanged)
frontend/packages/runtime/tsconfig.json 0ms (unchanged)
frontend/packages/ui/package.json 0ms (unchanged)
frontend/packages/ui/src/index.ts 0ms (unchanged)
frontend/packages/ui/src/ScActionButton.vue 4ms (unchanged)
frontend/packages/ui/src/ScTextField.spec.ts 1ms (unchanged)
frontend/packages/ui/src/ScTextField.vue 4ms (unchanged)
frontend/packages/ui/src/styles.scss 2ms (unchanged)
frontend/packages/ui/src/theme.ts 1ms (unchanged)
frontend/packages/ui/src/tokens.scss 1ms (unchanged)
frontend/packages/ui/tsconfig.json 0ms (unchanged)
frontend/playwright.config.ts 1ms (unchanged)
package.json 0ms (unchanged)
README.md 3ms (unchanged)
scripts/openapi-types.mjs 2ms (unchanged)
tsconfig.base.json 0ms (unchanged)
vitest.config.ts 1ms (unchanged)
