npm error code ERESOLVE
npm error ERESOLVE could not resolve
npm error
npm error While resolving: sc-framework@0.1.0
npm error Found: @vitest/browser-playwright@4.1.2
npm error node_modules/@vitest/browser-playwright
npm error   dev @vitest/browser-playwright@"4.1.11" from the root project
npm error   peerOptional @vitest/browser-playwright@"^4.0.0" from @storybook/addon-vitest@10.4.1
npm error   node_modules/@storybook/addon-vitest
npm error     dev @storybook/addon-vitest@"10.4.1" from @sc/catalog@0.1.0
npm error     frontend/apps/catalog
npm error       @sc/catalog@0.1.0
npm error       node_modules/@sc/catalog
npm error         workspace frontend/apps/catalog from the root project
npm error   1 more (vitest)
npm error
npm error Could not resolve dependency:
npm error dev @vitest/browser-playwright@"4.1.11" from the root project
npm error
npm error Conflicting peer dependency: vitest@4.1.11
npm error node_modules/vitest
npm error   peer vitest@"4.1.11" from @vitest/browser-playwright@4.1.11
npm error   node_modules/@vitest/browser-playwright
npm error     dev @vitest/browser-playwright@"4.1.11" from the root project
npm error
npm error Fix the upstream dependency conflict, or retry this command with --force or --legacy-peer-deps to accept an incorrect (and potentially broken) dependency resolution.
npm error
npm error
npm error For a full report see:
npm error /Users/dk/.npm/_logs/2026-10-06T11_14_42_268Z-eresolve-report.txt
npm error A complete log of this run can be found in: /Users/dk/.npm/_logs/2026-10-06T11_14_42_268Z-debug-0.log
