docs/api.md 21ms (unchanged)
docs/folder-structure.md 12ms
docs/maintenance-guide.md 25ms (unchanged)
docs/openapi.json 12ms (unchanged)
docs/operations.md 7ms (unchanged)
docs/ui-contracts.json 3ms (unchanged)
docs/질의/001-프로젝트생성.md 12ms (unchanged)
docs/질의/002-디자인토큰.md 13ms (unchanged)
docs/질의/003-공통UI계약.md 7ms
docs/질의/004-Storybook.md 57ms
docs/질의/005-공통입력과화면패턴.md 30ms (unchanged)
docs/질의/README.md 2ms
docs/질의/UI-공개계약.md 37ms (unchanged)
docs/질의/개발가이드.md 3ms (unchanged)
docs/질의/개발단계.md 4ms
docs/질의/기술스택-적용현황.md 5ms
docs/질의/디자인.md 7ms (unchanged)
docs/질의/조건부기술-전체구현.md 8ms (unchanged)
docs/질의/프레임워크.md 4ms (unchanged)
README.md 2ms (unchanged)
