
> sc-framework@0.1.0 storybook:verify
> node scripts/verify-storybook.mjs

node:internal/modules/run_main:107
    triggerUncaughtException(
    ^

ExpectError: expect(locator).toHaveValue(expected) failed

Locator:  locator('#storybook-preview-iframe').contentFrame().getByRole('textbox', { name: '제목' })
Expected: "긴 한국어 제목"
Received: "긴 한국어 "
Timeout:  5000ms

Call log:
  - Expect "toHaveValue" locator('#storybook-preview-iframe').contentFrame().getByRole('textbox', { name: '제목' }) with timeout 5000ms
  - waiting for locator('#storybook-preview-iframe').contentFrame().getByRole('textbox', { name: '제목' })
    14 × locator resolved to <input size="1" type="text" value="긴 한국어 " id="sc-field-sc-1-0" class="v-field__input" aria-labelledby="sc-field-sc-1-0-label"/>
       - unexpected value "긴 한국어 "

    at captureRawStack (/Users/dk/Work/ScFramework/node_modules/playwright-core/lib/coreBundle.js:8588:17)
    at callMatcherAsStep (/Users/dk/Work/ScFramework/node_modules/playwright/lib/matchers/expect.js:13310:57)
    at Object.toHaveValue (/Users/dk/Work/ScFramework/node_modules/playwright/lib/matchers/expect.js:13302:23)
    at /Users/dk/Work/ScFramework/scripts/verify-storybook.mjs:138:25 {
  matcherResult: {
    name: 'toHaveValue',
    expected: '긴 한국어 제목',
    message: 'expect(locator).toHaveValue(expected) failed\n' +
      '\n' +
      "Locator:  locator('#storybook-preview-iframe').contentFrame().getByRole('textbox', { name: '제목' })\n" +
      'Expected: "긴 한국어 제목"\n' +
      'Received: "긴 한국어 "\n' +
      'Timeout:  5000ms\n' +
      '\n' +
      'Call log:\n' +
      `  - Expect "toHaveValue" locator('#storybook-preview-iframe').contentFrame().getByRole('textbox', { name: '제목' }) with timeout 5000ms\n` +
      "  - waiting for locator('#storybook-preview-iframe').contentFrame().getByRole('textbox', { name: '제목' })\n" +
      '    14 × locator resolved to <input size="1" type="text" value="긴 한국어 " id="sc-field-sc-1-0" class="v-field__input" aria-labelledby="sc-field-sc-1-0-label"/>\n' +
      '       - unexpected value "긴 한국어 "\n',
    pass: false,
    actual: '긴 한국어 ',
    log: [
      `  - Expect "toHaveValue" locator('#storybook-preview-iframe').contentFrame().getByRole('textbox', { name: '제목' }) with timeout 5000ms`,
      "  - waiting for locator('#storybook-preview-iframe').contentFrame().getByRole('textbox', { name: '제목' })",
      '    14 × locator resolved to <input size="1" type="text" value="긴 한국어 " id="sc-field-sc-1-0" class="v-field__input" aria-labelledby="sc-field-sc-1-0-label"/>',
      '       - unexpected value "긴 한국어 "'
    ],
    timeout: 5000,
    ariaSnapshot: '- textbox "제목": 긴 한국어'
  }
}

Node.js v24.16.0
