
> sc-framework@0.1.0 format
> prettier --write .

.github/workflows/verify.yml 11ms (unchanged)
.prettierrc.json 6ms (unchanged)
AGENTS.md 18ms (unchanged)
compose.yaml 2ms (unchanged)
docs/api.md 7ms (unchanged)
docs/folder-structure.md 10ms (unchanged)
docs/maintenance-guide.md 19ms (unchanged)
docs/openapi.json 7ms (unchanged)
docs/operations.md 5ms (unchanged)
docs/ui-contracts.json 2ms (unchanged)
docs/질의/001-프로젝트생성.md 10ms (unchanged)
docs/질의/002-디자인토큰.md 12ms (unchanged)
docs/질의/003-공통UI계약.md 3ms (unchanged)
docs/질의/004-Storybook.md 50ms (unchanged)
docs/질의/005-공통입력과화면패턴.md 19ms
docs/질의/README.md 2ms (unchanged)
docs/질의/UI-공개계약.md 40ms (unchanged)
docs/질의/개발가이드.md 5ms (unchanged)
docs/질의/개발단계.md 4ms (unchanged)
docs/질의/기술스택-적용현황.md 5ms (unchanged)
docs/질의/디자인.md 8ms (unchanged)
docs/질의/조건부기술-전체구현.md 7ms (unchanged)
docs/질의/프레임워크.md 4ms (unchanged)
eslint.config.mjs 2ms (unchanged)
frontend/apps/catalog/.storybook/main.ts 2ms (unchanged)
frontend/apps/catalog/.storybook/preview.ts 3ms (unchanged)
frontend/apps/catalog/package.json 1ms (unchanged)
frontend/apps/catalog/src/ConnectedExamples.stories.ts 3ms (unchanged)
frontend/apps/catalog/src/DesignTokens.stories.ts 3ms (unchanged)
frontend/apps/catalog/src/fixtures/ConnectedExamplesStory.vue 5ms (unchanged)
frontend/apps/catalog/src/fixtures/ScActionButtonStory.vue 2ms (unchanged)
frontend/apps/catalog/src/fixtures/ScActionFormStory.vue 4ms (unchanged)
frontend/apps/catalog/src/fixtures/ScAppShellStory.vue 10ms (unchanged)
frontend/apps/catalog/src/fixtures/ScDesignTokensStory.vue 22ms (unchanged)
frontend/apps/catalog/src/fixtures/ScStoryFrame.vue 2ms (unchanged)
frontend/apps/catalog/src/fixtures/ScTextFieldStory.vue 2ms (unchanged)
frontend/apps/catalog/src/ScActionButton.stories.ts 5ms (unchanged)
frontend/apps/catalog/src/ScAppShell.stories.ts 6ms (unchanged)
frontend/apps/catalog/src/ScTextField.stories.ts 3ms (unchanged)
frontend/apps/catalog/tsconfig.docgen.json 0ms (unchanged)
frontend/apps/catalog/tsconfig.json 0ms (unchanged)
frontend/apps/catalog/vitest.config.ts 1ms (unchanged)
frontend/apps/reference-app/index.html 1ms (unchanged)
frontend/apps/reference-app/package.json 0ms (unchanged)
frontend/apps/reference-app/src/App.vue 5ms (unchanged)
frontend/apps/reference-app/src/features/auth/LoginPage.vue 4ms (unchanged)
frontend/apps/reference-app/src/features/examples/api.ts 1ms (unchanged)
frontend/apps/reference-app/src/features/examples/ExamplesPage.vue 20ms (unchanged)
frontend/apps/reference-app/src/features/examples/schema.spec.ts 1ms (unchanged)
frontend/apps/reference-app/src/features/examples/schema.ts 1ms (unchanged)
frontend/apps/reference-app/src/main.ts 1ms (unchanged)
frontend/apps/reference-app/tsconfig.json 0ms (unchanged)
frontend/apps/reference-app/vite.config.ts 1ms (unchanged)
frontend/apps/starter-app/index.html 1ms (unchanged)
frontend/apps/starter-app/package.json 0ms (unchanged)
frontend/apps/starter-app/src/App.vue 2ms (unchanged)
frontend/apps/starter-app/src/main.ts 1ms (unchanged)
frontend/apps/starter-app/src/StartPage.vue 4ms (unchanged)
frontend/apps/starter-app/tsconfig.json 0ms (unchanged)
frontend/apps/starter-app/vite.config.ts 1ms (unchanged)
frontend/e2e/framework.spec.ts 5ms (unchanged)
frontend/e2e/layout.spec.ts 9ms (unchanged)
frontend/packages/runtime/package.json 0ms (unchanged)
frontend/packages/runtime/src/http.spec.ts 5ms (unchanged)
frontend/packages/runtime/src/http.ts 6ms (unchanged)
frontend/packages/runtime/src/index.ts 1ms (unchanged)
frontend/packages/runtime/src/runtime.ts 4ms (unchanged)
frontend/packages/runtime/tsconfig.json 0ms (unchanged)
frontend/packages/ui/package.json 0ms (unchanged)
frontend/packages/ui/scripts/generate-tokens.mjs 3ms (unchanged)
frontend/packages/ui/src/contracts.ts 4ms (unchanged)
frontend/packages/ui/src/index.ts 1ms (unchanged)
frontend/packages/ui/src/layout/index.ts 0ms (unchanged)
frontend/packages/ui/src/layout/ScAppShell.spec.ts 4ms (unchanged)
frontend/packages/ui/src/layout/ScAppShell.vue 21ms (unchanged)
frontend/packages/ui/src/layout/ScShellNavigation.spec.ts 2ms (unchanged)
frontend/packages/ui/src/layout/ScShellNavigation.vue 5ms (unchanged)
frontend/packages/ui/src/layout/types.ts 1ms (unchanged)
frontend/packages/ui/src/ScActionButton.spec.ts 5ms (unchanged)
frontend/packages/ui/src/ScActionButton.vue 5ms (unchanged)
frontend/packages/ui/src/ScTextField.spec.ts 6ms (unchanged)
frontend/packages/ui/src/ScTextField.vue 10ms (unchanged)
frontend/packages/ui/src/styles.scss 4ms (unchanged)
frontend/packages/ui/src/theme.spec.ts 2ms (unchanged)
frontend/packages/ui/src/theme.ts 2ms (unchanged)
frontend/packages/ui/src/tokens.scss 2ms (unchanged)
frontend/packages/ui/src/tokens.spec.ts 2ms (unchanged)
frontend/packages/ui/src/tokens.ts 1ms (unchanged)
frontend/packages/ui/tsconfig.json 0ms (unchanged)
frontend/playwright.config.ts 1ms (unchanged)
package.json 0ms (unchanged)
README.md 3ms (unchanged)
scripts/check-ui-boundaries.mjs 3ms (unchanged)
scripts/openapi-types.mjs 1ms (unchanged)
scripts/ui-contracts.mjs 2ms (unchanged)
scripts/verify-storybook.mjs 6ms (unchanged)
tsconfig.base.json 0ms (unchanged)
vitest.config.ts 1ms (unchanged)
