node:internal/modules/run_main:107
    triggerUncaughtException(
    ^

ExpectError: expect(locator).toBeVisible() failed

Locator: getByRole('table').first().getByText('rows', { exact: true }).first()
Expected: visible
Timeout: 5000ms
Error: element(s) not found

Call log:
  - Expect "toBeVisible" getByRole('table').first().getByText('rows', { exact: true }).first() with timeout 5000ms
  - waiting for getByRole('table').first().getByText('rows', { exact: true }).first()

    at captureRawStack (/Users/dk/Work/ScFramework/node_modules/playwright-core/lib/coreBundle.js:8588:17)
    at callMatcherAsStep (/Users/dk/Work/ScFramework/node_modules/playwright/lib/matchers/expect.js:13310:57)
    at Object.toBeVisible (/Users/dk/Work/ScFramework/node_modules/playwright/lib/matchers/expect.js:13302:23)
    at /Users/dk/Work/ScFramework/scripts/verify-storybook.mjs:150:68 {
  matcherResult: {
    message: 'expect(locator).toBeVisible() failed\n' +
      '\n' +
      "Locator: getByRole('table').first().getByText('rows', { exact: true }).first()\n" +
      'Expected: visible\n' +
      'Timeout: 5000ms\n' +
      'Error: element(s) not found\n' +
      '\n' +
      'Call log:\n' +
      `  - Expect "toBeVisible" getByRole('table').first().getByText('rows', { exact: true }).first() with timeout 5000ms\n` +
      "  - waiting for getByRole('table').first().getByText('rows', { exact: true }).first()\n",
    pass: false,
    actual: undefined,
    name: 'toBeVisible',
    expected: 'visible',
    log: [
      `  - Expect "toBeVisible" getByRole('table').first().getByText('rows', { exact: true }).first() with timeout 5000ms`,
      "  - waiting for getByRole('table').first().getByText('rows', { exact: true }).first()"
    ],
    timeout: 5000,
    ariaSnapshot: '- heading "ScDataTable" [level=1]\n' +
      '- paragraph: native table과 controlled 정렬/페이지/선택. 앱이 Query/Router/권한을 소유하며 cells는 SFC slot으로 작성한다.\n' +
      '- toolbar:\n' +
      '  - button "Reload story":\n' +
      '    - img\n' +
      '  - button "Zoom in":\n' +
      '    - img\n' +
      '  - button "Zoom out":\n' +
      '    - img\n' +
      '  - button "Reset zoom":\n' +
      '    - img\n' +
      '  - link "Open canvas in new tab":\n' +
      '    - /url: iframe.html?id=%EA%B3%B5%ED%86%B5-ui-scdatatable--client-sorting-and-selection\n' +
      '    - img\n' +
      '- main:\n' +
      '  - region "공통 표 예제":\n' +
      '    - status: 1개 선택\n' +
      '    - region "공통 표 자료 표 영역":\n' +
      '      - table "공통 표 자료":\n' +
      '        - caption: 공통 표 자료\n' +
      '        - rowgroup:\n' +
      `          - 'row "현재 조회된 선택 가능한 행 모두 선택 제목 금액: 오름차순 정렬 행 동작"':\n` +
      '            - columnheader "현재 조회된 선택 가능한 행 모두 선택":\n' +
      '              - checkbox "현재 조회된 선택 가능한 행 모두 선택"\n' +
      '            - columnheader "제목"\n' +
      `            - 'columnheader "금액: 오름차순 정렬"':\n` +
      `              - 'button "금액: 오름차순 정렬"': 금액\n` +
      '            - columnheader "행 동작"\n' +
      '        - rowgroup:\n' +
      '          - row "자료 0 선택 자료 0 0원 자료 0 열기":\n' +
      '            - cell "자료 0 선택":\n' +
      '              - checkbox "자료 0 선택"\n' +
      '            - cell "자료 0"\n' +
      '            - cell "0원":\n' +
      '              - strong: 0원\n' +
      '            - cell "자료 0 열기":\n' +
      '              - button "자료 0 열기": 열기\n' +
      '          - row "자료 1 선택 자료 1 1원 자료 1 열기":\n' +
      '            - cell "자료 1 선택":\n' +
      '              - checkbox "자료 1 선택"\n' +
      '            - cell "자료 1"\n' +
      '            - cell "1원":\n' +
      '              - strong: 1원\n' +
      '            - cell "자료 1 열기":\n' +
      '              - button "자료 1 열기": 열기\n' +
      '          - row "자료 2 선택 자료 2 2원 자료 2 열기":\n' +
      '            - cell "자료 2 선택":\n' +
      '              - checkbox "자료 2 선택" [disabled]\n' +
      '            - cell "자료 2"\n' +
      '            - cell "2원":\n' +
      '              - strong: 2원\n' +
      '            - cell "자료 2 열기":\n' +
      '              - button "자료 2 열기": 열기\n' +
      '          - row "자료 3 선택 자료 3 3원 자료 3 열기":\n' +
      '            - cell "자료 3 선택":\n' +
      '              - checkbox "자료 3 선택"\n' +
      '            - cell "자료 3"\n' +
      '            - cell "3원":\n' +
      '              - strong: 3원\n' +
      '            - cell "자료 3 열기":\n' +
      '              - button "자료 3 열기": 열기\n' +
      '          - row "자료 4 선택 자료 4 4원 자료 4 열기":\n' +
      '            - cell "자료 4 선택":\n' +
      '              - checkbox "자료 4 선택"\n' +
      '            - cell "자료 4"\n' +
      '            - cell "4원":\n' +
      '              - strong: 4원\n' +
      '            - cell "자료 4 열기":\n' +
      '              - button "자료 4 열기": 열기\n' +
      '          - row "자료 5 선택 자료 5 5원 자료 5 열기":\n' +
      '            - cell "자료 5 선택":\n' +
      '              - checkbox "자료 5 선택"\n' +
      '            - cell "자료 5"\n' +
      '            - cell "5원":\n' +
      '              - strong: 5원\n' +
      '            - cell "자료 5 열기":\n' +
      '              - button "자료 5 열기": 열기\n' +
      '          - row "자료 6 선택 자료 6 6원 자료 6 열기":\n' +
      '            - cell "자료 6 선택":\n' +
      '              - checkbox "자료 6 선택"\n' +
      '            - cell "자료 6"\n' +
      '            - cell "6원":\n' +
      '              - strong: 6원\n' +
      '            - cell "자료 6 열기":\n' +
      '              - button "자료 6 열기": 열기\n' +
      '          - row "자료 7 선택 자료 7 7원 자료 7 열기":\n' +
      '            - cell "자료 7 선택":\n' +
      '              - checkbox "자료 7 선택"\n' +
      '            - cell "자료 7"\n' +
      '            - cell "7원":\n' +
      '              - strong: 7원\n' +
      '            - cell "자료 7 열기":\n' +
      '              - button "자료 7 열기": 열기\n' +
      '          - row "자료 8 선택 자료 8 8원 자료 8 열기":\n' +
      '            - cell "자료 8 선택":\n' +
      '              - checkbox "자료 8 선택"\n' +
      '            - cell "자료 8"\n' +
      '            - cell "8원":\n' +
      '              - strong: 8원\n' +
      '            - cell "자료 8 열기":\n' +
      '              - button "자료 8 열기": 열기\n' +
      '          - row "자료 9 선택 자료 9 9원 자료 9 열기":\n' +
      '            - cell "자료 9 선택":\n' +
      '              - checkbox "자료 9 선택"\n' +
      '            - cell "자료 9"\n' +
      '            - cell "9원":\n' +
      '              - strong: 9원\n' +
      '            - cell "자료 9 열기":\n' +
      '              - button "자료 9 열기": 열기\n' +
      '    - navigation "공통 표 자료 일반 페이지 표 보기":\n' +
      '      - button "이전 페이지" [disabled]\n' +
      '      - text: 1 / 5 페이지 · 45건\n' +
      '      - button "다음 페이지"\n' +
      '    - status "선택 ID": outside-page\n' +
      '- switch "Show code":\n' +
      '  - img\n' +
      '  - text: Show code\n' +
      '- button "Copy code":\n' +
      '  - img\n' +
      '  - text: Copy code\n' +
      '- button "Reset controls":\n' +
      '  - img\n' +
      '- table:\n' +
      '  - rowgroup:\n' +
      '    - row "Name Description Default Control":\n' +
      '      - columnheader "Name"\n' +
      '      - columnheader "Description"\n' +
      '      - columnheader "Default"\n' +
      '      - columnheader "Control"\n' +
      '  - rowgroup:\n' +
      '    - row "Hide props items props Hide props items":\n' +
      '      - cell "Hide props items props":\n' +
      '        - button "Hide props items"\n' +
      '        - img\n' +
      '        - text: props\n' +
      '      - cell "Hide props items":\n' +
      '        - button "Hide props items"\n' +
      '    - row "selectedKeys readonly string[] [] Edit selectedKeys as JSON selectedKeys :":\n' +
      '      - cell "selectedKeys"\n' +
      '      - cell "readonly string[]"\n' +
      '      - cell "[]"\n' +
      '      - cell "Edit selectedKeys as JSON selectedKeys :":\n' +
      '        - switch "Edit selectedKeys as JSON":\n' +
      '          - img\n' +
      '        - listitem:\n' +
      '          - button "selectedKeys :" [expanded]\n' +
      '          - group "selectedKeys :":\n' +
      '            - text: "["\n' +
      `            - button "add a new item to the 'selectedKeys' array":\n` +
      '              - img\n' +
      '            - list:\n' +
      '              - listitem:\n' +
      '                - text: "0 : \\"outside-page\\""\n' +
      `                - button "remove the property '0' with value 'outside-page' from 'selectedKeys'":\n` +
      '                  - img\n' +
      '            - text: "]"\n' +
      `            - button "remove the array 'selectedKeys'":\n` +
      '              - img\n' +
      '    - row "sorting ScTableSort null null Set object":\n' +
      '      - cell "sorting"\n' +
      '      - cell "ScTableSort null"\n' +
      '      - cell "null"\n' +
      '      - cell "Set object":\n' +
      '        - button "Set object"\n' +
      '    - row "pagination ScTablePagination - Edit pagination as JSON pagination :":\n' +
      '      - cell "pagination"\n' +
      '      - cell "ScTablePagination"\n' +
      '      - cell "-"\n' +
      '      - cell "Edit pagination as JSON pagination :":\n' +
      '        - switch "Edit pagination as JSON":\n' +
      '          - img\n' +
      '        - button "pagination :" [expanded]\n' +
      '        - group "pagination :":\n' +
      '          - text: "{"\n' +
      `          - button "add a new property to the object 'pagination'":\n` +
      '            - img\n' +
      '          - list:\n' +
      '            - listitem:\n' +
      '              - text: "pageIndex : 0"\n' +
      `              - button "remove the property 'pageIndex' with value '0' from 'undefined'":\n` +
      '                - img\n' +
      '            - listitem:\n' +
      '              - text: "pageSize : 10"\n' +
      `              - button "remove the property 'pageSize' with value '10' from 'undefined'":\n` +
      '                - img\n' +
      '            - listitem:\n' +
      '              - text: "total : 45"\n' +
      `              - button "remove the property 'total' with value '45' from 'undefined'":\n` +
      '                - img\n' +
      '          - text: "}"\n' +
      `          - button "remove the object 'pagination'":\n` +
      '            - img\n' +
      '    - row "rows* readonly object[] - Set object":\n' +
      '      - cell "rows*"\n' +
      '      - cell "readonly object[]"\n' +
      '      - cell "-"\n' +
      '      - cell "Set object":\n' +
      '        - button "Set object"\n' +
      '    - row "columns* readonly ScTableColumn<object>[] - Set object":\n' +
      '      - cell "columns*"\n' +
      '      - cell "readonly ScTableColumn<object>[]"\n' +
      '      - cell "-"\n' +
      '      - cell "Set object":\n' +
      '        - button "Set object"\n' +
      '    - row "caption* string - Set string":\n' +
      '      - cell "caption*"\n' +
      '      - cell "string"\n' +
      '      - cell "-"\n' +
      '      - cell "Set string":\n' +
      '        - button "Set string"\n' +
      `    - 'row "getRowKey* 빈 문자열·중복·배열 index를 사용하지 않는 지속적인 업무 ID. (row: object) => string - Set object"':\n` +
      '      - cell "getRowKey*"\n' +
      `      - 'cell "빈 문자열·중복·배열 index를 사용하지 않는 지속적인 업무 ID. (row: object) => string"'\n` +
      '      - cell "-"\n' +
      '      - cell "Set object":\n' +
      '        - button "Set object"\n' +
      `    - 'row "getRowLabel ((row: object) => string) - Set object"':\n` +
      '      - cell "getRowLabel"\n' +
      `      - 'cell "((row: object) => string)"'\n` +
      '      - cell "-"\n' +
      '      - cell "Set object":\n' +
      '        - button "Set object"\n' +
      '    - row "dataMode \\"client\\" \\"server\\" \\"client\\" dataMode":\n' +
      '      - cell "dataMode"\n' +
      '      - cell "\\"client\\" \\"server\\""\n' +
      '      - cell "\\"client\\""\n' +
      '      - cell "dataMode":\n' +
      '        - group "dataMode":\n' +
      '          - text: dataMode\n' +
      '          - radio "client"\n' +
      '          - text: client\n' +
      '          - radio "server"\n' +
      '          - text: server\n' +
      '    - row "selectionMode ScTableSelectionMode \\"none\\" selectionMode":\n' +
      '      - cell "selectionMode"\n' +
      '      - cell "ScTableSelectionMode"\n' +
      '      - cell "\\"none\\""\n' +
      '      - cell "selectionMode":\n' +
      '        - group "selectionMode":\n' +
      '          - text: selectionMode\n' +
      '          - radio "none"\n' +
      '          - text: none\n' +
      '          - radio "single"\n' +
      '          - text: single\n' +
      '          - radio "multiple"\n' +
      '          - text: multiple\n' +
      `    - 'row "isRowSelectable ((row: object) => boolean) - Set object"':\n` +
      '      - cell "isRowSelectable"\n' +
      `      - 'cell "((row: object) => boolean)"'\n` +
      '      - cell "-"\n' +
      '      - cell "Set object":\n' +
      '        - button "Set object"\n' +
      '    - row "loading boolean false Set boolean":\n' +
      '      - cell "loading"\n' +
      '      - cell "boolean"\n' +
      '      - cell "false"\n' +
      '      - cell "Set boolean":\n' +
      '        - button "Set boolean"\n' +
      '    - row "error string - Set string":\n' +
      '      - cell "error"\n' +
      '      - cell "string"\n' +
      '      - cell "-"\n' +
      '      - cell "Set string":\n' +
      '        - button "Set string"\n' +
      '    - row "labels locale의 원본은 앱이다. 공통 UI는 한국어 기본 메시지를 제공한다. Partial<ScTableLabels> - Set object":\n' +
      '      - cell "labels"\n' +
      '      - cell "locale의 원본은 앱이다. 공통 UI는 한국어 기본 메시지를 제공한다. Partial<ScTableLabels>"\n' +
      '      - cell "-"\n' +
      '      - cell "Set object":\n' +
      '        - button "Set object"\n' +
      '    - row "Hide events items events Hide events items":\n' +
      '      - cell "Hide events items events":\n' +
      '        - button "Hide events items"\n' +
      '        - img\n' +
      '        - text: events\n' +
      '      - cell "Hide events items":\n' +
      '        - button "Hide events items"\n' +
      '    - row "retry [] - -":\n' +
      '      - cell "retry"\n' +
      '      - cell "[]"\n' +
      '      - cell "-"\n' +
      '      - cell "-"\n' +
      `    - 'row "change-sort [sorting: ScTableSort | null] - -"':\n` +
      '      - cell "change-sort"\n' +
      `      - 'cell "[sorting: ScTableSort | null]"'\n` +
      '      - cell "-"\n' +
      '      - cell "-"\n' +
      `    - 'row "change-pagination [pagination: ScTablePagination] - -"':\n` +
      '      - cell "change-pagination"\n' +
      `      - 'cell "[pagination: ScTablePagination]"'\n` +
      '      - cell "-"\n' +
      '      - cell "-"\n' +
      `    - 'row "update:selectedKeys [keys: string[]] - -"':\n` +
      '      - cell "update:selectedKeys"\n' +
      `      - 'cell "[keys: string[]]"'\n` +
      '      - cell "-"\n' +
      '      - cell "-"\n' +
      '    - row "Hide slots items slots Hide slots items":\n' +
      '      - cell "Hide slots items slots":\n' +
      '        - button "Hide slots items"\n' +
      '        - img\n' +
      '        - text: slots\n' +
      '      - cell "Hide slots items":\n' +
      '        - button "Hide slots items"\n' +
      '    - row "cell ScTableCellSlot<'... 14773 more characters
  }
}

Node.js v24.16.0
