node:internal/modules/run_main:107
    triggerUncaughtException(
    ^

ExpectError: expect(received).toBeGreaterThan(expected)

Expected: > 0
Received:   0

Call Log:
- Timeout 5000ms exceeded while waiting on the predicate
    at captureRawStack (/Users/dk/Work/ScFramework/node_modules/playwright-core/lib/coreBundle.js:8588:17)
    at callMatcherAsStep (/Users/dk/Work/ScFramework/node_modules/playwright/lib/matchers/expect.js:13310:57)
    at Object.toBeGreaterThan (/Users/dk/Work/ScFramework/node_modules/playwright/lib/matchers/expect.js:13302:23)
    at jsonControl (/Users/dk/Work/ScFramework/scripts/verify-storybook.mjs:324:109)
    at async writeJson (/Users/dk/Work/ScFramework/scripts/verify-storybook.mjs:338:20)
    at async file:///Users/dk/Work/ScFramework/scripts/verify-storybook.mjs:515:19 {
  matcherResult: {
    pass: false,
    message: 'expect(received).toBeGreaterThan(expected)\n' +
      '\n' +
      'Expected: > 0\n' +
      'Received:   0\n' +
      '\n' +
      'Call Log:\n' +
      '- Timeout 5000ms exceeded while waiting on the predicate',
    name: 'toBeGreaterThan'
  }
}

Node.js v24.16.0
