│
▲  One or more extensionless imports detected: "../.storybook/main" in
│  file
│  "/Users/dk/Work/ScFramework/frontend/apps/catalog/.storybook-negative/main.ts".
│  For more information on how to resolve the issue:
│  https://storybook.js.org/docs/faq#extensionless-imports-in-st...

 RUN  v4.1.11 /Users/dk/Work/ScFramework/frontend/apps/catalog

stdout | unknown test
Documentation: https://mswjs.io/docs
stdout | unknown test
Found an issue? https://github.com/mswjs/msw/issues
stdout | unknown test
Worker script URL: http://localhost:63315/mockServiceWorker.js
stdout | unknown test
Worker scope: http://localhost:63315/
stdout | unknown test
Client ID: 3a150b2b-27ad-4909-9a58-6b81b4619ad1 (nested)
11:24:36 PM [vite] (client) [console.warn] [@vue/compiler-core] decodeEntities option is passed but will be ignored in non-browser builds.
stderr | negative/ScA11yFailure.stories.ts > 이름 없는 버튼
[@vue/compiler-core] decodeEntities option is passed but will be ignored in non-browser builds.
11:24:36 PM [vite] (client) [console.warn] [@vue/compiler-core] decodeEntities option is passed but will be ignored in non-browser builds.
stderr | negative/ScA11yFailure.stories.ts > 이름 없는 버튼
[@vue/compiler-core] decodeEntities option is passed but will be ignored in non-browser builds.
 × |storybook-a11y-negative (chromium)| negative/ScA11yFailure.stories.ts > 이름 없는 버튼 338ms
   → 
Click to debug the error directly in Storybook: http://localhost:6006/?path=/story/접근성-실패-게이트--unnamed-visible-button&addonPanel=storybook/interactions/panel

expect(received).toHaveNoViolations(expected)

Expected the HTML found at $('button[type="button"]') to have no violations:

<button type="button" data-sc-a11y-negative="unnamed-button" style="width: 48px; min-height: 48px; border: 1px solid var(--sc-color-control-border); background: var(--sc-color-surface); color: var(--sc-color-text);"><span aria-hidden="true">!</span></button>

Received:

"Buttons must have discernible text (button-name)"

Fix any of the following:
  Element does not have inner text that is visible to screen readers
  aria-label attribute does not exist or is empty
  aria-labelledby attribute does not exist, references elements that do not exist or references elements that are empty
  Element has no title attribute
  Element does not have an implicit (wrapped) <label>
  Element does not have an explicit <label>
  Element's default semantics were not overridden with role="none" or role="presentation"

You can find more information on this issue here: 
https://dequeuniversity.com/rules/axe/4.14/button-name?application=axeAPI

⎯⎯⎯⎯⎯⎯⎯ Failed Tests 1 ⎯⎯⎯⎯⎯⎯⎯

 FAIL  |storybook-a11y-negative (chromium)| negative/ScA11yFailure.stories.ts > 이름 없는 버튼
Error: 
Click to debug the error directly in Storybook: http://localhost:6006/?path=/story/접근성-실패-게이트--unnamed-visible-button&addonPanel=storybook/interactions/panel

expect(received).toHaveNoViolations(expected)

Expected the HTML found at $('button[type="button"]') to have no violations:

<button type="button" data-sc-a11y-negative="unnamed-button" style="width: 48px; min-height: 48px; border: 1px solid var(--sc-color-control-border); background: var(--sc-color-surface); color: var(--sc-color-text);"><span aria-hidden="true">!</span></button>

Received:

"Buttons must have discernible text (button-name)"

Fix any of the following:
  Element does not have inner text that is visible to screen readers
  aria-label attribute does not exist or is empty
  aria-labelledby attribute does not exist, references elements that do not exist or references elements that are empty
  Element has no title attribute
  Element does not have an implicit (wrapped) <label>
  Element does not have an explicit <label>
  Element's default semantics were not overridden with role="none" or role="presentation"

You can find more information on this issue here: 
https://dequeuniversity.com/rules/axe/4.14/button-name?application=axeAPI
 ❯ Proxy.expectWrapper ../../../node_modules/storybook/dist/test/index.js:15100:16
 ❯ Proxy.<anonymous> ../../../node_modules/storybook/dist/test/index.js:14620:17
 ❯ Proxy.methodWrapper ../../../node_modules/storybook/dist/test/index.js:9105:24
 ❯ Instrumenter.invoke ../../../node_modules/storybook/dist/instrumenter/index.js:322:22
 ❯ Instrumenter.intercept ../../../node_modules/storybook/dist/instrumenter/index.js:243:139
 ❯ Instrumenter.track ../../../node_modules/storybook/dist/instrumenter/index.js:238:378
 ❯ Proxy.toHaveNoViolations ../../../node_modules/storybook/dist/instrumenter/index.js:224:263
 ❯ afterEach ../../../node_modules/@storybook/addon-a11y/dist/_browser-chunks/chunk-2FVV6YOY.js:155:25
    153|             expect.extend({ toHaveNoViolations }), vitestMatchersExten…
    154|           }
    155|           expect(result).toHaveNoViolations();
       |                         ^
    156|         }
    157|       }
 ❯ Object.applyAfterEach ../../../node_modules/storybook/dist/_browser-chunks/chunk-SZQXB3JV.js:780:6
 ❯ runStory ../../../node_modules/storybook/dist/_browser-chunks/chunk-SZQXB3JV.js:1327:100

⎯⎯⎯⎯⎯⎯⎯⎯⎯⎯⎯⎯⎯⎯⎯⎯⎯⎯⎯⎯⎯⎯⎯⎯[1/1]⎯


 Test Files  1 failed (1)
      Tests  1 failed (1)
   Start at  23:24:34
   Duration  1.92s (transform 0ms, setup 915ms, import 13ms, tests 338ms, environment 0ms)

JSON report written to /var/folders/8k/rv4bxj0115g929lrxwybv_r80000gn/T/sc-a11y-gate-i2o5kd/vitest.json
