frontend/packages/date/package.json 6ms
frontend/packages/date/src/index.spec.ts 24ms
frontend/packages/date/src/index.ts 13ms
frontend/packages/date/tsconfig.json 1ms (unchanged)
frontend/apps/reference-app/src/auth/identity.ts 3ms
frontend/apps/reference-app/src/auth/identity.spec.ts 2ms
frontend/apps/reference-app/src/features/requirements/api.ts 5ms
frontend/apps/reference-app/src/features/requirements/messages.ts 3ms
frontend/apps/reference-app/src/features/requirements/permissions.spec.ts 3ms
frontend/apps/reference-app/src/features/requirements/permissions.ts 1ms
frontend/apps/reference-app/src/features/requirements/query.ts 2ms
frontend/apps/reference-app/src/features/requirements/RequirementComments.vue 29ms
frontend/apps/reference-app/src/features/requirements/RequirementForm.spec.ts 4ms
frontend/apps/reference-app/src/features/requirements/RequirementForm.vue 17ms
frontend/apps/reference-app/src/features/requirements/RequirementHistory.vue 6ms
frontend/apps/reference-app/src/features/requirements/RequirementsPage.vue 19ms
frontend/apps/reference-app/src/features/requirements/RequirementWorkspace.vue 41ms
frontend/apps/reference-app/src/features/requirements/ReviewForm.vue 18ms
frontend/apps/reference-app/src/features/requirements/schema.spec.ts 2ms
frontend/apps/reference-app/src/features/requirements/schema.ts 3ms
frontend/apps/reference-app/src/features/requirements/useDraftGuard.ts 2ms
frontend/apps/reference-app/src/main.ts 2ms
frontend/apps/reference-app/src/App.vue 8ms
frontend/apps/reference-app/src/localization.ts 2ms (unchanged)
frontend/apps/reference-app/package.json 1ms (unchanged)
frontend/apps/starter-app/src/features/patterns/DatePatterns.vue 8ms
frontend/apps/starter-app/src/features/patterns/PatternsPage.vue 1ms (unchanged)
frontend/apps/starter-app/src/localization.ts 2ms
frontend/apps/starter-app/package.json 0ms (unchanged)
frontend/apps/catalog/src/DateFormat.stories.ts 2ms
frontend/apps/catalog/src/fixtures/DateFormatStory.vue 3ms
frontend/apps/catalog/package.json 0ms (unchanged)
