
> sc-framework@0.1.0 verify
> npm run format:check && npm run lint && npm run api:check && npm run ui:contracts:check && npm run ui:boundaries:check && npm run visual:manifest:check && npm run typecheck && npm run test:unit && npm run build


> sc-framework@0.1.0 format:check
> prettier --check .

Checking formatting...
All matched files use Prettier code style!

> sc-framework@0.1.0 lint
> eslint frontend scripts --max-warnings 0


> sc-framework@0.1.0 api:check
> node scripts/openapi-types.mjs --check

neutral compatibility: OpenAPI 명세와 생성 타입 일치
reference: OpenAPI 명세와 생성 타입 일치
starter: OpenAPI 명세와 생성 타입 일치

> sc-framework@0.1.0 ui:contracts:check
> node scripts/ui-contracts.mjs --check

공개 UI 20개: imported props/events/slots/default 계약 일치

> sc-framework@0.1.0 ui:boundaries:check
> node scripts/check-ui-boundaries.mjs

공개 UI/소비 앱 경계: import 707개 확인

> sc-framework@0.1.0 visual:manifest:check
> node scripts/verify-visual-baselines.mjs --profile darwin-chromium

{"result":"verified","profile":"darwin-chromium","images":16,"platform":"darwin","browserVersion":"153.0.8010.12"}

> sc-framework@0.1.0 typecheck
> npm run typecheck --workspace @sc/date && npm run typecheck --workspace @sc/i18n && npm run typecheck --workspace @sc/excel && npm run typecheck --workspace @sc/ui && npm run typecheck --workspace @sc/runtime && npm run typecheck --workspace @sc/reference-app && npm run typecheck --workspace @sc/starter-app && npm run typecheck --workspace @sc/catalog && npm run typecheck:e2e


> @sc/date@0.1.0 typecheck
> tsc --noEmit -p tsconfig.json


> @sc/i18n@0.1.0 typecheck
> vue-tsc --noEmit -p tsconfig.json


> @sc/excel@0.1.0 typecheck
> vue-tsc --noEmit -p tsconfig.json


> @sc/ui@0.1.0 typecheck
> npm run tokens:check && vue-tsc --noEmit -p tsconfig.json


> @sc/ui@0.1.0 tokens:check
> node scripts/generate-tokens.mjs --check

Design token CSS matches tokens.ts.

> @sc/runtime@0.1.0 typecheck
> vue-tsc --noEmit -p tsconfig.json


> @sc/reference-app@0.1.0 typecheck
> vue-tsc --noEmit -p tsconfig.json


> @sc/starter-app@0.1.0 typecheck
> vue-tsc --noEmit -p tsconfig.json


> @sc/catalog@0.1.0 typecheck
> vue-tsc --noEmit -p tsconfig.json


> sc-framework@0.1.0 typecheck:e2e
> tsc --noEmit -p frontend/tsconfig.e2e.json


> sc-framework@0.1.0 test:unit
> vitest run --config vitest.config.ts


 RUN  v4.1.11 /Users/dk/Work/ScFramework


 Test Files  23 passed (23)
      Tests  108 passed (108)
   Start at  01:11:06
   Duration  2.13s (transform 11.44s, setup 0ms, import 17.20s, tests 796ms, environment 3.56s)


> sc-framework@0.1.0 build
> npm run build --workspace @sc/date && npm run build --workspace @sc/i18n && npm run build --workspace @sc/excel && npm run build --workspace @sc/ui && npm run build --workspace @sc/runtime && npm run build --workspace @sc/reference-app && npm run build --workspace @sc/starter-app


> @sc/date@0.1.0 build
> npm run typecheck


> @sc/date@0.1.0 typecheck
> tsc --noEmit -p tsconfig.json


> @sc/i18n@0.1.0 build
> npm run typecheck


> @sc/i18n@0.1.0 typecheck
> vue-tsc --noEmit -p tsconfig.json


> @sc/excel@0.1.0 build
> npm run typecheck


> @sc/excel@0.1.0 typecheck
> vue-tsc --noEmit -p tsconfig.json


> @sc/ui@0.1.0 build
> npm run typecheck


> @sc/ui@0.1.0 typecheck
> npm run tokens:check && vue-tsc --noEmit -p tsconfig.json


> @sc/ui@0.1.0 tokens:check
> node scripts/generate-tokens.mjs --check

Design token CSS matches tokens.ts.

> @sc/runtime@0.1.0 build
> npm run typecheck


> @sc/runtime@0.1.0 typecheck
> vue-tsc --noEmit -p tsconfig.json


> @sc/reference-app@0.1.0 build
> vue-tsc --noEmit -p tsconfig.json && vite build

vite v8.3.1 building client environment for production...
transforming...
✓ 1803 modules transformed.
rendering chunks...
computing gzip size...
dist/index.html                                    0.56 kB │ gzip:   0.33 kB
dist/assets/RequirementsPage-DHRt7bWb.css          0.83 kB │ gzip:   0.30 kB
dist/assets/RequirementWorkspace-dPY6yZ-e.css      1.09 kB │ gzip:   0.43 kB
dist/assets/ScTextArea-BgpqzF2n.css                3.10 kB │ gzip:   0.77 kB
dist/assets/PatternsPage-BF-wkgSB.css              8.06 kB │ gzip:   1.47 kB
dist/assets/ScSelect-BGJu9vpf.css                 37.29 kB │ gzip:   5.65 kB
dist/assets/vue-i18n-CWXBLfed.css                 58.41 kB │ gzip:   8.76 kB
dist/assets/index-CE1cfFJM.css                   217.11 kB │ gzip:  33.18 kB
dist/assets/RequirementsPage-BDwdLByv.js           4.86 kB │ gzip:   1.98 kB
dist/assets/ScTextArea-BFUyV3-Q.js                10.08 kB │ gzip:   3.57 kB
dist/assets/query-aLHnzLmq.js                     17.36 kB │ gzip:   6.66 kB
dist/assets/RequirementWorkspace-DkjkJ8_2.js      22.66 kB │ gzip:   6.44 kB
dist/assets/ScSelect-DamHq5M0.js                 127.92 kB │ gzip:  42.70 kB
dist/assets/index-jgB_HoR8.js                    248.02 kB │ gzip:  80.71 kB
dist/assets/vue-i18n-DmqYYGtx.js                 393.56 kB │ gzip: 138.95 kB
dist/assets/PatternsPage-Q5RQGyx6.js           1,934.55 kB │ gzip: 588.73 kB

✓ built in 481ms
[plugin builtin:vite-reporter] 
(!) Some chunks are larger than 500 kB after minification. Consider:
- Using dynamic import() to code-split the application
- Use build.rolldownOptions.output.codeSplitting to improve chunking: https://rolldown.rs/reference/OutputOptions.codeSplitting
- Adjust chunk size limit for this warning via build.chunkSizeWarningLimit.

> @sc/starter-app@0.1.0 build
> vue-tsc --noEmit -p tsconfig.json && vite build

vite v8.3.1 building client environment for production...
transforming...
✓ 1778 modules transformed.
rendering chunks...
computing gzip size...
dist/index.html                               0.49 kB │ gzip:   0.30 kB
dist/assets/PatternsPage-DtGcNS1v.css        53.73 kB │ gzip:   7.86 kB
dist/assets/index-Bv8SeL7s.css              269.22 kB │ gzip:  39.47 kB
dist/assets/rolldown-runtime-Dd_uD5pT.js      1.10 kB │ gzip:   0.62 kB
dist/assets/index-DSpjGeSH.js               456.56 kB │ gzip: 163.01 kB
dist/assets/PatternsPage-CyAlQ0Gx.js      2,257.28 kB │ gzip: 688.36 kB

✓ built in 472ms
[plugin builtin:vite-reporter] 
(!) Some chunks are larger than 500 kB after minification. Consider:
- Using dynamic import() to code-split the application
- Use build.rolldownOptions.output.codeSplitting to improve chunking: https://rolldown.rs/reference/OutputOptions.codeSplitting
- Adjust chunk size limit for this warning via build.chunkSizeWarningLimit.
