
> sc-framework@0.1.0 format
> prettier --write .

.github/workflows/verify.yml 12ms (unchanged)
.github/workflows/visual.yml 4ms (unchanged)
.prettierrc.json 6ms (unchanged)
AGENTS.md 17ms (unchanged)
compose.yaml 2ms (unchanged)
docs/api.md 13ms
docs/folder-structure.md 24ms
docs/maintenance-guide.md 47ms
docs/openapi-neutral.json 7ms (unchanged)
docs/openapi-starter.json 2ms (unchanged)
docs/openapi.json 10ms (unchanged)
docs/operations.md 6ms
docs/ui-contracts.json 9ms (unchanged)
docs/질의/001-프로젝트생성.md 8ms (unchanged)
docs/질의/002-디자인토큰.md 10ms (unchanged)
docs/질의/003-공통UI계약.md 5ms (unchanged)
docs/질의/004-Storybook.md 59ms (unchanged)
docs/질의/005-공통입력과화면패턴.md 25ms (unchanged)
docs/질의/005-입력폼계약.md 19ms (unchanged)
docs/질의/005-표가상화계약.md 16ms (unchanged)
docs/질의/005-확장모듈계약.md 23ms (unchanged)
docs/질의/006-기능접근성시각회귀.md 21ms (unchanged)
docs/질의/007-서버검증계획.md 28ms (unchanged)
docs/질의/007-서버설계.md 29ms (unchanged)
docs/질의/007-요구사항계약조사.md 22ms (unchanged)
docs/질의/007-요구사항파일럿.md 10ms (unchanged)
docs/질의/README.md 2ms (unchanged)
docs/질의/UI-공개계약.md 35ms (unchanged)
docs/질의/개발가이드.md 3ms (unchanged)
docs/질의/개발단계.md 4ms (unchanged)
docs/질의/기술스택-적용현황.md 6ms (unchanged)
docs/질의/디자인.md 7ms (unchanged)
docs/질의/조건부기술-전체구현.md 8ms (unchanged)
docs/질의/프레임워크.md 4ms (unchanged)
eslint.config.mjs 2ms (unchanged)
frontend/apps/catalog/.storybook-negative/main.ts 1ms (unchanged)
frontend/apps/catalog/.storybook-negative/preview.ts 1ms (unchanged)
frontend/apps/catalog/.storybook/main.ts 2ms (unchanged)
frontend/apps/catalog/.storybook/preview.ts 6ms (unchanged)
frontend/apps/catalog/negative/ScA11yFailure.stories.ts 2ms (unchanged)
frontend/apps/catalog/package.json 1ms (unchanged)
frontend/apps/catalog/src/ConnectedExamples.stories.ts 2ms (unchanged)
frontend/apps/catalog/src/DateFormat.stories.ts 3ms (unchanged)
frontend/apps/catalog/src/DesignTokens.stories.ts 2ms (unchanged)
frontend/apps/catalog/src/Excel.stories.ts 1ms (unchanged)
frontend/apps/catalog/src/fixtures/ConnectedExamplesStory.vue 6ms (unchanged)
frontend/apps/catalog/src/fixtures/DateFormatStory.vue 4ms (unchanged)
frontend/apps/catalog/src/fixtures/ScActionButtonStory.vue 2ms (unchanged)
frontend/apps/catalog/src/fixtures/ScActionFormStory.vue 4ms (unchanged)
frontend/apps/catalog/src/fixtures/ScAppShellStory.vue 8ms (unchanged)
frontend/apps/catalog/src/fixtures/ScChartComparisonStory.vue 3ms (unchanged)
frontend/apps/catalog/src/fixtures/ScChartStory.vue 5ms (unchanged)
frontend/apps/catalog/src/fixtures/ScCheckboxStory.vue 2ms (unchanged)
frontend/apps/catalog/src/fixtures/ScConfirmDialogStory.vue 5ms (unchanged)
frontend/apps/catalog/src/fixtures/ScDataTableStory.vue 10ms (unchanged)
frontend/apps/catalog/src/fixtures/ScDesignTokensStory.vue 19ms (unchanged)
frontend/apps/catalog/src/fixtures/ScExcelStory.vue 6ms (unchanged)
frontend/apps/catalog/src/fixtures/ScFormActionsStory.vue 5ms (unchanged)
frontend/apps/catalog/src/fixtures/ScI18nStory.vue 5ms (unchanged)
frontend/apps/catalog/src/fixtures/ScListDetailStory.vue 3ms (unchanged)
frontend/apps/catalog/src/fixtures/ScRichTextEditorStory.vue 4ms (unchanged)
frontend/apps/catalog/src/fixtures/ScSearchPanelStory.vue 2ms (unchanged)
frontend/apps/catalog/src/fixtures/ScSelectStory.vue 2ms (unchanged)
frontend/apps/catalog/src/fixtures/ScStoryFrame.vue 1ms (unchanged)
frontend/apps/catalog/src/fixtures/ScStoryLocale.vue 1ms (unchanged)
frontend/apps/catalog/src/fixtures/ScTableData.ts 3ms (unchanged)
frontend/apps/catalog/src/fixtures/ScTextAreaStory.vue 3ms (unchanged)
frontend/apps/catalog/src/fixtures/ScTextFieldStory.vue 2ms (unchanged)
frontend/apps/catalog/src/fixtures/ScVirtualListStory.vue 3ms (unchanged)
frontend/apps/catalog/src/fixtures/ScVirtualTableStory.vue 8ms (unchanged)
frontend/apps/catalog/src/fixtures/ValidatedFormStory.vue 5ms (unchanged)
frontend/apps/catalog/src/I18n.stories.ts 2ms (unchanged)
frontend/apps/catalog/src/ScActionButton.stories.ts 4ms (unchanged)
frontend/apps/catalog/src/ScAppShell.stories.ts 5ms (unchanged)
frontend/apps/catalog/src/ScChart.stories.ts 4ms (unchanged)
frontend/apps/catalog/src/ScCheckbox.stories.ts 2ms (unchanged)
frontend/apps/catalog/src/ScConfirmDialog.stories.ts 4ms (unchanged)
frontend/apps/catalog/src/ScDataTable.stories.ts 4ms (unchanged)
frontend/apps/catalog/src/ScEmptyState.stories.ts 1ms (unchanged)
frontend/apps/catalog/src/ScErrorPanel.stories.ts 1ms (unchanged)
frontend/apps/catalog/src/ScFormActions.stories.ts 3ms (unchanged)
frontend/apps/catalog/src/ScListDetailLayout.stories.ts 1ms (unchanged)
frontend/apps/catalog/src/ScLoadingState.stories.ts 1ms (unchanged)
frontend/apps/catalog/src/ScPageHeader.stories.ts 1ms (unchanged)
frontend/apps/catalog/src/ScRichTextEditor.stories.ts 3ms (unchanged)
frontend/apps/catalog/src/ScSearchPanel.stories.ts 1ms (unchanged)
frontend/apps/catalog/src/ScSectionCard.stories.ts 1ms (unchanged)
frontend/apps/catalog/src/ScSelect.stories.ts 3ms (unchanged)
frontend/apps/catalog/src/ScTextArea.stories.ts 2ms (unchanged)
frontend/apps/catalog/src/ScTextField.stories.ts 2ms (unchanged)
frontend/apps/catalog/src/ScVirtualList.stories.ts 2ms (unchanged)
frontend/apps/catalog/src/ScVirtualTable.stories.ts 5ms (unchanged)
frontend/apps/catalog/src/ValidatedForm.stories.ts 3ms (unchanged)
frontend/apps/catalog/tsconfig.docgen.json 0ms (unchanged)
frontend/apps/catalog/tsconfig.json 0ms (unchanged)
frontend/apps/catalog/vitest.config.ts 1ms (unchanged)
frontend/apps/catalog/vitest.negative.config.ts 1ms (unchanged)
frontend/apps/reference-app/index.html 1ms (unchanged)
frontend/apps/reference-app/package.json 0ms (unchanged)
frontend/apps/reference-app/src/App.vue 7ms (unchanged)
frontend/apps/reference-app/src/auth/identity.spec.ts 1ms (unchanged)
frontend/apps/reference-app/src/auth/identity.ts 2ms (unchanged)
frontend/apps/reference-app/src/features/auth/LoginPage.vue 4ms (unchanged)
frontend/apps/reference-app/src/features/examples/api.ts 1ms (unchanged)
frontend/apps/reference-app/src/features/examples/ExamplesPage.vue 17ms (unchanged)
frontend/apps/reference-app/src/features/examples/schema.spec.ts 1ms (unchanged)
frontend/apps/reference-app/src/features/examples/schema.ts 1ms (unchanged)
frontend/apps/reference-app/src/features/patterns/ExtensionPatterns.vue 15ms (unchanged)
frontend/apps/reference-app/src/features/patterns/PatternForm.vue 8ms (unchanged)
frontend/apps/reference-app/src/features/patterns/PatternsPage.vue 1ms (unchanged)
frontend/apps/reference-app/src/features/patterns/TablePatterns.vue 7ms (unchanged)
frontend/apps/reference-app/src/features/requirements/api.ts 2ms (unchanged)
frontend/apps/reference-app/src/features/requirements/messages.ts 2ms (unchanged)
frontend/apps/reference-app/src/features/requirements/permissions.spec.ts 2ms (unchanged)
frontend/apps/reference-app/src/features/requirements/permissions.ts 1ms (unchanged)
frontend/apps/reference-app/src/features/requirements/query.ts 1ms (unchanged)
frontend/apps/reference-app/src/features/requirements/RequirementComments.vue 6ms (unchanged)
frontend/apps/reference-app/src/features/requirements/RequirementForm.spec.ts 2ms (unchanged)
frontend/apps/reference-app/src/features/requirements/RequirementForm.vue 10ms (unchanged)
frontend/apps/reference-app/src/features/requirements/RequirementHistory.vue 4ms (unchanged)
frontend/apps/reference-app/src/features/requirements/RequirementsPage.vue 12ms (unchanged)
frontend/apps/reference-app/src/features/requirements/RequirementWorkspace.vue 29ms (unchanged)
frontend/apps/reference-app/src/features/requirements/ReviewForm.vue 9ms (unchanged)
frontend/apps/reference-app/src/features/requirements/schema.spec.ts 1ms (unchanged)
frontend/apps/reference-app/src/features/requirements/schema.ts 2ms (unchanged)
frontend/apps/reference-app/src/features/requirements/useDraftGuard.ts 1ms (unchanged)
frontend/apps/reference-app/src/localization.ts 1ms (unchanged)
frontend/apps/reference-app/src/main.ts 1ms (unchanged)
frontend/apps/reference-app/tsconfig.json 0ms (unchanged)
frontend/apps/reference-app/vite.config.ts 1ms (unchanged)
frontend/apps/starter-app/index.html 1ms (unchanged)
frontend/apps/starter-app/package.json 0ms (unchanged)
frontend/apps/starter-app/src/App.vue 4ms (unchanged)
frontend/apps/starter-app/src/config.ts 0ms (unchanged)
frontend/apps/starter-app/src/features/patterns/DatePatterns.vue 6ms (unchanged)
frontend/apps/starter-app/src/features/patterns/ExtensionPatterns.vue 16ms (unchanged)
frontend/apps/starter-app/src/features/patterns/PatternForm.vue 8ms (unchanged)
frontend/apps/starter-app/src/features/patterns/PatternsPage.vue 1ms (unchanged)
frontend/apps/starter-app/src/features/patterns/TablePatterns.vue 7ms (unchanged)
frontend/apps/starter-app/src/localization.ts 1ms (unchanged)
frontend/apps/starter-app/src/main.ts 1ms (unchanged)
frontend/apps/starter-app/src/StartPage.vue 3ms (unchanged)
frontend/apps/starter-app/tsconfig.json 0ms (unchanged)
frontend/apps/starter-app/vite.config.ts 1ms (unchanged)
frontend/e2e/accessibility.spec.ts 7ms (unchanged)
frontend/e2e/framework.spec.ts 8ms (unchanged)
frontend/e2e/layout.spec.ts 7ms (unchanged)
frontend/e2e/patterns.spec.ts 13ms (unchanged)
frontend/e2e/requirements-review.spec.ts 7ms (unchanged)
frontend/e2e/requirements.spec.ts 11ms (unchanged)
frontend/e2e/support/accessibility.ts 3ms (unchanged)
frontend/e2e/support/requirements.ts 3ms (unchanged)
frontend/e2e/visual.spec.ts 7ms (unchanged)
frontend/e2e/visual.spec.ts-snapshots/darwin-chromium/manifest.json 2ms (unchanged)
frontend/packages/date/package.json 0ms (unchanged)
frontend/packages/date/src/index.spec.ts 2ms (unchanged)
frontend/packages/date/src/index.ts 5ms (unchanged)
frontend/packages/date/tsconfig.json 0ms (unchanged)
frontend/packages/excel/package.json 0ms (unchanged)
frontend/packages/excel/src/index.spec.ts 2ms (unchanged)
frontend/packages/excel/src/index.ts 5ms (unchanged)
frontend/packages/excel/tsconfig.json 0ms (unchanged)
frontend/packages/i18n/package.json 0ms (unchanged)
frontend/packages/i18n/src/index.spec.ts 1ms (unchanged)
frontend/packages/i18n/src/index.ts 2ms (unchanged)
frontend/packages/i18n/src/messages.ts 1ms (unchanged)
frontend/packages/i18n/tsconfig.json 0ms (unchanged)
frontend/packages/runtime/package.json 0ms (unchanged)
frontend/packages/runtime/src/http.spec.ts 3ms (unchanged)
frontend/packages/runtime/src/http.ts 5ms (unchanged)
frontend/packages/runtime/src/index.ts 0ms (unchanged)
frontend/packages/runtime/src/runtime.spec.ts 4ms (unchanged)
frontend/packages/runtime/src/runtime.ts 4ms (unchanged)
frontend/packages/runtime/tsconfig.json 0ms (unchanged)
frontend/packages/ui/package.json 0ms (unchanged)
frontend/packages/ui/scripts/generate-tokens.mjs 3ms (unchanged)
frontend/packages/ui/src/charts/chart-model.spec.ts 1ms (unchanged)
frontend/packages/ui/src/charts/chart-model.ts 2ms (unchanged)
frontend/packages/ui/src/charts/contracts.ts 1ms (unchanged)
frontend/packages/ui/src/charts/index.ts 0ms (unchanged)
frontend/packages/ui/src/charts/ScChart.vue 9ms (unchanged)
frontend/packages/ui/src/contracts.ts 3ms (unchanged)
frontend/packages/ui/src/editor/contracts.ts 1ms (unchanged)
frontend/packages/ui/src/editor/document.spec.ts 2ms (unchanged)
frontend/packages/ui/src/editor/document.ts 5ms (unchanged)
frontend/packages/ui/src/editor/index.ts 0ms (unchanged)
frontend/packages/ui/src/editor/ScRichTextEditor.spec.ts 4ms (unchanged)
frontend/packages/ui/src/editor/ScRichTextEditor.vue 13ms (unchanged)
frontend/packages/ui/src/forms/form-contracts.ts 1ms (unchanged)
frontend/packages/ui/src/forms/index.ts 0ms (unchanged)
frontend/packages/ui/src/forms/ScConfirmDialog.spec.ts 4ms (unchanged)
frontend/packages/ui/src/forms/ScConfirmDialog.vue 9ms (unchanged)
frontend/packages/ui/src/forms/ScFormActions.spec.ts 3ms (unchanged)
frontend/packages/ui/src/forms/ScFormActions.vue 4ms (unchanged)
frontend/packages/ui/src/index.ts 1ms (unchanged)
frontend/packages/ui/src/inputs/_input.scss 1ms (unchanged)
frontend/packages/ui/src/inputs/index.ts 0ms (unchanged)
frontend/packages/ui/src/inputs/input-accessibility.ts 2ms (unchanged)
frontend/packages/ui/src/inputs/input-contracts.ts 2ms (unchanged)
frontend/packages/ui/src/inputs/ScCheckbox.vue 6ms (unchanged)
frontend/packages/ui/src/inputs/ScInputs.spec.ts 6ms (unchanged)
frontend/packages/ui/src/inputs/ScSelect.vue 6ms (unchanged)
frontend/packages/ui/src/inputs/ScTextArea.vue 6ms (unchanged)
frontend/packages/ui/src/layout/index.ts 0ms (unchanged)
frontend/packages/ui/src/layout/ScAppShell.spec.ts 3ms (unchanged)
frontend/packages/ui/src/layout/ScAppShell.vue 17ms (unchanged)
frontend/packages/ui/src/layout/ScShellNavigation.spec.ts 2ms (unchanged)
frontend/packages/ui/src/layout/ScShellNavigation.vue 5ms (unchanged)
frontend/packages/ui/src/layout/types.ts 1ms (unchanged)
frontend/packages/ui/src/patterns/contracts.ts 1ms (unchanged)
frontend/packages/ui/src/patterns/index.ts 0ms (unchanged)
frontend/packages/ui/src/patterns/ScEmptyState.vue 2ms (unchanged)
frontend/packages/ui/src/patterns/ScErrorPanel.vue 3ms (unchanged)
frontend/packages/ui/src/patterns/ScListDetailLayout.vue 4ms (unchanged)
frontend/packages/ui/src/patterns/ScLoadingState.vue 2ms (unchanged)
frontend/packages/ui/src/patterns/ScPageHeader.vue 3ms (unchanged)
frontend/packages/ui/src/patterns/ScSearchPanel.vue 4ms (unchanged)
frontend/packages/ui/src/patterns/ScSectionCard.vue 3ms (unchanged)
frontend/packages/ui/src/ScActionButton.spec.ts 3ms (unchanged)
frontend/packages/ui/src/ScActionButton.vue 4ms (unchanged)
frontend/packages/ui/src/ScTextField.spec.ts 4ms (unchanged)
frontend/packages/ui/src/ScTextField.vue 7ms (unchanged)
frontend/packages/ui/src/styles.scss 3ms (unchanged)
frontend/packages/ui/src/table/contracts.ts 3ms (unchanged)
frontend/packages/ui/src/table/index.ts 0ms (unchanged)
frontend/packages/ui/src/table/labels.ts 1ms (unchanged)
frontend/packages/ui/src/table/model.ts 3ms (unchanged)
frontend/packages/ui/src/table/ScDataTable.spec.ts 6ms (unchanged)
frontend/packages/ui/src/table/ScDataTable.vue 15ms (unchanged)
frontend/packages/ui/src/table/ScVirtualList.vue 10ms (unchanged)
frontend/packages/ui/src/table/ScVirtualTable.vue 24ms (unchanged)
frontend/packages/ui/src/table/table.scss 3ms (unchanged)
frontend/packages/ui/src/table/useVirtualRows.ts 5ms (unchanged)
frontend/packages/ui/src/theme.spec.ts 2ms (unchanged)
frontend/packages/ui/src/theme.ts 2ms (unchanged)
frontend/packages/ui/src/tokens.scss 2ms (unchanged)
frontend/packages/ui/src/tokens.spec.ts 2ms (unchanged)
frontend/packages/ui/src/tokens.ts 1ms (unchanged)
frontend/packages/ui/tsconfig.json 0ms (unchanged)
frontend/playwright.config.ts 1ms (unchanged)
frontend/tsconfig.e2e.json 0ms (unchanged)
package.json 0ms (unchanged)
README.md 4ms (unchanged)
scripts/check-ui-boundaries.mjs 5ms (unchanged)
scripts/openapi-types.mjs 1ms (unchanged)
scripts/ui-contracts.mjs 3ms (unchanged)
scripts/verify-a11y-gate.mjs 3ms (unchanged)
scripts/verify-framework-gates.mjs 6ms (unchanged)
scripts/verify-starter-features.mjs 3ms (unchanged)
scripts/verify-storybook.mjs 13ms (unchanged)
scripts/verify-visual-baselines.mjs 4ms (unchanged)
tsconfig.base.json 0ms (unchanged)
vitest.config.ts 1ms (unchanged)
