
> @sc/runtime@0.1.0 typecheck
> vue-tsc --noEmit -p tsconfig.json

src/runtime.ts(66,15): error TS2339: Property 'identity' does not exist on type '_StoreWithState<"sc-session", Pick<{ identity: Ref<any, any> extends TIdentity | null ? ShallowRef<null, null> | (TIdentity extends TIdentity & Ref<...> ? IfAny<...> : ShallowRef<...>) : ShallowRef<...>; }, keyof { [K in keyof { ...; } as { ...; }[K] extends _Method | ComputedRef<...> ? never : K]: any; }>, Pick<......'.
  Property 'identity' does not exist on type '_StoreWithState<"sc-session", Pick<{ identity: Ref<any, any> extends TIdentity | null ? ShallowRef<null, null> | (TIdentity extends TIdentity & Ref<...> ? IfAny<...> : ShallowRef<...>) : ShallowRef<...>; }, keyof { [K in keyof { ...; } as { ...; }[K] extends _Method | ComputedRef<...> ? never : K]: any; }>, Pick<......'.
src/runtime.ts(100,13): error TS2339: Property 'identity' does not exist on type '_StoreWithState<"sc-session", Pick<{ identity: Ref<any, any> extends TIdentity | null ? ShallowRef<null, null> | (TIdentity extends TIdentity & Ref<...> ? IfAny<...> : ShallowRef<...>) : ShallowRef<...>; }, keyof { [K in keyof { ...; } as { ...; }[K] extends _Method | ComputedRef<...> ? never : K]: any; }>, Pick<......'.
  Property 'identity' does not exist on type '_StoreWithState<"sc-session", Pick<{ identity: Ref<any, any> extends TIdentity | null ? ShallowRef<null, null> | (TIdentity extends TIdentity & Ref<...> ? IfAny<...> : ShallowRef<...>) : ShallowRef<...>; }, keyof { [K in keyof { ...; } as { ...; }[K] extends _Method | ComputedRef<...> ? never : K]: any; }>, Pick<......'.
src/runtime.ts(131,31): error TS2345: Argument of type '{ pinia: Pinia; session: Store<"sc-session", Pick<{ identity: Ref<any, any> extends TIdentity | null ? ShallowRef<null, null> | (TIdentity extends TIdentity & Ref<...> ? IfAny<...> : ShallowRef<...>) : ShallowRef<...>; }, keyof { [K in keyof { ...; } as { ...; }[K] extends _Method | ComputedRef<...> ? never : K]: an...' is not assignable to parameter of type '{ pinia: Pinia; session: Store<"sc-session", Pick<{ identity: ShallowRef<Identity | null, Identity | null>; }, "identity">, Pick<{ identity: ShallowRef<...>; }, never>, Pick<...>>; ... 6 more ...; install(app: App<...>): void; }'.
  Types of property 'session' are incompatible.
    Type 'Store<"sc-session", Pick<{ identity: Ref<any, any> extends TIdentity | null ? ShallowRef<null, null> | (TIdentity extends TIdentity & Ref<...> ? IfAny<...> : ShallowRef<...>) : ShallowRef<...>; }, keyof { [K in keyof { ...; } as { ...; }[K] extends _Method | ComputedRef<...> ? never : K]: any; }>, Pick<...>, Pick<.....' is not assignable to type 'Store<"sc-session", Pick<{ identity: ShallowRef<Identity | null, Identity | null>; }, "identity">, Pick<{ identity: ShallowRef<Identity | null, Identity | null>; }, never>, Pick<...>>'.
      Type 'Store<"sc-session", Pick<{ identity: Ref<any, any> extends TIdentity | null ? ShallowRef<null, null> | (TIdentity extends TIdentity & Ref<...> ? IfAny<...> : ShallowRef<...>) : ShallowRef<...>; }, keyof { [K in keyof { ...; } as { ...; }[K] extends _Method | ComputedRef<...> ? never : K]: any; }>, Pick<...>, Pick<.....' is not assignable to type '_StoreWithState<"sc-session", Pick<{ identity: ShallowRef<Identity | null, Identity | null>; }, "identity">, Pick<{ identity: ShallowRef<Identity | null, Identity | null>; }, never>, Pick<...>>'.
src/runtime.ts(146,10): error TS2352: Conversion of type '{ pinia: Pinia; session: Store<"sc-session", Pick<{ identity: ShallowRef<Identity | null, Identity | null>; }, "identity">, Pick<{ identity: ShallowRef<...>; }, never>, Pick<...>>; ... 6 more ...; install(app: App<...>): void; }' to type '{ pinia: Pinia; session: Store<"sc-session", Pick<{ identity: Ref<any, any> extends TIdentity | null ? ShallowRef<null, null> | (TIdentity extends TIdentity & Ref<...> ? IfAny<...> : ShallowRef<...>) : ShallowRef<...>; }, keyof { [K in keyof { ...; } as { ...; }[K] extends _Method | ComputedRef<...> ? never : K]: an...' may be a mistake because neither type sufficiently overlaps with the other. If this was intentional, convert the expression to 'unknown' first.
  Types of property 'session' are incompatible.
    Type 'Store<"sc-session", Pick<{ identity: ShallowRef<Identity | null, Identity | null>; }, "identity">, Pick<{ identity: ShallowRef<Identity | null, Identity | null>; }, never>, Pick<...>>' is not comparable to type 'Store<"sc-session", Pick<{ identity: Ref<any, any> extends TIdentity | null ? ShallowRef<null, null> | (TIdentity extends TIdentity & Ref<...> ? IfAny<...> : ShallowRef<...>) : ShallowRef<...>; }, keyof { [K in keyof { ...; } as { ...; }[K] extends _Method | ComputedRef<...> ? never : K]: any; }>, Pick<...>, Pick<.....'.
      Type 'Store<"sc-session", Pick<{ identity: ShallowRef<Identity | null, Identity | null>; }, "identity">, Pick<{ identity: ShallowRef<Identity | null, Identity | null>; }, never>, Pick<...>>' is not comparable to type '_StoreWithState<"sc-session", Pick<{ identity: Ref<any, any> extends TIdentity | null ? ShallowRef<null, null> | (TIdentity extends TIdentity & Ref<...> ? IfAny<...> : ShallowRef<...>) : ShallowRef<...>; }, keyof { [K in keyof { ...; } as { ...; }[K] extends _Method | ComputedRef<...> ? never : K]: any; }>, Pick<......'.
        Types of property '$state' are incompatible.
          Type '{ identity: Identity | null; } & PiniaCustomStateProperties<Pick<{ identity: ShallowRef<Identity | null, Identity | null>; }, "identity">>' is not comparable to type 'UnwrapRef<Pick<{ identity: Ref<any, any> extends TIdentity | null ? ShallowRef<null, null> | (TIdentity extends TIdentity & Ref<...> ? IfAny<...> : ShallowRef<...>) : ShallowRef<...>; }, keyof { [K in keyof { ...; } as { ...; }[K] extends _Method | ComputedRef<...> ? never : K]: any; }>> & PiniaCustomStateProperties...'.
            Type '{ identity: Identity | null; } & PiniaCustomStateProperties<Pick<{ identity: ShallowRef<Identity | null, Identity | null>; }, "identity">>' is not comparable to type 'UnwrapRef<Pick<{ identity: Ref<any, any> extends TIdentity | null ? ShallowRef<null, null> | (TIdentity extends TIdentity & Ref<...> ? IfAny<...> : ShallowRef<...>) : ShallowRef<...>; }, keyof { [K in keyof { ...; } as { ...; }[K] extends _Method | ComputedRef<...> ? never : K]: any; }>>'.
npm error Lifecycle script `typecheck` failed with error:
npm error code 2
npm error path /Users/dk/Work/ScFramework/frontend/packages/runtime
npm error workspace @sc/runtime@0.1.0
npm error location /Users/dk/Work/ScFramework/frontend/packages/runtime
npm error command failed
npm error command sh -c vue-tsc --noEmit -p tsconfig.json
