COMMAND bash -c 'set -e; source "$1"; shift; exec "$@"' sc-java-processors /Users/dk/Work/ScFramework/scripts/java-env.sh /Users/dk/Work/ScFramework/backend/mvnw -B -ntp -V -Dstyle.color=never -DskipTests=false -Dmaven.test.skip=false -f /var/folders/8k/rv4bxj0115g929lrxwybv_r80000gn/T/sc-java-processors-008-493vgxwj/negative/pom.xml clean verify
EXIT 1
TIMEOUT false
INTERRUPTED false

--- stdout ---
Apache Maven 3.9.16 (2bdd9fddda4b155ebf8000e807eb73fd829a51d5)
Maven home: /Users/dk/.m2/wrapper/dists/apache-maven-3.9.16/56ba1f9f
Java version: 21.0.11, vendor: Eclipse Adoptium, runtime: /Library/Java/JavaVirtualMachines/temurin-21.jdk/Contents/Home
Default locale: ko_KR, platform encoding: UTF-8
OS name: "mac os x", version: "26.6.2", arch: "aarch64", family: "mac"
[INFO] Scanning for projects...
[INFO] 
[INFO] --------------< dev.scframework:java-processors-fixture >---------------
[INFO] Building Isolated Java processors fixture 0.1.0-SNAPSHOT
[INFO]   from pom.xml
[INFO] --------------------------------[ jar ]---------------------------------
[INFO] 
[INFO] --- clean:3.4.1:clean (default-clean) @ java-processors-fixture ---
[INFO] 
[INFO] --- resources:3.3.1:resources (default-resources) @ java-processors-fixture ---
[INFO] skip non existing resourceDirectory /var/folders/8k/rv4bxj0115g929lrxwybv_r80000gn/T/sc-java-processors-008-493vgxwj/negative/src/main/resources
[INFO] skip non existing resourceDirectory /var/folders/8k/rv4bxj0115g929lrxwybv_r80000gn/T/sc-java-processors-008-493vgxwj/negative/src/main/resources
[INFO] 
[INFO] --- compiler:3.14.1:compile (default-compile) @ java-processors-fixture ---
[INFO] Recompiling the module because of changed source code.
[INFO] Compiling 4 source files with javac [debug parameters release 21] to target/classes
[INFO] -------------------------------------------------------------
[ERROR] COMPILATION ERROR : 
[INFO] -------------------------------------------------------------
[ERROR] /var/folders/8k/rv4bxj0115g929lrxwybv_r80000gn/T/sc-java-processors-008-493vgxwj/negative/src/main/java/dev/scframework/processorfixture/ProcessorMapper.java:[11,18] Unmapped target property: "requiredField".
[INFO] 1 error
[INFO] -------------------------------------------------------------
[INFO] ------------------------------------------------------------------------
[INFO] BUILD FAILURE
[INFO] ------------------------------------------------------------------------
[INFO] Total time:  0.750 s
[INFO] Finished at: 2026-10-07T01:23:39+09:00
[INFO] ------------------------------------------------------------------------
[ERROR] Failed to execute goal org.apache.maven.plugins:maven-compiler-plugin:3.14.1:compile (default-compile) on project java-processors-fixture: Compilation failure
[ERROR] /var/folders/8k/rv4bxj0115g929lrxwybv_r80000gn/T/sc-java-processors-008-493vgxwj/negative/src/main/java/dev/scframework/processorfixture/ProcessorMapper.java:[11,18] Unmapped target property: "requiredField".
[ERROR] -> [Help 1]
[ERROR] 
[ERROR] To see the full stack trace of the errors, re-run Maven with the -e switch.
[ERROR] Re-run Maven using the -X switch to enable full debug logging.
[ERROR] 
[ERROR] For more information about the errors and possible solutions, please read the following articles:
[ERROR] [Help 1] http://cwiki.apache.org/confluence/display/MAVEN/MojoFailureException

--- stderr ---
