COMMAND bash -c 'set -e; source "$1"; shift; exec "$@"' sc-java-processors /Users/dk/Work/ScFramework/scripts/java-env.sh /Users/dk/Work/ScFramework/backend/mvnw -B -ntp -V -Dstyle.color=never -DskipTests=false -Dmaven.test.skip=false -f /var/folders/8k/rv4bxj0115g929lrxwybv_r80000gn/T/sc-java-processors-008-493vgxwj/positive/pom.xml clean verify
EXIT 0
TIMEOUT false
INTERRUPTED false

--- stdout ---
Apache Maven 3.9.16 (2bdd9fddda4b155ebf8000e807eb73fd829a51d5)
Maven home: /Users/dk/.m2/wrapper/dists/apache-maven-3.9.16/56ba1f9f
Java version: 21.0.11, vendor: Eclipse Adoptium, runtime: /Library/Java/JavaVirtualMachines/temurin-21.jdk/Contents/Home
Default locale: ko_KR, platform encoding: UTF-8
OS name: "mac os x", version: "26.6.2", arch: "aarch64", family: "mac"
[INFO] Scanning for projects...
[INFO] 
[INFO] --------------< dev.scframework:java-processors-fixture >---------------
[INFO] Building Isolated Java processors fixture 0.1.0-SNAPSHOT
[INFO]   from pom.xml
[INFO] --------------------------------[ jar ]---------------------------------
[INFO] 
[INFO] --- clean:3.4.1:clean (default-clean) @ java-processors-fixture ---
[INFO] 
[INFO] --- resources:3.3.1:resources (default-resources) @ java-processors-fixture ---
[INFO] skip non existing resourceDirectory /var/folders/8k/rv4bxj0115g929lrxwybv_r80000gn/T/sc-java-processors-008-493vgxwj/positive/src/main/resources
[INFO] skip non existing resourceDirectory /var/folders/8k/rv4bxj0115g929lrxwybv_r80000gn/T/sc-java-processors-008-493vgxwj/positive/src/main/resources
[INFO] 
[INFO] --- compiler:3.14.1:compile (default-compile) @ java-processors-fixture ---
[INFO] Recompiling the module because of changed source code.
[INFO] Compiling 4 source files with javac [debug parameters release 21] to target/classes
[INFO] 
[INFO] --- resources:3.3.1:testResources (default-testResources) @ java-processors-fixture ---
[INFO] skip non existing resourceDirectory /var/folders/8k/rv4bxj0115g929lrxwybv_r80000gn/T/sc-java-processors-008-493vgxwj/positive/src/test/resources
[INFO] 
[INFO] --- compiler:3.14.1:testCompile (default-testCompile) @ java-processors-fixture ---
[INFO] Recompiling the module because of changed dependency.
[INFO] Compiling 1 source file with javac [debug parameters release 21] to target/test-classes
[INFO] 
[INFO] --- surefire:3.5.6:test (default-test) @ java-processors-fixture ---
[INFO] Using auto detected provider org.apache.maven.surefire.junitplatform.JUnitPlatformProvider
[INFO] 
[INFO] -------------------------------------------------------
[INFO]  T E S T S
[INFO] -------------------------------------------------------
[INFO] Running dev.scframework.processorfixture.ProcessorFixtureTest
[INFO] Tests run: 2, Failures: 0, Errors: 0, Skipped: 0, Time elapsed: 0.029 s -- in dev.scframework.processorfixture.ProcessorFixtureTest
[INFO] 
[INFO] Results:
[INFO] 
[INFO] Tests run: 2, Failures: 0, Errors: 0, Skipped: 0
[INFO] 
[INFO] 
[INFO] --- jar:3.4.2:jar (default-jar) @ java-processors-fixture ---
[INFO] Building jar: /var/folders/8k/rv4bxj0115g929lrxwybv_r80000gn/T/sc-java-processors-008-493vgxwj/positive/target/java-processors-fixture-0.1.0-SNAPSHOT.jar
[INFO] ------------------------------------------------------------------------
[INFO] BUILD SUCCESS
[INFO] ------------------------------------------------------------------------
[INFO] Total time:  1.627 s
[INFO] Finished at: 2026-10-07T01:23:38+09:00
[INFO] ------------------------------------------------------------------------

--- stderr ---
