
> sc-framework@0.1.0 build-storybook
> npm run build-storybook --workspace @sc/catalog


> @sc/catalog@0.1.0 build-storybook
> storybook build


┌  Building storybook v10.4.1
│
◇  Cleaning outputDir: storybook-static
│
◇  Loading presets
│
◇  Building manager..
│
●  Building preview..
│  Vite vite v8.3.1 building client environment for production...
transforming...
│
●  Copying static files: public at storybook-static
Neither './layout.vue' nor './layout.js(x)' or './layout/index.js(x)' or './layout/index.ts(x)' could be found in '/Users/dk/Work/ScFramework/frontend/packages/ui/src'
✓ 2206 modules transformed.
rendering chunks...
computing gzip size...
│  Vite storybook-static/iframe.html
│  19.54 kB │ gzip:   5.51 kB
│  storybook-static/assets/ScTextArea-CFCrf3Q8.css
│  0.09 kB │ gzip:   0.10 kB
│  storybook-static/assets/ScLoadingState-DOdyLYBi.css
│  0.17 kB │ gzip:   0.14 kB
│  storybook-static/assets/ScEmptyState-DP1tgiEC.css
│  0.25 kB │ gzip:   0.16 kB
│  storybook-static/assets/ScErrorPanel-mzspJCox.css
│  0.28 kB │ gzip:   0.19 kB
│  storybook-static/assets/ScDataTable-BAanE5bg.css
│  0.34 kB │ gzip:   0.20 kB
│  storybook-static/assets/ScCheckbox-B5J_9nwH.css
│  0.37 kB │ gzip:   0.23 kB
│  storybook-static/assets/ScFormActions-CvAj3Lg2.css
│  0.47 kB │ gzip:   0.25 kB
│  storybook-static/assets/ScSearchPanel-ia_2M-yv.css
│  0.57 kB │ gzip:   0.30 kB
│  storybook-static/assets/ScPageHeader-CpNfU_DN.css
│  0.59 kB │ gzip:   0.27 kB
│  storybook-static/assets/ScTextField-CG69_8YF.css
│  0.65 kB │ gzip:   0.23 kB
│  storybook-static/assets/ScSectionCard-C5XJGoDv.css
│  0.68 kB │ gzip:   0.32 kB
│  storybook-static/assets/ScChart-BBUWNHSX.css
│  0.78 kB │ gzip:   0.29 kB
│  storybook-static/assets/ripple-Dn8ZakcQ.css
│  0.80 kB │ gzip:   0.37 kB
│  storybook-static/assets/ScListDetailLayout-UyiAsVmZ.css
│  0.82 kB │ gzip:   0.25 kB
│  storybook-static/assets/VIcon-DTxGzRyY.css
│  0.95 kB │ gzip:   0.40 kB
│  storybook-static/assets/ScConfirmDialog-BevEzyzJ.css
│  1.05 kB │ gzip:   0.43 kB
│  storybook-static/assets/ScRichTextEditor-CPQm9d-0.css
│  1.70 kB │ gzip:   0.53 kB
│  storybook-static/assets/ScDataTable-Q7HtLA30.css
│  2.20 kB │ gzip:   0.70 kB
│  storybook-static/assets/VProgressCircular-GPPnnKWp.css
│  2.29 kB │ gzip:   0.66 kB
│  storybook-static/assets/VCheckboxBtn-DCyuVH7W.css
│  2.38 kB │ gzip:   0.64 kB
│  storybook-static/assets/ScVirtualTable-CBc6Dirz.css
│  2.67 kB │ gzip:   0.76 kB
│  storybook-static/assets/ScTextArea-tqM4coiX.css
│  2.75 kB │ gzip:   0.65 kB
│  storybook-static/assets/ScVirtualList-C0-HAh6H.css
│  2.79 kB │ gzip:   0.78 kB
│  storybook-static/assets/DesignTokens-p0y8acgu.css
│  3.00 kB │ gzip:   0.66 kB
│  storybook-static/assets/forwardRefs-_dobmjJI.css
│  4.80 kB │ gzip:   1.15 kB
│  storybook-static/assets/VAvatar-Bmb9QLJu.css
│  5.29 kB │ gzip:   1.48 kB
│  storybook-static/assets/loader-Dtf9i76g.css
│  8.29 kB │ gzip:   1.32 kB
│  storybook-static/assets/ScAppShell-oxS8U3S-.css
│  13.42 kB │ gzip:   2.78 kB
│  storybook-static/assets/ScActionButton-Dfdv6gCx.css
│  14.88 kB │ gzip:   2.61 kB
│  storybook-static/assets/autofocus-Wh5Htli-.css
│  19.47 kB │ gzip:   3.09 kB
│  storybook-static/assets/ScSelect-BdsszESE.css
│  34.94 kB │ gzip:   5.33 kB
│  storybook-static/assets/iframe-CEj3_TLB.css
│  194.59 kB │ gzip:  29.22 kB
│  storybook-static/assets/iframe-C3yJ_LNP.js
│  0.04 kB │ gzip:   0.06 kB
│  storybook-static/assets/chunk-S2IHWCOG-AXoI72Gt.js
│  0.26 kB │ gzip:   0.18 kB
│  storybook-static/assets/formatter-EIJCOSYU-C--nqeUc.js
│  0.30 kB │ gzip:   0.23 kB
│  storybook-static/assets/contracts-BYTYXVZT.js
│  0.43 kB │ gzip:   0.30 kB
│  storybook-static/assets/react-BXJ34t_g.js
│  0.58 kB │ gzip:   0.34 kB
│  storybook-static/assets/easing-Dw4Z7YOJ.js
│  0.69 kB │ gzip:   0.37 kB
│  storybook-static/assets/resizeObserver-BRFnuCrc.js
│  0.73 kB │ gzip:   0.46 kB
│  storybook-static/assets/chunk-A242L54C-DSi_sWaf.js
│  0.94 kB │ gzip:   0.55 kB
│  storybook-static/assets/reveal-CiQuoA0u.js
│  1.02 kB │ gzip:   0.59 kB
│  storybook-static/assets/rolldown-runtime-DkW27tQK.js
│  1.19 kB │ gzip:   0.67 kB
│  storybook-static/assets/ScSectionCard.stories--mWgjf9S.js
│  1.33 kB │ gzip:   0.81 kB
│  storybook-static/assets/preload-helper-VEOc_cSF.js
│  1.33 kB │ gzip:   0.75 kB
│  storybook-static/assets/size-CZThYhDW.js
│  1.54 kB │ gzip:   0.73 kB
│  storybook-static/assets/VIcon-DmWy9w8Y.js
│  1.79 kB │ gzip:   0.98 kB
│  storybook-static/assets/display-BbTryuRs.js
│  2.30 kB │ gzip:   1.18 kB
│  storybook-static/assets/goto-KfxuzPOb.js
│  2.45 kB │ gzip:   1.30 kB
│  storybook-static/assets/chunk-YK43Z22A-DP1w2rSz.js
│  3.06 kB │ gzip:   1.28 kB
│  storybook-static/assets/VProgressCircular-Ixr6KWGz.js
│  3.20 kB │ gzip:   1.45 kB
│  storybook-static/assets/ScSectionCard-BDzD7RFv.js
│  3.33 kB │ gzip:   1.16 kB
│  storybook-static/assets/ScLoadingState.stories-tJBVxLwI.js
│  3.49 kB │ gzip:   1.52 kB
│  storybook-static/assets/chunk-3LY4VQVK-fGEbfoaX.js
│  4.08 kB │ gzip:   1.72 kB
│  storybook-static/assets/chunk-242VQQM5-DHIfGiiL.js
│  4.09 kB │ gzip:   1.52 kB
│  storybook-static/assets/ScEmptyState.stories-MsW2gX5U.js
│  4.23 kB │ gzip:   1.72 kB
│  storybook-static/assets/VTextField-CwSrW1r8.js
│  4.33 kB │ gzip:   2.00 kB
│  storybook-static/assets/ScPageHeader.stories-DbYn2mn1.js
│  4.60 kB │ gzip:   1.78 kB
│  storybook-static/assets/I18n.stories-BlGMiHnh.js
│  4.81 kB │ gzip:   1.89 kB
│  storybook-static/assets/ScErrorPanel.stories-13HHdlcL.js
│  4.86 kB │ gzip:   1.84 kB
│  storybook-static/assets/ripple-Da2wADwm.js
│  5.68 kB │ gzip:   2.04 kB
│  storybook-static/assets/ScFormActions-DVymNjMO.js
│  6.07 kB │ gzip:   1.82 kB
│  storybook-static/assets/VCheckboxBtn-CToZMmM5.js
│  6.19 kB │ gzip:   2.33 kB
│  storybook-static/assets/router-DOW4P8gu.js
│  6.99 kB │ gzip:   2.93 kB
│  storybook-static/assets/react-Q1GcV6wX.js
│  7.87 kB │ gzip:   3.01 kB
│  storybook-static/assets/input-accessibility-aQN0Ncx_.js
│  9.31 kB │ gzip:   2.04 kB
│  storybook-static/assets/autofocus-sADP_Vhg.js
│  9.52 kB │ gzip:   3.85 kB
│  storybook-static/assets/icons-BUnfAOfj.js
│  9.59 kB │ gzip:   4.03 kB
│  storybook-static/assets/ScCheckbox-D0r9S4ZP.js
│  9.63 kB │ gzip:   2.39 kB
│  storybook-static/assets/loader-DJkc1Nop.js
│  9.83 kB │ gzip:   3.77 kB
│  storybook-static/assets/VAvatar-DbomyYcL.js
│  10.18 kB │ gzip:   3.97 kB
│  storybook-static/assets/ScCheckbox.stories-QFdN0X81.js
│  10.39 kB │ gzip:   2.46 kB
│  storybook-static/assets/ScSearchPanel.stories-DBrPuPMd.js
│  10.43 kB │ gzip:   2.57 kB
│  storybook-static/assets/ScListDetailLayout.stories-CNKxOdVV.js
│  11.20 kB │ gzip:   2.79 kB
│  storybook-static/assets/DesignTokens.stories-0lzmAXiq.js
│  11.66 kB │ gzip:   4.40 kB
│  storybook-static/assets/ScFormActions.stories-81eF7ngb.js
│  11.80 kB │ gzip:   3.01 kB
│  storybook-static/assets/ScTextField-w_dMG0_0.js
│  12.05 kB │ gzip:   2.69 kB
│  storybook-static/assets/ScActionButton-CLSOqb8I.js
│  12.15 kB │ gzip:   4.29 kB
│  storybook-static/assets/ScDataTable-CatReO2S.js
│  12.18 kB │ gzip:   3.63 kB
│  storybook-static/assets/ConnectedExamples.stories-DbtNT4_9.js
│  12.70 kB │ gzip:   4.95 kB
│  storybook-static/assets/ScTextArea.stories-ZC6y7cCC.js
│  13.69 kB │ gzip:   2.95 kB
│  storybook-static/assets/forwardRefs-CPEwPHXh.js
│  13.79 kB │ gzip:   4.94 kB
│  storybook-static/assets/ScSelect.stories-CnErvYNV.js
│  13.97 kB │ gzip:   3.01 kB
│  storybook-static/assets/ScDataTable.stories-CVhjsEx5.js
│  14.13 kB │ gzip:   3.79 kB
│  storybook-static/assets/ScTextField.stories-BfAzevaz.js
│  14.36 kB │ gzip:   3.19 kB
│  storybook-static/assets/ScVirtualList.stories-BRNZ25zh.js
│  15.29 kB │ gzip:   4.37 kB
│  storybook-static/assets/ScTextArea-Jbh8ciuU.js
│  17.23 kB │ gzip:   4.48 kB
│  storybook-static/assets/ScActionButton.stories-DG9RRMgg.js
│  17.47 kB │ gzip:   3.48 kB
│  storybook-static/assets/chunk-LITCR56V-DN2uX3Id.js
│  22.42 kB │ gzip:   7.51 kB
│  storybook-static/assets/DateFormat.stories-CT6tkRGk.js
│  23.08 kB │ gzip:   8.12 kB
│  storybook-static/assets/ScConfirmDialog.stories-YU1K7nDK.js
│  23.96 kB │ gzip:   5.44 kB
│  storybook-static/assets/useVirtualRows-CW-Sp5se.js
│  27.71 kB │ gzip:   8.62 kB
│  storybook-static/vite-inject-mocker-entry.js
│  27.84 kB │ gzip:   9.66 kB
│  storybook-static/assets/matchers-5TDFFDYO-C789_MAK.js
│  28.79 kB │ gzip:   9.68 kB
│  storybook-static/assets/tag-DVSTgx_U.js
│  29.50 kB │ gzip:  12.00 kB
│  storybook-static/assets/Color-23OOGO2C-C162lLP1.js
│  30.35 kB │ gzip:  11.46 kB
│  storybook-static/assets/WithTooltip-65CFNBJE-CkHvPn71.js
│  32.68 kB │ gzip:  11.45 kB
│  storybook-static/assets/ScVirtualTable.stories-D4ciXRbd.js
│  33.17 kB │ gzip:   8.54 kB
│  storybook-static/assets/ScAppShell.stories-iCxkrsDN.js
│  35.32 kB │ gzip:   9.32 kB
│  storybook-static/assets/chunk-SI6AKD4S-BkEbxtIo.js
│  53.93 kB │ gzip:  15.19 kB
│  storybook-static/assets/theming-BhG_hM63.js
│  55.09 kB │ gzip:  21.23 kB
│  storybook-static/assets/syntaxhighlighter-W7WJGI2T-CHRubpmH.js
│  76.50 kB │ gzip:  27.54 kB
│  storybook-static/assets/ScTableData-CcekX0Fu.js
│  83.74 kB │ gzip:  17.13 kB
│  storybook-static/assets/src-BJR-bjmb.js
│  116.71 kB │ gzip:  41.33 kB
│  storybook-static/assets/ValidatedForm.stories-Bzc2GfVR.js
│  126.30 kB │ gzip:  38.35 kB
│  storybook-static/assets/ScSelect-B1s8Ugq3.js
│  136.02 kB │ gzip:  44.34 kB
│  storybook-static/assets/_plugin-vue_export-helper-Cm55kkPK.js
│  180.26 kB │ gzip:  66.87 kB
│  storybook-static/assets/DocsRenderer-LL677BLK-Ce0hbWR9.js
│  392.67 kB │ gzip: 123.44 kB
│  storybook-static/assets/ScRichTextEditor.stories-q4n9Mx6n.js
│  437.03 kB │ gzip: 132.14 kB
│  storybook-static/assets/components-MF__x2JG.js
│  549.49 kB │ gzip: 174.73 kB
│  storybook-static/assets/ScChart.stories-DGzkWK6X.js
│  643.96 kB │ gzip: 204.86 kB
│  storybook-static/assets/axe-CV28SPUJ.js
│  659.55 kB │ gzip: 187.91 kB
│  storybook-static/assets/Excel.stories-CxXFHIxI.js
│  938.21 kB │ gzip: 260.04 kB
│  storybook-static/assets/iframe-CC1uNPbo.js
│  1,293.18 kB │ gzip: 412.00 kB

│
▲  Vite [plugin builtin:vite-reporter]
│  (!) Some chunks are larger than 500 kB after minification. Consider:
│  - Using dynamic import() to code-split the application
│  - Use build.rolldownOptions.output.codeSplitting to improve chunking:
│  ]8;;https://rolldown.rs/reference/OutputOptions.codeSplittinghttps://rolldown.rs/reference/OutputOptions.codeSplitting]8;;
│  - Adjust chunk size limit for this warning via
│  build.chunkSizeWarningLimit.
│  Vite ✓ built in 3.65s
│
▲  Vite [33m[PLUGIN_TIMINGS] [0mJavaScript callbacks ran for 3.4s of this 3.6s
│  build (93%).
│  The slowest callbacks, timed inside each callback (the wait before a
│  callback starts is excluded, the time it awaits is included):
│  - plugin vite:build-html transform (58%, 2.1s, 1 call)
│  Additional callback time came from the callbacks below and from
│  callbacks under 1s.
│  3 callbacks are listed without a time. Their calls overlapped, so the
│  time inside one call includes work from other calls. To find their
│  cost, profile the build with `node --cpu-prof`:
│  - plugin vite:css transform (147 calls)
│  - plugin plugin-csf transform (2206 calls)
│  - plugin storybook:vue-component-meta-plugin transform (1767 calls)
│  See ]8;;https://rolldown.rs/reference/InputOptions.checks#bundlertimingshttps://rolldown.rs/reference/InputOptions.checks#bundlertimings]8;;
│  for more details.

│
◇  Output directory:
│  /Users/dk/Work/ScFramework/frontend/apps/catalog/storybook-static
│
└  Storybook build completed successfully

