frontend/apps/reference-app/src/features/reports/requirements/api.ts 27ms (unchanged)
frontend/apps/reference-app/src/features/reports/requirements/filters.spec.ts 11ms
frontend/apps/reference-app/src/features/reports/requirements/filters.ts 13ms
frontend/apps/reference-app/src/features/reports/requirements/messages.ts 3ms
frontend/apps/reference-app/src/features/reports/requirements/query.ts 2ms
frontend/apps/reference-app/src/features/reports/requirements/ReportFilters.vue 41ms
frontend/apps/reference-app/src/features/reports/requirements/ReportTable.vue 23ms
frontend/apps/reference-app/src/features/reports/requirements/RequirementReportPage.vue 23ms
frontend/apps/reference-app/src/main.ts 3ms (unchanged)
frontend/apps/reference-app/src/App.vue 10ms (unchanged)
frontend/apps/reference-app/src/localization.ts 2ms (unchanged)
frontend/packages/ui/src/table/ScDataTable.vue 24ms (unchanged)
frontend/packages/ui/src/table/ScDataTable.spec.ts 10ms
README.md 19ms (unchanged)
docs/folder-structure.md 47ms (unchanged)
docs/maintenance-guide.md 28ms (unchanged)
docs/질의/README.md 4ms (unchanged)
docs/질의/기술스택-적용현황.md 10ms
docs/질의/개발단계.md 7ms (unchanged)
docs/질의/009-복잡조회와서버표.md 7ms (unchanged)
