
> sc-framework@0.1.0 test:stories
> npm run test:stories --workspace @sc/catalog


> @sc/catalog@0.1.0 test:stories
> vitest run --config vitest.config.ts


 RUN  v4.1.11 /Users/dk/Work/ScFramework/frontend/apps/catalog

4:23:49 AM [vite] (client) [console.warn] [@vue/compiler-core] decodeEntities option is passed but will be ignored in non-browser builds.
4:23:49 AM [vite] (client) [console.warn] [@vue/compiler-core] decodeEntities option is passed but will be ignored in non-browser builds.
4:23:49 AM [vite] (client) [console.warn] [@vue/compiler-core] decodeEntities option is passed but will be ignored in non-browser builds.
4:23:49 AM [vite] (client) [console.warn] [@vue/compiler-core] decodeEntities option is passed but will be ignored in non-browser builds.
4:23:50 AM [vite] (client) [console.warn] [@vue/compiler-core] decodeEntities option is passed but will be ignored in non-browser builds.
4:23:50 AM [vite] (client) [console.warn] [@vue/compiler-core] decodeEntities option is passed but will be ignored in non-browser builds.
4:23:50 AM [vite] (client) [console.warn] [@vue/compiler-core] decodeEntities option is passed but will be ignored in non-browser builds.
4:23:50 AM [vite] (client) [console.warn] [@vue/compiler-core] decodeEntities option is passed but will be ignored in non-browser builds.
4:23:50 AM [vite] (client) [console.warn] [@vue/compiler-core] decodeEntities option is passed but will be ignored in non-browser builds.
4:23:50 AM [vite] (client) [console.warn] [@vue/compiler-core] decodeEntities option is passed but will be ignored in non-browser builds.
4:23:50 AM [vite] (client) [console.warn] [@vue/compiler-core] decodeEntities option is passed but will be ignored in non-browser builds.
4:23:50 AM [vite] (client) [console.warn] [@vue/compiler-core] decodeEntities option is passed but will be ignored in non-browser builds.
4:23:50 AM [vite] (client) [console.warn] [@vue/compiler-core] decodeEntities option is passed but will be ignored in non-browser builds.
4:23:50 AM [vite] (client) [console.warn] [@vue/compiler-core] decodeEntities option is passed but will be ignored in non-browser builds.
4:23:50 AM [vite] (client) [console.warn] [@vue/compiler-core] decodeEntities option is passed but will be ignored in non-browser builds.
4:23:50 AM [vite] (client) [console.warn] [@vue/compiler-core] decodeEntities option is passed but will be ignored in non-browser builds.
4:23:50 AM [vite] (client) [console.warn] [@vue/compiler-core] decodeEntities option is passed but will be ignored in non-browser builds.
4:23:50 AM [vite] (client) [console.warn] [@vue/compiler-core] decodeEntities option is passed but will be ignored in non-browser builds.
4:23:50 AM [vite] (client) [console.warn] [@vue/compiler-core] decodeEntities option is passed but will be ignored in non-browser builds.
4:23:50 AM [vite] (client) [console.warn] [@vue/compiler-core] decodeEntities option is passed but will be ignored in non-browser builds.
4:23:50 AM [vite] (client) [console.warn] [@vue/compiler-core] decodeEntities option is passed but will be ignored in non-browser builds.
4:23:50 AM [vite] (client) [console.warn] [@vue/compiler-core] decodeEntities option is passed but will be ignored in non-browser builds.
4:23:50 AM [vite] (client) [console.warn] [@vue/compiler-core] decodeEntities option is passed but will be ignored in non-browser builds.
4:23:50 AM [vite] (client) [console.warn] [@vue/compiler-core] decodeEntities option is passed but will be ignored in non-browser builds.
4:23:51 AM [vite] (client) [console.warn] [@vue/compiler-core] decodeEntities option is passed but will be ignored in non-browser builds.
4:23:51 AM [vite] (client) [console.warn] [@vue/compiler-core] decodeEntities option is passed but will be ignored in non-browser builds.
4:23:51 AM [vite] (client) [console.warn] [@vue/compiler-core] decodeEntities option is passed but will be ignored in non-browser builds.
4:23:51 AM [vite] (client) [console.warn] [@vue/compiler-core] decodeEntities option is passed but will be ignored in non-browser builds.
4:23:51 AM [vite] (client) [console.warn] [@vue/compiler-core] decodeEntities option is passed but will be ignored in non-browser builds.
4:23:51 AM [vite] (client) [console.warn] [@vue/compiler-core] decodeEntities option is passed but will be ignored in non-browser builds.
4:23:51 AM [vite] (client) [console.warn] [@vue/compiler-core] decodeEntities option is passed but will be ignored in non-browser builds.
4:23:51 AM [vite] (client) [console.warn] [@vue/compiler-core] decodeEntities option is passed but will be ignored in non-browser builds.
4:23:51 AM [vite] (client) [console.warn] [@vue/compiler-core] decodeEntities option is passed but will be ignored in non-browser builds.
4:23:51 AM [vite] (client) [console.warn] [@vue/compiler-core] decodeEntities option is passed but will be ignored in non-browser builds.
4:23:51 AM [vite] (client) [console.warn] [@vue/compiler-core] decodeEntities option is passed but will be ignored in non-browser builds.
4:23:51 AM [vite] (client) [console.warn] [@vue/compiler-core] decodeEntities option is passed but will be ignored in non-browser builds.
4:23:51 AM [vite] (client) [console.warn] [@vue/compiler-core] decodeEntities option is passed but will be ignored in non-browser builds.
4:23:51 AM [vite] (client) [console.warn] [@vue/compiler-core] decodeEntities option is passed but will be ignored in non-browser builds.
4:23:51 AM [vite] (client) [console.warn] [@vue/compiler-core] decodeEntities option is passed but will be ignored in non-browser builds.
4:23:51 AM [vite] (client) [console.warn] [@vue/compiler-core] decodeEntities option is passed but will be ignored in non-browser builds.
4:23:51 AM [vite] (client) [console.warn] [@vue/compiler-core] decodeEntities option is passed but will be ignored in non-browser builds.
4:23:51 AM [vite] (client) [console.warn] [@vue/compiler-core] decodeEntities option is passed but will be ignored in non-browser builds.
4:23:51 AM [vite] (client) [console.warn] [@vue/compiler-core] decodeEntities option is passed but will be ignored in non-browser builds.
4:23:52 AM [vite] (client) [console.warn] [@vue/compiler-core] decodeEntities option is passed but will be ignored in non-browser builds.
4:23:52 AM [vite] (client) [console.warn] [@vue/compiler-core] decodeEntities option is passed but will be ignored in non-browser builds.
4:23:52 AM [vite] (client) [console.warn] [@vue/compiler-core] decodeEntities option is passed but will be ignored in non-browser builds.
4:23:52 AM [vite] (client) [console.warn] [@vue/compiler-core] decodeEntities option is passed but will be ignored in non-browser builds.
4:23:52 AM [vite] (client) [console.warn] [@vue/compiler-core] decodeEntities option is passed but will be ignored in non-browser builds.
4:23:52 AM [vite] (client) [console.warn] [@vue/compiler-core] decodeEntities option is passed but will be ignored in non-browser builds.
4:23:52 AM [vite] (client) [console.warn] [@vue/compiler-core] decodeEntities option is passed but will be ignored in non-browser builds.
4:23:52 AM [vite] (client) [console.warn] [@vue/compiler-core] decodeEntities option is passed but will be ignored in non-browser builds.
4:23:52 AM [vite] (client) [console.warn] [@vue/compiler-core] decodeEntities option is passed but will be ignored in non-browser builds.
4:23:52 AM [vite] (client) [console.warn] [@vue/compiler-core] decodeEntities option is passed but will be ignored in non-browser builds.
4:23:52 AM [vite] (client) [console.warn] [@vue/compiler-core] decodeEntities option is passed but will be ignored in non-browser builds.
4:23:52 AM [vite] (client) [console.warn] [@vue/compiler-core] decodeEntities option is passed but will be ignored in non-browser builds.

 Test Files  28 passed (28)
      Tests  95 passed (95)
   Start at  04:23:46
   Duration  5.99s (transform 0ms, setup 30.95s, import 4.95s, tests 17.48s, environment 0ms)

