
> sc-framework@0.1.0 build-storybook
> npm run build-storybook --workspace @sc/catalog


> @sc/catalog@0.1.0 build-storybook
> storybook build


┌  Building storybook v10.4.1
│
◇  Cleaning outputDir: storybook-static
│
◇  Loading presets
│
◇  Building manager..
│
●  Building preview..
│  Vite vite v8.3.1 building client environment for production...
transforming...
│
●  Copying static files: public at storybook-static
Neither './layout.vue' nor './layout.js(x)' or './layout/index.js(x)' or './layout/index.ts(x)' could be found in '/Users/dk/Work/ScFramework/frontend/packages/ui/src'
✓ 2300 modules transformed.
rendering chunks...
computing gzip size...
│  Vite storybook-static/iframe.html
│  19.54 kB │ gzip:   5.51 kB
│  storybook-static/assets/ScTextArea-CFCrf3Q8.css
│  0.09 kB │ gzip:   0.10 kB
│  storybook-static/assets/ScLoadingState-DOdyLYBi.css
│  0.17 kB │ gzip:   0.14 kB
│  storybook-static/assets/ScEmptyState-DP1tgiEC.css
│  0.25 kB │ gzip:   0.16 kB
│  storybook-static/assets/ScErrorPanel-mzspJCox.css
│  0.28 kB │ gzip:   0.19 kB
│  storybook-static/assets/ScDataTable-BAanE5bg.css
│  0.34 kB │ gzip:   0.20 kB
│  storybook-static/assets/ScCheckbox-B5J_9nwH.css
│  0.37 kB │ gzip:   0.23 kB
│  storybook-static/assets/ScFormActions-CvAj3Lg2.css
│  0.47 kB │ gzip:   0.25 kB
│  storybook-static/assets/ScSearchPanel-ia_2M-yv.css
│  0.57 kB │ gzip:   0.30 kB
│  storybook-static/assets/ScPageHeader-CpNfU_DN.css
│  0.59 kB │ gzip:   0.27 kB
│  storybook-static/assets/ScTextField-CG69_8YF.css
│  0.65 kB │ gzip:   0.23 kB
│  storybook-static/assets/ScSectionCard-C5XJGoDv.css
│  0.68 kB │ gzip:   0.32 kB
│  storybook-static/assets/ScChart-BBUWNHSX.css
│  0.78 kB │ gzip:   0.29 kB
│  storybook-static/assets/ripple-Dn8ZakcQ.css
│  0.80 kB │ gzip:   0.37 kB
│  storybook-static/assets/ScListDetailLayout-UyiAsVmZ.css
│  0.82 kB │ gzip:   0.25 kB
│  storybook-static/assets/VIcon-DTxGzRyY.css
│  0.95 kB │ gzip:   0.40 kB
│  storybook-static/assets/ScConfirmDialog-BevEzyzJ.css
│  1.05 kB │ gzip:   0.43 kB
│  storybook-static/assets/ScImageAnnotator-CtB_3fgN.css
│  1.29 kB │ gzip:   0.45 kB
│  storybook-static/assets/ScRichTextEditor-CPQm9d-0.css
│  1.70 kB │ gzip:   0.53 kB
│  storybook-static/assets/ScSortableBoard-DWlAWJqr.css
│  1.79 kB │ gzip:   0.59 kB
│  storybook-static/assets/ScDataTable-Q7HtLA30.css
│  2.20 kB │ gzip:   0.70 kB
│  storybook-static/assets/VProgressCircular-GPPnnKWp.css
│  2.29 kB │ gzip:   0.66 kB
│  storybook-static/assets/VCheckboxBtn-DCyuVH7W.css
│  2.38 kB │ gzip:   0.64 kB
│  storybook-static/assets/ScVirtualTable-CBc6Dirz.css
│  2.67 kB │ gzip:   0.76 kB
│  storybook-static/assets/ScTextArea-tqM4coiX.css
│  2.75 kB │ gzip:   0.65 kB
│  storybook-static/assets/ScVirtualList-C0-HAh6H.css
│  2.79 kB │ gzip:   0.78 kB
│  storybook-static/assets/DesignTokens-p0y8acgu.css
│  3.00 kB │ gzip:   0.66 kB
│  storybook-static/assets/forwardRefs-_dobmjJI.css
│  4.80 kB │ gzip:   1.15 kB
│  storybook-static/assets/VAvatar-Bmb9QLJu.css
│  5.29 kB │ gzip:   1.48 kB
│  storybook-static/assets/loader-Dtf9i76g.css
│  8.29 kB │ gzip:   1.32 kB
│  storybook-static/assets/ScAppShell-oxS8U3S-.css
│  13.42 kB │ gzip:   2.78 kB
│  storybook-static/assets/ScActionButton-Dfdv6gCx.css
│  14.88 kB │ gzip:   2.61 kB
│  storybook-static/assets/autofocus-Wh5Htli-.css
│  19.47 kB │ gzip:   3.09 kB
│  storybook-static/assets/ScSelect-BdsszESE.css
│  34.94 kB │ gzip:   5.33 kB
│  storybook-static/assets/iframe-CEj3_TLB.css
│  194.59 kB │ gzip:  29.22 kB
│  storybook-static/assets/iframe-CyurKAVT.js
│  0.04 kB │ gzip:   0.06 kB
│  storybook-static/assets/chunk-S2IHWCOG-AXoI72Gt.js
│  0.26 kB │ gzip:   0.18 kB
│  storybook-static/assets/formatter-EIJCOSYU-C--nqeUc.js
│  0.30 kB │ gzip:   0.23 kB
│  storybook-static/assets/contracts-BYTYXVZT.js
│  0.43 kB │ gzip:   0.30 kB
│  storybook-static/assets/react-BXJ34t_g.js
│  0.58 kB │ gzip:   0.34 kB
│  storybook-static/assets/easing-vIEvJi-o.js
│  0.69 kB │ gzip:   0.37 kB
│  storybook-static/assets/resizeObserver-N4Ov_xCv.js
│  0.73 kB │ gzip:   0.46 kB
│  storybook-static/assets/chunk-A242L54C-DSi_sWaf.js
│  0.94 kB │ gzip:   0.55 kB
│  storybook-static/assets/reveal-Byv7_hna.js
│  1.02 kB │ gzip:   0.59 kB
│  storybook-static/assets/rolldown-runtime-DkW27tQK.js
│  1.19 kB │ gzip:   0.67 kB
│  storybook-static/assets/ScSectionCard.stories-CXUBd3Ko.js
│  1.33 kB │ gzip:   0.81 kB
│  storybook-static/assets/preload-helper-VEOc_cSF.js
│  1.33 kB │ gzip:   0.75 kB
│  storybook-static/assets/size-DA6MbuKv.js
│  1.54 kB │ gzip:   0.73 kB
│  storybook-static/assets/VIcon-KAZodTqa.js
│  1.79 kB │ gzip:   0.97 kB
│  storybook-static/assets/display-i1O82lY4.js
│  2.30 kB │ gzip:   1.18 kB
│  storybook-static/assets/goto-Csscaagd.js
│  2.45 kB │ gzip:   1.30 kB
│  storybook-static/assets/chunk-YK43Z22A-DP1w2rSz.js
│  3.06 kB │ gzip:   1.28 kB
│  storybook-static/assets/VProgressCircular-DhuTKCLT.js
│  3.20 kB │ gzip:   1.45 kB
│  storybook-static/assets/ScSectionCard-CnqdT3Cg.js
│  3.33 kB │ gzip:   1.16 kB
│  storybook-static/assets/ScLoadingState.stories-DEIMed-c.js
│  3.49 kB │ gzip:   1.52 kB
│  storybook-static/assets/chunk-3LY4VQVK-fGEbfoaX.js
│  4.08 kB │ gzip:   1.72 kB
│  storybook-static/assets/chunk-242VQQM5-DHIfGiiL.js
│  4.09 kB │ gzip:   1.52 kB
│  storybook-static/assets/ScEmptyState.stories-CQ9N1EqH.js
│  4.23 kB │ gzip:   1.73 kB
│  storybook-static/assets/VTextField-C9pDbuXi.js
│  4.33 kB │ gzip:   2.00 kB
│  storybook-static/assets/ScPageHeader.stories-COeKkU-O.js
│  4.60 kB │ gzip:   1.79 kB
│  storybook-static/assets/I18n.stories-BTiLm3dl.js
│  4.81 kB │ gzip:   1.89 kB
│  storybook-static/assets/ScErrorPanel.stories-DVBSDAGU.js
│  4.86 kB │ gzip:   1.85 kB
│  storybook-static/assets/ripple-D7hJHJHE.js
│  5.68 kB │ gzip:   2.04 kB
│  storybook-static/assets/ScFormActions-CHy-QLX9.js
│  6.07 kB │ gzip:   1.83 kB
│  storybook-static/assets/VCheckboxBtn-Cm2iYiWE.js
│  6.19 kB │ gzip:   2.33 kB
│  storybook-static/assets/router-Ct5Wbp06.js
│  6.99 kB │ gzip:   2.92 kB
│  storybook-static/assets/react-Q1GcV6wX.js
│  7.87 kB │ gzip:   3.01 kB
│  storybook-static/assets/input-accessibility-DONh5Xox.js
│  9.31 kB │ gzip:   2.04 kB
│  storybook-static/assets/autofocus-anS8-2Rb.js
│  9.52 kB │ gzip:   3.85 kB
│  storybook-static/assets/icons-BVCbcVB_.js
│  9.59 kB │ gzip:   4.02 kB
│  storybook-static/assets/ScCheckbox-BTAWeBrV.js
│  9.63 kB │ gzip:   2.39 kB
│  storybook-static/assets/loader-DEQ4OkU6.js
│  9.83 kB │ gzip:   3.77 kB
│  storybook-static/assets/VAvatar-DC0-aATy.js
│  10.18 kB │ gzip:   3.96 kB
│  storybook-static/assets/ScCheckbox.stories-BKipcLmX.js
│  10.39 kB │ gzip:   2.46 kB
│  storybook-static/assets/ScSearchPanel.stories-xnqMsqbt.js
│  10.43 kB │ gzip:   2.57 kB
│  storybook-static/assets/ScListDetailLayout.stories-BLzK54Zs.js
│  11.20 kB │ gzip:   2.80 kB
│  storybook-static/assets/DesignTokens.stories-BeEjPW1R.js
│  11.66 kB │ gzip:   4.40 kB
│  storybook-static/assets/ScFormActions.stories-b_q75SxS.js
│  11.80 kB │ gzip:   3.01 kB
│  storybook-static/assets/ScTextField-ByQdwba1.js
│  12.05 kB │ gzip:   2.69 kB
│  storybook-static/assets/ScActionButton-DF5ShVDL.js
│  12.16 kB │ gzip:   4.30 kB
│  storybook-static/assets/ScDataTable-BgiDodP_.js
│  12.18 kB │ gzip:   3.64 kB
│  storybook-static/assets/ConnectedExamples.stories-Cp9fgwHf.js
│  12.70 kB │ gzip:   4.96 kB
│  storybook-static/assets/ScTextArea.stories-nlh3e34X.js
│  13.69 kB │ gzip:   2.96 kB
│  storybook-static/assets/forwardRefs-ULCCa2N4.js
│  13.80 kB │ gzip:   4.94 kB
│  storybook-static/assets/ScSelect.stories-DaDmC-0C.js
│  13.97 kB │ gzip:   3.01 kB
│  storybook-static/assets/ScDataTable.stories-bhhZdblq.js
│  14.13 kB │ gzip:   3.79 kB
│  storybook-static/assets/ScTextField.stories-C8bgZKsd.js
│  14.36 kB │ gzip:   3.18 kB
│  storybook-static/assets/ScVirtualList.stories-CKTdo7L9.js
│  15.29 kB │ gzip:   4.37 kB
│  storybook-static/assets/ScTextArea-Da_Py20I.js
│  17.23 kB │ gzip:   4.48 kB
│  storybook-static/assets/ScActionButton.stories-Cw6pGJ01.js
│  17.47 kB │ gzip:   3.47 kB
│  storybook-static/assets/chunk-LITCR56V-DN2uX3Id.js
│  22.42 kB │ gzip:   7.51 kB
│  storybook-static/assets/DateFormat.stories-C5iT9hAf.js
│  23.08 kB │ gzip:   8.12 kB
│  storybook-static/assets/ScConfirmDialog.stories-Bgu4IDvR.js
│  23.97 kB │ gzip:   5.43 kB
│  storybook-static/assets/useVirtualRows-BmX54BtS.js
│  27.71 kB │ gzip:   8.62 kB
│  storybook-static/vite-inject-mocker-entry.js
│  27.84 kB │ gzip:   9.66 kB
│  storybook-static/assets/matchers-5TDFFDYO-C789_MAK.js
│  28.79 kB │ gzip:   9.68 kB
│  storybook-static/assets/tag-BieaPsz0.js
│  29.50 kB │ gzip:  12.01 kB
│  storybook-static/assets/Color-23OOGO2C-Bcr2-Uua.js
│  30.35 kB │ gzip:  11.46 kB
│  storybook-static/assets/WithTooltip-65CFNBJE-CkHvPn71.js
│  32.68 kB │ gzip:  11.45 kB
│  storybook-static/assets/ScVirtualTable.stories-CemBII9g.js
│  33.16 kB │ gzip:   8.54 kB
│  storybook-static/assets/ScAppShell.stories-CfRDF6-j.js
│  35.32 kB │ gzip:   9.33 kB
│  storybook-static/assets/chunk-SI6AKD4S-BkEbxtIo.js
│  53.93 kB │ gzip:  15.19 kB
│  storybook-static/assets/theming-BhG_hM63.js
│  55.09 kB │ gzip:  21.23 kB
│  storybook-static/assets/syntaxhighlighter-W7WJGI2T-CHRubpmH.js
│  76.50 kB │ gzip:  27.54 kB
│  storybook-static/assets/ScTableData-BM1y9-aD.js
│  83.74 kB │ gzip:  17.15 kB
│  storybook-static/assets/src-7gTlAryf.js
│  117.08 kB │ gzip:  41.46 kB
│  storybook-static/assets/ValidatedForm.stories-DG7dAjFg.js
│  126.30 kB │ gzip:  38.38 kB
│  storybook-static/assets/ScSelect-T0TnzxNt.js
│  136.01 kB │ gzip:  44.34 kB
│  storybook-static/assets/_plugin-vue_export-helper-CMEGyqcw.js
│  180.27 kB │ gzip:  66.89 kB
│  storybook-static/assets/ScSortableBoard.stories-B-VW-6dE.js
│  185.77 kB │ gzip:  46.93 kB
│  storybook-static/assets/ScImageAnnotator.stories-BeNDJSIS.js
│  234.58 kB │ gzip:  68.36 kB
│  storybook-static/assets/DocsRenderer-LL677BLK-Iok_dMPm.js
│  392.67 kB │ gzip: 123.44 kB
│  storybook-static/assets/ScRichTextEditor.stories-B9jmbXDJ.js
│  437.02 kB │ gzip: 132.16 kB
│  storybook-static/assets/components-MF__x2JG.js
│  549.49 kB │ gzip: 174.73 kB
│  storybook-static/assets/ScChart.stories-D3WavoeQ.js
│  643.97 kB │ gzip: 204.88 kB
│  storybook-static/assets/axe-CV28SPUJ.js
│  659.55 kB │ gzip: 187.91 kB
│  storybook-static/assets/Excel.stories-CXtMiSfD.js
│  938.26 kB │ gzip: 260.05 kB
│  storybook-static/assets/iframe-_BbC7MB5.js
│  1,293.69 kB │ gzip: 412.10 kB

│
▲  Vite [plugin builtin:vite-reporter]
│  (!) Some chunks are larger than 500 kB after minification. Consider:
│  - Using dynamic import() to code-split the application
│  - Use build.rolldownOptions.output.codeSplitting to improve chunking:
│  ]8;;https://rolldown.rs/reference/OutputOptions.codeSplittinghttps://rolldown.rs/reference/OutputOptions.codeSplitting]8;;
│  - Adjust chunk size limit for this warning via
│  build.chunkSizeWarningLimit.
│  Vite ✓ built in 3.66s
│
▲  Vite [33m[PLUGIN_TIMINGS] [0mJavaScript callbacks ran for 3.4s of this 3.7s
│  build (92%).
│  The slowest callbacks, timed inside each callback (the wait before a
│  callback starts is excluded, the time it awaits is included):
│  - plugin vite:build-html transform (55%, 2.0s, 1 call)
│  Additional callback time came from the callbacks below and from
│  callbacks under 1s.
│  3 callbacks are listed without a time. Their calls overlapped, so the
│  time inside one call includes work from other calls. To find their
│  cost, profile the build with `node --cpu-prof`:
│  - plugin vite:css transform (151 calls)
│  - plugin plugin-csf transform (2300 calls)
│  - plugin storybook:vue-component-meta-plugin transform (1853 calls)
│  See ]8;;https://rolldown.rs/reference/InputOptions.checks#bundlertimingshttps://rolldown.rs/reference/InputOptions.checks#bundlertimings]8;;
│  for more details.

│
◇  Output directory:
│  /Users/dk/Work/ScFramework/frontend/apps/catalog/storybook-static
│
└  Storybook build completed successfully

