
> sc-framework@0.1.0 verify
> npm run format:check && npm run lint && npm run api:check && npm run ui:contracts:check && npm run ui:boundaries:check && npm run visual:manifest:check && npm run typecheck && npm run test:unit && npm run build


> sc-framework@0.1.0 format:check
> prettier --check .

Checking formatting...
All matched files use Prettier code style!

> sc-framework@0.1.0 lint
> eslint frontend scripts --max-warnings 0


> sc-framework@0.1.0 api:check
> node scripts/openapi-types.mjs --check

neutral compatibility: OpenAPI 명세와 생성 타입 일치
reference: OpenAPI 명세와 생성 타입 일치
starter: OpenAPI 명세와 생성 타입 일치

> sc-framework@0.1.0 ui:contracts:check
> node scripts/ui-contracts.mjs --check

공개 UI 22개: imported props/events/slots/default 계약 일치

> sc-framework@0.1.0 ui:boundaries:check
> node scripts/check-ui-boundaries.mjs

공개 UI/소비 앱 경계: import 1136개 확인

> sc-framework@0.1.0 visual:manifest:check
> node scripts/verify-visual-baselines.mjs --profile darwin-chromium

{"result":"verified","profile":"darwin-chromium","images":16,"platform":"darwin","browserVersion":"153.0.8010.12"}

> sc-framework@0.1.0 typecheck
> npm run typecheck --workspace @sc/date && npm run typecheck --workspace @sc/i18n && npm run typecheck --workspace @sc/excel && npm run typecheck --workspace @sc/ui && npm run typecheck --workspace @sc/runtime && npm run typecheck --workspace @sc/reference-app && npm run typecheck --workspace @sc/starter-app && npm run typecheck --workspace @sc/catalog && npm run typecheck:e2e


> @sc/date@0.1.0 typecheck
> tsc --noEmit -p tsconfig.json


> @sc/i18n@0.1.0 typecheck
> vue-tsc --noEmit -p tsconfig.json


> @sc/excel@0.1.0 typecheck
> vue-tsc --noEmit -p tsconfig.json


> @sc/ui@0.1.0 typecheck
> npm run tokens:check && vue-tsc --noEmit -p tsconfig.json


> @sc/ui@0.1.0 tokens:check
> node scripts/generate-tokens.mjs --check

Design token CSS matches tokens.ts.

> @sc/runtime@0.1.0 typecheck
> vue-tsc --noEmit -p tsconfig.json


> @sc/reference-app@0.1.0 typecheck
> vue-tsc --noEmit -p tsconfig.json


> @sc/starter-app@0.1.0 typecheck
> vue-tsc --noEmit -p tsconfig.json


> @sc/catalog@0.1.0 typecheck
> vue-tsc --noEmit -p tsconfig.json


> sc-framework@0.1.0 typecheck:e2e
> tsc --noEmit -p frontend/tsconfig.e2e.json


> sc-framework@0.1.0 test:unit
> vitest run --config vitest.config.ts


 RUN  v4.1.11 /Users/dk/Work/ScFramework


 Test Files  33 passed (33)
      Tests  135 passed (135)
   Start at  04:26:54
   Duration  2.45s (transform 16.93s, setup 0ms, import 24.79s, tests 1.04s, environment 5.07s)


> sc-framework@0.1.0 build
> npm run build --workspace @sc/date && npm run build --workspace @sc/i18n && npm run build --workspace @sc/excel && npm run build --workspace @sc/ui && npm run build --workspace @sc/runtime && npm run build --workspace @sc/reference-app && npm run build --workspace @sc/starter-app


> @sc/date@0.1.0 build
> npm run typecheck


> @sc/date@0.1.0 typecheck
> tsc --noEmit -p tsconfig.json


> @sc/i18n@0.1.0 build
> npm run typecheck


> @sc/i18n@0.1.0 typecheck
> vue-tsc --noEmit -p tsconfig.json


> @sc/excel@0.1.0 build
> npm run typecheck


> @sc/excel@0.1.0 typecheck
> vue-tsc --noEmit -p tsconfig.json


> @sc/ui@0.1.0 build
> npm run typecheck


> @sc/ui@0.1.0 typecheck
> npm run tokens:check && vue-tsc --noEmit -p tsconfig.json


> @sc/ui@0.1.0 tokens:check
> node scripts/generate-tokens.mjs --check

Design token CSS matches tokens.ts.

> @sc/runtime@0.1.0 build
> npm run typecheck


> @sc/runtime@0.1.0 typecheck
> vue-tsc --noEmit -p tsconfig.json


> @sc/reference-app@0.1.0 build
> vue-tsc --noEmit -p tsconfig.json && vite build

vite v8.3.1 building client environment for production...
transforming...
✓ 1980 modules transformed.
rendering chunks...
computing gzip size...
dist/index.html                                   0.65 kB │ gzip:   0.36 kB
dist/assets/DocumentsPage-CGzgDvdS.css            0.11 kB │ gzip:   0.11 kB
dist/assets/AdminNavigation-CGsS6gxN.css          0.13 kB │ gzip:   0.13 kB
dist/assets/NoticesPage-DsFzkVWS.css              0.21 kB │ gzip:   0.14 kB
dist/assets/ScCheckbox-B5J_9nwH.css               0.37 kB │ gzip:   0.23 kB
dist/assets/AdminAuditPage-BqQoUJOH.css           0.62 kB │ gzip:   0.31 kB
dist/assets/RequirementsPage-DHRt7bWb.css         0.83 kB │ gzip:   0.30 kB
dist/assets/RequirementWorkspace-CFi7C6u6.css     1.28 kB │ gzip:   0.48 kB
dist/assets/useImageFile-loC3sipM.css             1.36 kB │ gzip:   0.48 kB
dist/assets/ScRichTextEditor-Cc3cDB5b.css         1.62 kB │ gzip:   0.49 kB
dist/assets/RequirementReportPage-BKY-UAMX.css    1.90 kB │ gzip:   0.57 kB
dist/assets/ScTextArea-tqM4coiX.css               2.75 kB │ gzip:   0.65 kB
dist/assets/ScChart-BZbMKveq.css                  2.99 kB │ gzip:   0.85 kB
dist/assets/KanbanPage-ofD5_kor.css               3.24 kB │ gzip:   0.88 kB
dist/assets/PatternsPage-BFRxuoaL.css             3.45 kB │ gzip:   0.96 kB
dist/assets/ScSelect-BGJu9vpf.css                37.29 kB │ gzip:   5.65 kB
dist/assets/vue-i18n-Dp5_17Aq.css                53.20 kB │ gzip:   7.91 kB
dist/assets/index-evTI6n9m.css                  222.38 kB │ gzip:  34.01 kB
dist/assets/validation-hl21o1zK.js                0.11 kB │ gzip:   0.11 kB
dist/assets/createSimpleFunctional-CeF4eGLA.js    0.29 kB │ gzip:   0.24 kB
dist/assets/input-accessibility-C6ma1lr0.js       0.61 kB │ gzip:   0.35 kB
dist/assets/useDraftGuard-D5Q_KObe.js             0.65 kB │ gzip:   0.40 kB
dist/assets/query-CmVHqQH9.js                     1.31 kB │ gzip:   0.59 kB
dist/assets/ScCheckbox-Buq8IvMo.js                2.89 kB │ gzip:   1.32 kB
dist/assets/AdminNavigation-Djr7XcmJ.js           3.35 kB │ gzip:   1.77 kB
dist/assets/AccountPage-BzZJ0qZg.js               3.36 kB │ gzip:   1.53 kB
dist/assets/AdminUsersPage-DDr16Ech.js            3.96 kB │ gzip:   1.68 kB
dist/assets/RequirementsPage-_lIZjFRL.js          4.89 kB │ gzip:   2.00 kB
dist/assets/AdminMenusPage-C1i80pxe.js            5.02 kB │ gzip:   2.15 kB
dist/assets/AdminAuditPage-CjVQ6Gsa.js            5.78 kB │ gzip:   2.26 kB
dist/assets/ScTextArea-CcpH79C8.js                7.54 kB │ gzip:   3.05 kB
dist/assets/MediaWorkspacePage-og3aogW-.js       10.80 kB │ gzip:   3.83 kB
dist/assets/NoticesPage-CE4PCd_p.js              11.87 kB │ gzip:   4.53 kB
dist/assets/DocumentsPage-2SlJ98Iw.js            12.27 kB │ gzip:   4.78 kB
dist/assets/PatternsPage-nEKABkaC.js             15.97 kB │ gzip:   5.89 kB
dist/assets/src-B215ei74.js                      16.09 kB │ gzip:   6.17 kB
dist/assets/RequirementReportPage-DmXbCQ_9.js    16.52 kB │ gzip:   5.47 kB
dist/assets/RequirementWorkspace-CzMFwBMz.js     29.61 kB │ gzip:   8.40 kB
dist/assets/ScSelect-2Njy_uLt.js                127.45 kB │ gzip:  42.57 kB
dist/assets/KanbanPage-CNcEcjrP.js              148.38 kB │ gzip:  47.83 kB
dist/assets/useImageFile-Bsqs7l42.js            212.70 kB │ gzip:  66.13 kB
dist/assets/index-CLFnvQo6.js                   270.99 kB │ gzip:  88.33 kB
dist/assets/vue-i18n-CdxA0mVe.js                381.61 kB │ gzip: 134.81 kB
dist/assets/ScRichTextEditor-Dp4riada.js        387.44 kB │ gzip: 122.68 kB
dist/assets/ScChart-Cwp87Hq4.js                 597.44 kB │ gzip: 202.57 kB
dist/assets/src-DKEEVd_l.js                     933.03 kB │ gzip: 258.12 kB

✓ built in 507ms
[plugin builtin:vite-reporter] 
(!) Some chunks are larger than 500 kB after minification. Consider:
- Using dynamic import() to code-split the application
- Use build.rolldownOptions.output.codeSplitting to improve chunking: https://rolldown.rs/reference/OutputOptions.codeSplitting
- Adjust chunk size limit for this warning via build.chunkSizeWarningLimit.

> @sc/starter-app@0.1.0 build
> vue-tsc --noEmit -p tsconfig.json && vite build

vite v8.3.1 building client environment for production...
transforming...
✓ 1871 modules transformed.
rendering chunks...
computing gzip size...
dist/index.html                               0.49 kB │ gzip:   0.30 kB
dist/assets/PatternsPage-C7Lyu0hs.css        56.82 kB │ gzip:   8.30 kB
dist/assets/index-Bv8SeL7s.css              269.22 kB │ gzip:  39.47 kB
dist/assets/rolldown-runtime-Dd_uD5pT.js      1.10 kB │ gzip:   0.62 kB
dist/assets/index-1AoAAdsY.js               456.97 kB │ gzip: 163.16 kB
dist/assets/PatternsPage-IgRfbp2x.js      2,580.82 kB │ gzip: 790.15 kB

✓ built in 539ms
[plugin builtin:vite-reporter] 
(!) Some chunks are larger than 500 kB after minification. Consider:
- Using dynamic import() to code-split the application
- Use build.rolldownOptions.output.codeSplitting to improve chunking: https://rolldown.rs/reference/OutputOptions.codeSplitting
- Adjust chunk size limit for this warning via build.chunkSizeWarningLimit.
