
> sc-framework@0.2.0 test:stories
> npm run test:stories --workspace @sc/catalog


> @sc/catalog@0.1.0 test:stories
> vitest run --config vitest.config.ts


 RUN  v4.1.11 /Users/dk/Work/ScFramework/frontend/apps/catalog

6:08:16 AM [vite] (client) [console.warn] [@vue/compiler-core] decodeEntities option is passed but will be ignored in non-browser builds.
6:08:16 AM [vite] (client) [console.warn] [@vue/compiler-core] decodeEntities option is passed but will be ignored in non-browser builds.
6:08:16 AM [vite] (client) [console.warn] [@vue/compiler-core] decodeEntities option is passed but will be ignored in non-browser builds.
6:08:16 AM [vite] (client) [console.warn] [@vue/compiler-core] decodeEntities option is passed but will be ignored in non-browser builds.
6:08:16 AM [vite] (client) [console.warn] [@vue/compiler-core] decodeEntities option is passed but will be ignored in non-browser builds.
6:08:16 AM [vite] (client) [console.warn] [@vue/compiler-core] decodeEntities option is passed but will be ignored in non-browser builds.
6:08:16 AM [vite] (client) [console.warn] [@vue/compiler-core] decodeEntities option is passed but will be ignored in non-browser builds.
6:08:16 AM [vite] (client) [console.warn] [@vue/compiler-core] decodeEntities option is passed but will be ignored in non-browser builds.
6:08:16 AM [vite] (client) [console.warn] [@vue/compiler-core] decodeEntities option is passed but will be ignored in non-browser builds.
6:08:16 AM [vite] (client) [console.warn] [@vue/compiler-core] decodeEntities option is passed but will be ignored in non-browser builds.
6:08:16 AM [vite] (client) [console.warn] [@vue/compiler-core] decodeEntities option is passed but will be ignored in non-browser builds.
6:08:16 AM [vite] (client) [console.warn] [@vue/compiler-core] decodeEntities option is passed but will be ignored in non-browser builds.
6:08:16 AM [vite] (client) [console.warn] [@vue/compiler-core] decodeEntities option is passed but will be ignored in non-browser builds.
6:08:16 AM [vite] (client) [console.warn] [@vue/compiler-core] decodeEntities option is passed but will be ignored in non-browser builds.
6:08:16 AM [vite] (client) [console.warn] [@vue/compiler-core] decodeEntities option is passed but will be ignored in non-browser builds.
6:08:16 AM [vite] (client) [console.warn] [@vue/compiler-core] decodeEntities option is passed but will be ignored in non-browser builds.
6:08:16 AM [vite] (client) [console.warn] [@vue/compiler-core] decodeEntities option is passed but will be ignored in non-browser builds.
6:08:16 AM [vite] (client) [console.warn] [@vue/compiler-core] decodeEntities option is passed but will be ignored in non-browser builds.
6:08:16 AM [vite] (client) [console.warn] [@vue/compiler-core] decodeEntities option is passed but will be ignored in non-browser builds.
6:08:16 AM [vite] (client) [console.warn] [@vue/compiler-core] decodeEntities option is passed but will be ignored in non-browser builds.
6:08:16 AM [vite] (client) [console.warn] [@vue/compiler-core] decodeEntities option is passed but will be ignored in non-browser builds.
6:08:16 AM [vite] (client) [console.warn] [@vue/compiler-core] decodeEntities option is passed but will be ignored in non-browser builds.
6:08:16 AM [vite] (client) [console.warn] [@vue/compiler-core] decodeEntities option is passed but will be ignored in non-browser builds.
6:08:16 AM [vite] (client) [console.warn] [@vue/compiler-core] decodeEntities option is passed but will be ignored in non-browser builds.
6:08:17 AM [vite] (client) [console.warn] [@vue/compiler-core] decodeEntities option is passed but will be ignored in non-browser builds.
6:08:17 AM [vite] (client) [console.warn] [@vue/compiler-core] decodeEntities option is passed but will be ignored in non-browser builds.
6:08:17 AM [vite] (client) [console.warn] [@vue/compiler-core] decodeEntities option is passed but will be ignored in non-browser builds.
6:08:17 AM [vite] (client) [console.warn] [@vue/compiler-core] decodeEntities option is passed but will be ignored in non-browser builds.
6:08:17 AM [vite] (client) [console.warn] [@vue/compiler-core] decodeEntities option is passed but will be ignored in non-browser builds.
6:08:17 AM [vite] (client) [console.warn] [@vue/compiler-core] decodeEntities option is passed but will be ignored in non-browser builds.
6:08:17 AM [vite] (client) [console.warn] [@vue/compiler-core] decodeEntities option is passed but will be ignored in non-browser builds.
6:08:17 AM [vite] (client) [console.warn] [@vue/compiler-core] decodeEntities option is passed but will be ignored in non-browser builds.
6:08:17 AM [vite] (client) [console.warn] [@vue/compiler-core] decodeEntities option is passed but will be ignored in non-browser builds.
6:08:18 AM [vite] (client) [console.warn] [@vue/compiler-core] decodeEntities option is passed but will be ignored in non-browser builds.
6:08:18 AM [vite] (client) [console.warn] [@vue/compiler-core] decodeEntities option is passed but will be ignored in non-browser builds.
6:08:18 AM [vite] (client) [console.warn] [@vue/compiler-core] decodeEntities option is passed but will be ignored in non-browser builds.
6:08:18 AM [vite] (client) [console.warn] [@vue/compiler-core] decodeEntities option is passed but will be ignored in non-browser builds.
6:08:18 AM [vite] (client) [console.warn] [@vue/compiler-core] decodeEntities option is passed but will be ignored in non-browser builds.
6:08:18 AM [vite] (client) [console.warn] [@vue/compiler-core] decodeEntities option is passed but will be ignored in non-browser builds.
6:08:18 AM [vite] (client) [console.warn] [@vue/compiler-core] decodeEntities option is passed but will be ignored in non-browser builds.
6:08:18 AM [vite] (client) [console.warn] [@vue/compiler-core] decodeEntities option is passed but will be ignored in non-browser builds.
6:08:18 AM [vite] (client) [console.warn] [@vue/compiler-core] decodeEntities option is passed but will be ignored in non-browser builds.
6:08:18 AM [vite] (client) [console.warn] [@vue/compiler-core] decodeEntities option is passed but will be ignored in non-browser builds.
6:08:18 AM [vite] (client) [console.warn] [@vue/compiler-core] decodeEntities option is passed but will be ignored in non-browser builds.
6:08:18 AM [vite] (client) [console.warn] [@vue/compiler-core] decodeEntities option is passed but will be ignored in non-browser builds.
6:08:18 AM [vite] (client) [console.warn] [@vue/compiler-core] decodeEntities option is passed but will be ignored in non-browser builds.
6:08:18 AM [vite] (client) [console.warn] [@vue/compiler-core] decodeEntities option is passed but will be ignored in non-browser builds.
6:08:18 AM [vite] (client) [console.warn] [@vue/compiler-core] decodeEntities option is passed but will be ignored in non-browser builds.
6:08:18 AM [vite] (client) [console.warn] [@vue/compiler-core] decodeEntities option is passed but will be ignored in non-browser builds.
6:08:18 AM [vite] (client) [console.warn] [@vue/compiler-core] decodeEntities option is passed but will be ignored in non-browser builds.
6:08:18 AM [vite] (client) [console.warn] [@vue/compiler-core] decodeEntities option is passed but will be ignored in non-browser builds.
6:08:18 AM [vite] (client) [console.warn] [@vue/compiler-core] decodeEntities option is passed but will be ignored in non-browser builds.
6:08:18 AM [vite] (client) [console.warn] [@vue/compiler-core] decodeEntities option is passed but will be ignored in non-browser builds.
6:08:18 AM [vite] (client) [console.warn] [@vue/compiler-core] decodeEntities option is passed but will be ignored in non-browser builds.
6:08:18 AM [vite] (client) [console.warn] [@vue/compiler-core] decodeEntities option is passed but will be ignored in non-browser builds.

 Test Files  28 passed (28)
      Tests  95 passed (95)
   Start at  06:08:13
   Duration  5.70s (transform 0ms, setup 30.29s, import 4.18s, tests 16.78s, environment 0ms)

