
> @sc/ui@0.1.0 build
> node ../../../scripts/build-library.mjs .

Design token CSS matches tokens.ts.
vite v8.3.1 building client environment for production...
transforming...
✓ 100 modules transformed.
rendering chunks...
computing gzip size...
dist/sc-ui.css                                     33.23 kB │ gzip: 5.01 kB
dist/__styles.js                                    0.00 kB │ gzip: 0.02 kB
dist/chunks/_plugin-vue_export-helper-Pzq_nHDg.js   0.98 kB │ gzip: 0.58 kB
dist/chunks/tokens-Gi1pjZK9.js                      1.67 kB │ gzip: 0.90 kB
dist/chunks/ScActionButton-DKPA-6Pm.js              2.70 kB │ gzip: 1.16 kB
dist/charts.js                                      9.28 kB │ gzip: 3.07 kB
dist/editor.js                                     16.87 kB │ gzip: 5.08 kB
dist/board.js                                      17.71 kB │ gzip: 4.84 kB
dist/image.js                                      18.16 kB │ gzip: 5.30 kB
dist/table.js                                      49.02 kB │ gzip: 9.56 kB
dist/index.js                                      50.72 kB │ gzip: 9.34 kB

✓ built in 166ms
@sc/ui@0.1.0: compiled ESM/declarations/assets ready
