
> sc-notes@1.0.0 build
> npm run typecheck && vite build --config frontend/vite.config.ts


> sc-notes@1.0.0 typecheck
> vue-tsc --noEmit -p frontend/tsconfig.json

vite v8.3.1 building client environment for production...
transforming...
✓ 1784 modules transformed.
rendering chunks...
computing gzip size...
frontend/dist/index.html                            0.39 kB │ gzip:   0.26 kB
frontend/dist/assets/PatternsPage-DxdglvMl.css      0.92 kB │ gzip:   0.40 kB
frontend/dist/assets/index-DAXlcMnv.css           314.78 kB │ gzip:  45.29 kB
frontend/dist/assets/index-BpDA0IEY.js            704.49 kB │ gzip: 237.69 kB
frontend/dist/assets/PatternsPage-CC7PcwAd.js   2,318.22 kB │ gzip: 708.31 kB

✓ built in 440ms
[plugin builtin:vite-reporter] 
(!) Some chunks are larger than 500 kB after minification. Consider:
- Using dynamic import() to code-split the application
- Use build.rolldownOptions.output.codeSplitting to improve chunking: https://rolldown.rs/reference/OutputOptions.codeSplitting
- Adjust chunk size limit for this warning via build.chunkSizeWarningLimit.
