PASS packed login, native form and CSS tokens
PASS typed Notes API, Zod, Query invalidation and 409 draft preservation
PASS packed shared form, locale preservation and dialog focus
PASS packed table, 10000-row virtual view and keyboard focus
PASS packed SVG chart, rich text and XLSX download/import
node:internal/modules/run_main:107
    triggerUncaughtException(
    ^

ExpectError: expect(locator).toHaveText(expected) failed

Locator: getByRole('region', { name: 'Image annotation', exact: true }).locator('.sc-image-annotator').locator('output[aria-label="Normalized box"]')
Expected: "{\"x\":0.2,\"y\":0.15,\"width\":0.25,\"height\":0.35}"
Timeout: 5000ms
Error: element(s) not found

Call log:
  - Expect "toHaveText" getByRole('region', { name: 'Image annotation', exact: true }).locator('.sc-image-annotator').locator('output[aria-label="Normalized box"]') with timeout 5000ms
  - waiting for getByRole('region', { name: 'Image annotation', exact: true }).locator('.sc-image-annotator').locator('output[aria-label="Normalized box"]')

    at captureRawStack (/Users/dk/Work/ScFramework/node_modules/playwright-core/lib/coreBundle.js:8588:17)
    at callMatcherAsStep (/Users/dk/Work/ScFramework/node_modules/playwright/lib/matchers/expect.js:13310:57)
    at Object.toHaveText (/Users/dk/Work/ScFramework/node_modules/playwright/lib/matchers/expect.js:13302:23)
    at /Users/dk/Work/ScFramework/scripts/verify-package-browser.mjs:272:74
    at async group (/Users/dk/Work/ScFramework/scripts/verify-package-browser.mjs:53:3)
    at async file:///Users/dk/Work/ScFramework/scripts/verify-package-browser.mjs:253:5 {
  matcherResult: {
    name: 'toHaveText',
    expected: '{"x":0.2,"y":0.15,"width":0.25,"height":0.35}',
    message: 'expect(locator).toHaveText(expected) failed\n' +
      '\n' +
      `Locator: getByRole('region', { name: 'Image annotation', exact: true }).locator('.sc-image-annotator').locator('output[aria-label="Normalized box"]')\n` +
      'Expected: "{\\"x\\":0.2,\\"y\\":0.15,\\"width\\":0.25,\\"height\\":0.35}"\n' +
      'Timeout: 5000ms\n' +
      'Error: element(s) not found\n' +
      '\n' +
      'Call log:\n' +
      `  - Expect "toHaveText" getByRole('region', { name: 'Image annotation', exact: true }).locator('.sc-image-annotator').locator('output[aria-label="Normalized box"]') with timeout 5000ms\n` +
      `  - waiting for getByRole('region', { name: 'Image annotation', exact: true }).locator('.sc-image-annotator').locator('output[aria-label="Normalized box"]')\n`,
    pass: false,
    actual: undefined,
    log: [
      `  - Expect "toHaveText" getByRole('region', { name: 'Image annotation', exact: true }).locator('.sc-image-annotator').locator('output[aria-label="Normalized box"]') with timeout 5000ms`,
      `  - waiting for getByRole('region', { name: 'Image annotation', exact: true }).locator('.sc-image-annotator').locator('output[aria-label="Normalized box"]')`
    ],
    timeout: 5000,
    ariaSnapshot: '- link "Skip to content":\n' +
      '  - /url: "#sc-content-sc-1-0"\n' +
      '- banner:\n' +
      '  - paragraph: sc-notes\n' +
      '  - paragraph: Starter\n' +
      '  - text: 언어 / Language\n' +
      '  - combobox "언어 / Language":\n' +
      '    - option "한국어"\n' +
      '    - option "English" [selected]\n' +
      '  - button "Sign out"\n' +
      '- complementary:\n' +
      '  - navigation "Navigation":\n' +
      '    - paragraph: Navigation\n' +
      '    - list:\n' +
      '      - listitem:\n' +
      '        - link "Notes":\n' +
      '          - /url: /notes\n' +
      '      - listitem:\n' +
      '        - link "Common feature examples":\n' +
      '          - /url: /patterns\n' +
      '  - paragraph: Compose screens with shared modules.\n' +
      '- main:\n' +
      '  - heading "Common feature examples" [level=1]\n' +
      '  - region "Shared input form":\n' +
      '    - heading "Shared input form" [level=2]\n' +
      '    - paragraph: This screen owns form state and Zod validation.\n' +
      '    - form "Shared input form":\n' +
      '      - text: Title\n' +
      '      - textbox "Title"\n' +
      '      - combobox:\n' +
      '        - text: Category\n' +
      '        - combobox "Category"\n' +
      '      - alert\n' +
      '      - text: Description\n' +
      '      - textbox "Description"\n' +
      '      - alert\n' +
      '      - checkbox "Review acknowledged"\n' +
      '      - text: Review acknowledged\n' +
      '      - alert\n' +
      '      - paragraph: This example validates locally. Use Notes for API saving.\n' +
      '      - button "Reset"\n' +
      '      - button "Save"\n' +
      '  - region "Sorting, pagination and selection":\n' +
      '    - heading "Sorting, pagination and selection" [level=2]\n' +
      '    - status: 1 selected\n' +
      '    - region "Sorting, pagination and selection scroll area":\n' +
      '      - table "Sorting, pagination and selection":\n' +
      '        - caption: Sorting, pagination and selection\n' +
      '        - rowgroup:\n' +
      `          - 'row "Select this page Sort Name: asc Sort Quantity: none"':\n` +
      '            - columnheader "Select this page":\n' +
      '              - checkbox "Select this page"\n' +
      `            - 'columnheader "Sort Name: asc"':\n` +
      `              - 'button "Sort Name: asc"': Name\n` +
      `            - 'columnheader "Sort Quantity: none"':\n` +
      `              - 'button "Sort Quantity: none"': Quantity\n` +
      '        - rowgroup:\n' +
      '          - row "Select 예제 00030 예제 00030 30":\n' +
      '            - cell "Select 예제 00030":\n' +
      '              - checkbox "Select 예제 00030"\n' +
      '            - cell "예제 00030"\n' +
      '            - cell "30"\n' +
      '          - row "Select 예제 00029 예제 00029 29":\n' +
      '            - cell "Select 예제 00029":\n' +
      '              - checkbox "Select 예제 00029"\n' +
      '            - cell "예제 00029"\n' +
      '            - cell "29"\n' +
      '          - row "Select 예제 00028 예제 00028 28":\n' +
      '            - cell "Select 예제 00028":\n' +
      '              - checkbox "Select 예제 00028"\n' +
      '            - cell "예제 00028"\n' +
      '            - cell "28"\n' +
      '          - row "Select 예제 00027 예제 00027 27":\n' +
      '            - cell "Select 예제 00027":\n' +
      '              - checkbox "Select 예제 00027"\n' +
      '            - cell "예제 00027"\n' +
      '            - cell "27"\n' +
      '          - row "Select 예제 00026 예제 00026 26":\n' +
      '            - cell "Select 예제 00026":\n' +
      '              - checkbox "Select 예제 00026"\n' +
      '            - cell "예제 00026"\n' +
      '            - cell "26"\n' +
      '          - row "Select 예제 00025 예제 00025 25":\n' +
      '            - cell "Select 예제 00025":\n' +
      '              - checkbox "Select 예제 00025"\n' +
      '            - cell "예제 00025"\n' +
      '            - cell "25"\n' +
      '          - row "Select 예제 00024 예제 00024 24":\n' +
      '            - cell "Select 예제 00024":\n' +
      '              - checkbox "Select 예제 00024"\n' +
      '            - cell "예제 00024"\n' +
      '            - cell "24"\n' +
      '          - row "Select 예제 00023 예제 00023 23":\n' +
      '            - cell "Select 예제 00023":\n' +
      '              - checkbox "Select 예제 00023"\n' +
      '            - cell "예제 00023"\n' +
      '            - cell "23"\n' +
      '          - row "Select 예제 00022 예제 00022 22":\n' +
      '            - cell "Select 예제 00022":\n' +
      '              - checkbox "Select 예제 00022"\n' +
      '            - cell "예제 00022"\n' +
      '            - cell "22"\n' +
      '          - row "Select 예제 00021 예제 00021 21":\n' +
      '            - cell "Select 예제 00021":\n' +
      '              - checkbox "Select 예제 00021"\n' +
      '            - cell "예제 00021"\n' +
      '            - cell "21"\n' +
      '    - navigation "Sorting, pagination and selection Paginated view":\n' +
      '      - button "Previous" [disabled]\n' +
      '      - text: Page 1 of 3, 30 rows\n' +
      '      - button "Next"\n' +
      `  - 'region "Virtual table: 10,000 rows"':\n` +
      `    - 'heading "Virtual table: 10,000 rows" [level=2]'\n` +
      '    - button "Paginated view"\n' +
      '    - paragraph: Only visible rows are rendered. Use paginated view for full table navigation.\n' +
      '    - status: 1 selected\n' +
      `    - 'group "Virtual table: 10,000 rows"':\n` +
      '      - button "First row"\n' +
      '      - button "Previous row"\n' +
      '      - status: Row 1 of 10000\n' +
      '      - button "Next row"\n' +
      '      - button "Last row"\n' +
      `    - 'region "Virtual table: 10,000 rows scroll area"':\n` +
      `      - 'table "Virtual table: 10,000 rows"':\n` +
      '        - caption: "Virtual table: 10,000 rows"\n' +
      '        - rowgroup:\n' +
      `          - 'row "Select this page Sort Name: asc Sort Quantity: none"':\n` +
      '            - columnheader "Select this page":\n' +
      '              - checkbox "Select this page" [checked=mixed]\n' +
      `            - 'columnheader "Sort Name: asc"':\n` +
      `              - 'button "Sort Name: asc"': Name\n` +
      `            - 'columnheader "Sort Quantity: none"':\n` +
      `              - 'button "Sort Quantity: none"': Quantity\n` +
      '        - rowgroup:\n' +
      '          - row "Select 예제 10000 예제 10000 10000":\n' +
      '            - cell "Select 예제 10000":\n' +
      '              - checkbox "Select 예제 10000"\n' +
      '            - cell "예제 10000"\n' +
      '            - cell "10000"\n' +
      '          - row "Select 예제 09999 예제 09999 9999":\n' +
      '            - cell "Select 예제 09999":\n' +
      '              - checkbox "Select 예제 09999"\n' +
      '            - cell "예제 09999"\n' +
      '            - cell "9999"\n' +
      '          - row "Select 예제 09998 예제 09998 9998":\n' +
      '            - cell "Select 예제 09998":\n' +
      '              - checkbox "Select 예제 09998"\n' +
      '            - cell "예제 09998"\n' +
      '            - cell "9998"\n' +
      '          - row "Select 예제 09997 예제 09997 9997":\n' +
      '            - cell "Select 예제 09997":\n' +
      '              - checkbox "Select 예제 09997"\n' +
      '            - cell "예제 09997"\n' +
      '            - cell "9997"\n' +
      '          - row "Select 예제 09996 예제 09996 9996":\n' +
      '            - cell "Select 예제 09996":\n' +
      '              - checkbox "Select 예제 09996"\n' +
      '            - cell "예제 09996"\n' +
      '            - cell "9996"\n' +
      '          - row "Select 예제 09995 예제 09995 9995":\n' +
      '            - cell "Select 예제 09995":\n' +
      '              - checkbox "Select 예제 09995"\n' +
      '            - cell "예제 09995"\n' +
      '            - cell "9995"\n' +
      '          - row "Select 예제 09994 예제 09994 9994":\n' +
      '            - cell "Select 예제 09994":\n' +
      '              - checkbox "Select 예제 09994"\n' +
      '            - cell "예제 09994"\n' +
      '            - cell "9994"\n' +
      '          - row "Select 예제 09993 예제 09993 9993":\n' +
      '            - cell "Select 예제 09993":\n' +
      '              - checkbox "Select 예제 09993"\n' +
      '            - cell "예제 09993"\n' +
      '            - cell "9993"\n' +
      '          - row "Select 예제 09992 예제 09992 9992":\n' +
      '            - cell "Select 예제 09992":\n' +
      '              - checkbox "Select 예제 09992"\n' +
      '            - cell "예제 09992"\n' +
      '            - cell "9992"\n' +
      '          - row "Select 예제 09991 예제 09991 9991":\n' +
      '            - cell "Select 예제 09991":\n' +
      '              - checkbox "Select 예제 09991"\n' +
      '            - cell "예제 09991"\n' +
      '            - cell "9991"\n' +
      '          - row "Select 예제 09990 예제 09990 9990":\n' +
      '            - cell "Select 예제 09990":\n' +
      '              - checkbox "Select 예제 09990"\n' +
      '            - cell "예제 09990"\n' +
      '            - cell "9990"\n' +
      '          - row "Select 예제 09989 예제 09989 9989":\n' +
      '            - cell "Select 예제 09989":\n' +
      '              - checkbox "Select 예제 09989"\n' +
      '            - cell "예제 09989"\n' +
      '            - cell "9989"\n' +
      '          - row "Select 예제 09988 예제 09988 9988":\n' +
      '            - cell "Select 예제 09988":\n' +
      '              - checkbox "Select 예제 09988"\n' +
      '            - cell "예제 09988"\n' +
      '            - cell "9988"\n' +
      '          - row "Select 예제 09987 예제 09987 9987":\n' +
      '            - cell "Select 예제 09987":\n' +
      '              - checkbox "Select 예제 09987"\n' +
      '            - cell "예제 09987"\n' +
      '            - cell "9987"\n' +
      '          - row "Select 예제 09986 예제 09986 9986":\n' +
      '            - cell "Select 예제 09986":\n' +
      '              - checkbox "Select 예제 09986"\n' +
      '            - cell "예제 09986"\n' +
      '            - cell "9986"\n' +
      '          - row "Select 예제 09985 예제 09985 9985":\n' +
      '            - cell "Select 예제 09985":\n' +
      '              - checkbox "Select 예제 09985"\n' +
      '            - cell "예제 09985"\n' +
      '            - cell "9985"\n' +
      '          - row "Select 예제 09984 예제 09984 9984":\n' +
      '            - cell "Select 예제 09984":\n' +
      '              - checkbox "Select 예제 09984"\n' +
      '            - cell "예제 09984"\n' +
      '            - cell "9984"\n' +
      `  - 'region "Virtual list: 10,000 rows"':\n` +
      `    - 'heading "Virtual list: 10,000 rows" [level=2]'\n` +
      `    - 'group "Virtual list: 10,000 rows"':\n` +
      '      - button "First row"\n' +
      '      - button "Previous row"\n' +
      '      - status: Row 1 of 10000\n' +
      '      - button "Next row"\n' +
      '      - button "Last row"\n' +
      `    - 'region "Virtual list: 10,000 rows scroll area"':\n` +
      `      - 'list "Virtual list: 10,000 rows"':\n` +
      '        - listitem:\n' +
      '          - button "예제 00001"\n' +
      '          - text: 예제 00001 · 1\n' +
      '        - listitem:\n' +
      '          - button "예제 00002"\n' +
      '          - text: 예제 00002 · 2\n' +
      '        - listitem:\n' +
      '          - button "예제 00003"\n' +
      '          - text: 예제 00003 · 3\n' +
      '        - listitem:\n' +
      '          - button "예제 00004"\n' +
      '          - text: 예제 00004 · 4\n' +
      '        - listitem:\n' +
      '          - button "예제 00005"\n' +
      '          - text: 예제 00005 · 5\n' +
      '        - listitem:\n' +
      '          - button "예제 00006"\n' +
      '          - text: 예제 00006 · 6\n' +
      '        - listitem:\n' +
      '          - button "예제 00007"\n' +
      '          - text: 예제 00007 · 7\n' +
      '        - listitem:\n' +
      '          - button "예제 00008"\n' +
      '          - text: 예제 00008 · 8\n' +
      '        - listitem:\n' +
      '          - button "예제 00009"\n' +
      '          - text: 예제 00009 · 9\n' +
      '        - listitem:\n' +
      '          - button "예제 00010"\n' +
      '          - text: 예제 00010 · 10\n' +
      '        - listitem:\n' +
      '          - button "예제 00011"\n' +
      '          - text: 예제 00011 · 11\n' +
      '        - listitem:\n' +
      '          - button "예제 00012"\n' +
      '          - text: 예제 00012 · 12\n' +
      '  - region "Sample chart":\n' +
      '    - heading "Sample chart" [level=2]\n' +
      '    - button "Change data"\n' +
      '    - button "Line chart"\n' +
      '    - figure "Sample chart":\n' +
      '      - text: Sample chart\n' +
      '      - paragraph: The three sample values are also available in a table.\n' +
      '      - group:\n' +
      '        - text: Chart data\n' +
      '        - table "Sample chart — Chart data":\n' +
      '          - caption: Sample chart — Chart data\n' +
      '          - rowgroup:\n' +
      '            - row "Name Quantity Select datum":\n' +
      '              - columnheader "Name"\n' +
      '              - columnheader "Quantity"\n' +
      '              - columnheader "Select datum"\n' +
      '          - rowgroup:\n' +
      '            - r'... 5394 more characters
  }
}

Node.js v24.16.0
Traceback (most recent call last):
  File "/Users/dk/Work/ScFramework/scripts/verify-generated-app.py", line 64, in <module>
    assert browser.returncode == 0, "External generated-app browser checks failed"
           ^^^^^^^^^^^^^^^^^^^^^^^
AssertionError: External generated-app browser checks failed
