scripts/build-library.mjs 20ms (unchanged)
scripts/library-config.mjs 6ms (unchanged)
scripts/library-artifacts.mjs 12ms (unchanged)
scripts/library-artifacts.spec.mjs 4ms
frontend/packages/ui/package.json 1ms (unchanged)
frontend/packages/ui/tsconfig.build.json 1ms (unchanged)
frontend/packages/ui/vite.library.config.mjs 1ms (unchanged)
frontend/packages/ui/source-entries.json 0ms (unchanged)
frontend/packages/ui/library/styles.ts 9ms (unchanged)
frontend/packages/ui/README.md 32ms (unchanged)
frontend/packages/runtime/package.json 1ms (unchanged)
frontend/packages/runtime/tsconfig.build.json 1ms (unchanged)
frontend/packages/runtime/vite.library.config.mjs 0ms (unchanged)
frontend/packages/runtime/README.md 4ms (unchanged)
frontend/packages/date/package.json 0ms (unchanged)
frontend/packages/date/tsconfig.build.json 0ms (unchanged)
frontend/packages/date/vite.library.config.mjs 0ms (unchanged)
frontend/packages/date/README.md 3ms (unchanged)
frontend/packages/excel/package.json 0ms (unchanged)
frontend/packages/excel/tsconfig.build.json 1ms (unchanged)
frontend/packages/excel/vite.library.config.mjs 0ms (unchanged)
frontend/packages/excel/README.md 4ms (unchanged)
frontend/packages/i18n/package.json 0ms (unchanged)
frontend/packages/i18n/tsconfig.build.json 0ms (unchanged)
frontend/packages/i18n/vite.library.config.mjs 0ms (unchanged)
frontend/packages/i18n/README.md 3ms (unchanged)
