[INFO] Scanning for projects...
[WARNING] Could not validate integrity of download from file:///private/tmp/sc-framework-consumer-012-20261007/vendor/maven/dev/scframework/sc-framework-parent/0.3.0-SNAPSHOT/sc-framework-parent-0.3.0-SNAPSHOT.pom
org.eclipse.aether.transfer.ChecksumFailureException: Checksum validation failed, no checksums available
    at org.eclipse.aether.internal.impl.AbstractChecksumPolicy.onNoMoreChecksums (AbstractChecksumPolicy.java:63)
    at org.eclipse.aether.connector.basic.ChecksumValidator.validate (ChecksumValidator.java:112)
    at org.eclipse.aether.connector.basic.BasicRepositoryConnector$GetTaskRunner.runTask (BasicRepositoryConnector.java:486)
    at org.eclipse.aether.connector.basic.BasicRepositoryConnector$TaskRunner.run (BasicRepositoryConnector.java:416)
    at org.eclipse.aether.connector.basic.BasicRepositoryConnector.get (BasicRepositoryConnector.java:260)
    at org.eclipse.aether.internal.impl.DefaultArtifactResolver.performDownloads (DefaultArtifactResolver.java:550)
    at org.eclipse.aether.internal.impl.DefaultArtifactResolver.resolve (DefaultArtifactResolver.java:450)
    at org.eclipse.aether.internal.impl.DefaultArtifactResolver.resolveArtifacts (DefaultArtifactResolver.java:261)
    at org.eclipse.aether.internal.impl.DefaultArtifactResolver.resolveArtifact (DefaultArtifactResolver.java:243)
    at org.eclipse.aether.internal.impl.DefaultRepositorySystem.resolveArtifact (DefaultRepositorySystem.java:278)
    at org.apache.maven.project.ProjectModelResolver.resolveModel (ProjectModelResolver.java:172)
    at org.apache.maven.project.ProjectModelResolver.resolveModel (ProjectModelResolver.java:218)
    at org.apache.maven.model.building.DefaultModelBuilder.readParentExternally (DefaultModelBuilder.java:1035)
    at org.apache.maven.model.building.DefaultModelBuilder.readParent (DefaultModelBuilder.java:827)
    at org.apache.maven.model.building.DefaultModelBuilder.build (DefaultModelBuilder.java:336)
    at org.apache.maven.model.building.DefaultModelBuilder.build (DefaultModelBuilder.java:248)
    at org.apache.maven.project.DefaultProjectBuilder.build (DefaultProjectBuilder.java:447)
    at org.apache.maven.project.DefaultProjectBuilder.build (DefaultProjectBuilder.java:410)
    at org.apache.maven.project.DefaultProjectBuilder.build (DefaultProjectBuilder.java:367)
    at org.apache.maven.graph.DefaultGraphBuilder.collectProjects (DefaultGraphBuilder.java:351)
    at org.apache.maven.graph.DefaultGraphBuilder.getProjectsForMavenReactor (DefaultGraphBuilder.java:342)
    at org.apache.maven.graph.DefaultGraphBuilder.build (DefaultGraphBuilder.java:76)
    at org.apache.maven.DefaultMaven.buildGraph (DefaultMaven.java:448)
    at org.apache.maven.DefaultMaven.doExecute (DefaultMaven.java:197)
    at org.apache.maven.DefaultMaven.doExecute (DefaultMaven.java:173)
    at org.apache.maven.DefaultMaven.execute (DefaultMaven.java:101)
    at org.apache.maven.cli.MavenCli.execute (MavenCli.java:919)
    at org.apache.maven.cli.MavenCli.doMain (MavenCli.java:285)
    at org.apache.maven.cli.MavenCli.main (MavenCli.java:207)
    at jdk.internal.reflect.DirectMethodHandleAccessor.invoke (DirectMethodHandleAccessor.java:103)
    at java.lang.reflect.Method.invoke (Method.java:580)
    at org.codehaus.plexus.classworlds.launcher.Launcher.launchEnhanced (Launcher.java:255)
    at org.codehaus.plexus.classworlds.launcher.Launcher.launch (Launcher.java:201)
    at org.codehaus.plexus.classworlds.launcher.Launcher.mainWithExitCode (Launcher.java:362)
    at org.codehaus.plexus.classworlds.launcher.Launcher.main (Launcher.java:314)
[INFO] 
[INFO] ------------< dev.scframework.consumer012:sc-consumer-012 >-------------
[INFO] Building sc-consumer-012 1.0.0
[INFO]   from pom.xml
[INFO] --------------------------------[ jar ]---------------------------------
[WARNING] Could not validate integrity of download from file:///private/tmp/sc-framework-consumer-012-20261007/vendor/maven/dev/scframework/framework-spring-boot-starter/0.3.0-SNAPSHOT/framework-spring-boot-starter-0.3.0-SNAPSHOT.pom
org.eclipse.aether.transfer.ChecksumFailureException: Checksum validation failed, no checksums available
    at org.eclipse.aether.internal.impl.AbstractChecksumPolicy.onNoMoreChecksums (AbstractChecksumPolicy.java:63)
    at org.eclipse.aether.connector.basic.ChecksumValidator.validate (ChecksumValidator.java:112)
    at org.eclipse.aether.connector.basic.BasicRepositoryConnector$GetTaskRunner.runTask (BasicRepositoryConnector.java:486)
    at org.eclipse.aether.connector.basic.BasicRepositoryConnector$TaskRunner.run (BasicRepositoryConnector.java:416)
    at org.eclipse.aether.connector.basic.BasicRepositoryConnector.get (BasicRepositoryConnector.java:260)
    at org.eclipse.aether.internal.impl.DefaultArtifactResolver.performDownloads (DefaultArtifactResolver.java:550)
    at org.eclipse.aether.internal.impl.DefaultArtifactResolver.resolve (DefaultArtifactResolver.java:450)
    at org.eclipse.aether.internal.impl.DefaultArtifactResolver.resolveArtifacts (DefaultArtifactResolver.java:261)
    at org.eclipse.aether.internal.impl.DefaultArtifactResolver.resolveArtifact (DefaultArtifactResolver.java:243)
    at org.apache.maven.repository.internal.DefaultArtifactDescriptorReader.loadPom (DefaultArtifactDescriptorReader.java:243)
    at org.apache.maven.repository.internal.DefaultArtifactDescriptorReader.readArtifactDescriptor (DefaultArtifactDescriptorReader.java:183)
    at org.eclipse.aether.internal.impl.collect.df.DfDependencyCollector.resolveCachedArtifactDescriptor (DfDependencyCollector.java:382)
    at org.eclipse.aether.internal.impl.collect.df.DfDependencyCollector.getArtifactDescriptorResult (DfDependencyCollector.java:368)
    at org.eclipse.aether.internal.impl.collect.df.DfDependencyCollector.processDependency (DfDependencyCollector.java:218)
    at org.eclipse.aether.internal.impl.collect.df.DfDependencyCollector.processDependency (DfDependencyCollector.java:156)
    at org.eclipse.aether.internal.impl.collect.df.DfDependencyCollector.process (DfDependencyCollector.java:138)
    at org.eclipse.aether.internal.impl.collect.df.DfDependencyCollector.doCollectDependencies (DfDependencyCollector.java:108)
    at org.eclipse.aether.internal.impl.collect.DependencyCollectorDelegate.collectDependencies (DependencyCollectorDelegate.java:222)
    at org.eclipse.aether.internal.impl.collect.DefaultDependencyCollector.collectDependencies (DefaultDependencyCollector.java:87)
    at org.eclipse.aether.internal.impl.DefaultRepositorySystem.collectDependencies (DefaultRepositorySystem.java:306)
    at org.apache.maven.project.DefaultProjectDependenciesResolver.resolve (DefaultProjectDependenciesResolver.java:151)
    at org.apache.maven.lifecycle.internal.LifecycleDependencyResolver.getDependencies (LifecycleDependencyResolver.java:227)
    at org.apache.maven.lifecycle.internal.LifecycleDependencyResolver.resolveProjectDependencies (LifecycleDependencyResolver.java:136)
    at org.apache.maven.lifecycle.internal.MojoExecutor.ensureDependenciesAreResolved (MojoExecutor.java:355)
    at org.apache.maven.lifecycle.internal.MojoExecutor.doExecute (MojoExecutor.java:314)
    at org.apache.maven.lifecycle.internal.MojoExecutor.execute (MojoExecutor.java:212)
    at org.apache.maven.lifecycle.internal.MojoExecutor.execute (MojoExecutor.java:174)
    at org.apache.maven.lifecycle.internal.MojoExecutor.access$000 (MojoExecutor.java:75)
    at org.apache.maven.lifecycle.internal.MojoExecutor$1.run (MojoExecutor.java:162)
    at org.apache.maven.plugin.DefaultMojosExecutionStrategy.execute (DefaultMojosExecutionStrategy.java:39)
    at org.apache.maven.lifecycle.internal.MojoExecutor.execute (MojoExecutor.java:159)
    at org.apache.maven.lifecycle.internal.LifecycleModuleBuilder.buildProject (LifecycleModuleBuilder.java:105)
    at org.apache.maven.lifecycle.internal.LifecycleModuleBuilder.buildProject (LifecycleModuleBuilder.java:73)
    at org.apache.maven.lifecycle.internal.builder.singlethreaded.SingleThreadedBuilder.build (SingleThreadedBuilder.java:53)
    at org.apache.maven.lifecycle.internal.LifecycleStarter.execute (LifecycleStarter.java:118)
    at org.apache.maven.DefaultMaven.doExecute (DefaultMaven.java:261)
    at org.apache.maven.DefaultMaven.doExecute (DefaultMaven.java:173)
    at org.apache.maven.DefaultMaven.execute (DefaultMaven.java:101)
    at org.apache.maven.cli.MavenCli.execute (MavenCli.java:919)
    at org.apache.maven.cli.MavenCli.doMain (MavenCli.java:285)
    at org.apache.maven.cli.MavenCli.main (MavenCli.java:207)
    at jdk.internal.reflect.DirectMethodHandleAccessor.invoke (DirectMethodHandleAccessor.java:103)
    at java.lang.reflect.Method.invoke (Method.java:580)
    at org.codehaus.plexus.classworlds.launcher.Launcher.launchEnhanced (Launcher.java:255)
    at org.codehaus.plexus.classworlds.launcher.Launcher.launch (Launcher.java:201)
    at org.codehaus.plexus.classworlds.launcher.Launcher.mainWithExitCode (Launcher.java:362)
    at org.codehaus.plexus.classworlds.launcher.Launcher.main (Launcher.java:314)
[WARNING] Could not validate integrity of download from file:///private/tmp/sc-framework-consumer-012-20261007/vendor/maven/dev/scframework/framework-autoconfigure/0.3.0-SNAPSHOT/framework-autoconfigure-0.3.0-SNAPSHOT.pom
org.eclipse.aether.transfer.ChecksumFailureException: Checksum validation failed, no checksums available
    at org.eclipse.aether.internal.impl.AbstractChecksumPolicy.onNoMoreChecksums (AbstractChecksumPolicy.java:63)
    at org.eclipse.aether.connector.basic.ChecksumValidator.validate (ChecksumValidator.java:112)
    at org.eclipse.aether.connector.basic.BasicRepositoryConnector$GetTaskRunner.runTask (BasicRepositoryConnector.java:486)
    at org.eclipse.aether.connector.basic.BasicRepositoryConnector$TaskRunner.run (BasicRepositoryConnector.java:416)
    at org.eclipse.aether.connector.basic.BasicRepositoryConnector.get (BasicRepositoryConnector.java:260)
    at org.eclipse.aether.internal.impl.DefaultArtifactResolver.performDownloads (DefaultArtifactResolver.java:550)
    at org.eclipse.aether.internal.impl.DefaultArtifactResolver.resolve (DefaultArtifactResolver.java:450)
    at org.eclipse.aether.internal.impl.DefaultArtifactResolver.resolveArtifacts (DefaultArtifactResolver.java:261)
    at org.eclipse.aether.internal.impl.DefaultArtifactResolver.resolveArtifact (DefaultArtifactResolver.java:243)
    at org.apache.maven.repository.internal.DefaultArtifactDescriptorReader.loadPom (DefaultArtifactDescriptorReader.java:243)
    at org.apache.maven.repository.internal.DefaultArtifactDescriptorReader.readArtifactDescriptor (DefaultArtifactDescriptorReader.java:183)
    at org.eclipse.aether.internal.impl.collect.df.DfDependencyCollector.resolveCachedArtifactDescriptor (DfDependencyCollector.java:382)
    at org.eclipse.aether.internal.impl.collect.df.DfDependencyCollector.getArtifactDescriptorResult (DfDependencyCollector.java:368)
    at org.eclipse.aether.internal.impl.collect.df.DfDependencyCollector.processDependency (DfDependencyCollector.java:218)
    at org.eclipse.aether.internal.impl.collect.df.DfDependencyCollector.processDependency (DfDependencyCollector.java:156)
    at org.eclipse.aether.internal.impl.collect.df.DfDependencyCollector.process (DfDependencyCollector.java:138)
    at org.eclipse.aether.internal.impl.collect.df.DfDependencyCollector.doRecurse (DfDependencyCollector.java:343)
    at org.eclipse.aether.internal.impl.collect.df.DfDependencyCollector.processDependency (DfDependencyCollector.java:277)
    at org.eclipse.aether.internal.impl.collect.df.DfDependencyCollector.processDependency (DfDependencyCollector.java:156)
    at org.eclipse.aether.internal.impl.collect.df.DfDependencyCollector.process (DfDependencyCollector.java:138)
    at org.eclipse.aether.internal.impl.collect.df.DfDependencyCollector.doCollectDependencies (DfDependencyCollector.java:108)
    at org.eclipse.aether.internal.impl.collect.DependencyCollectorDelegate.collectDependencies (DependencyCollectorDelegate.java:222)
    at org.eclipse.aether.internal.impl.collect.DefaultDependencyCollector.collectDependencies (DefaultDependencyCollector.java:87)
    at org.eclipse.aether.internal.impl.DefaultRepositorySystem.collectDependencies (DefaultRepositorySystem.java:306)
    at org.apache.maven.project.DefaultProjectDependenciesResolver.resolve (DefaultProjectDependenciesResolver.java:151)
    at org.apache.maven.lifecycle.internal.LifecycleDependencyResolver.getDependencies (LifecycleDependencyResolver.java:227)
    at org.apache.maven.lifecycle.internal.LifecycleDependencyResolver.resolveProjectDependencies (LifecycleDependencyResolver.java:136)
    at org.apache.maven.lifecycle.internal.MojoExecutor.ensureDependenciesAreResolved (MojoExecutor.java:355)
    at org.apache.maven.lifecycle.internal.MojoExecutor.doExecute (MojoExecutor.java:314)
    at org.apache.maven.lifecycle.internal.MojoExecutor.execute (MojoExecutor.java:212)
    at org.apache.maven.lifecycle.internal.MojoExecutor.execute (MojoExecutor.java:174)
    at org.apache.maven.lifecycle.internal.MojoExecutor.access$000 (MojoExecutor.java:75)
    at org.apache.maven.lifecycle.internal.MojoExecutor$1.run (MojoExecutor.java:162)
    at org.apache.maven.plugin.DefaultMojosExecutionStrategy.execute (DefaultMojosExecutionStrategy.java:39)
    at org.apache.maven.lifecycle.internal.MojoExecutor.execute (MojoExecutor.java:159)
    at org.apache.maven.lifecycle.internal.LifecycleModuleBuilder.buildProject (LifecycleModuleBuilder.java:105)
    at org.apache.maven.lifecycle.internal.LifecycleModuleBuilder.buildProject (LifecycleModuleBuilder.java:73)
    at org.apache.maven.lifecycle.internal.builder.singlethreaded.SingleThreadedBuilder.build (SingleThreadedBuilder.java:53)
    at org.apache.maven.lifecycle.internal.LifecycleStarter.execute (LifecycleStarter.java:118)
    at org.apache.maven.DefaultMaven.doExecute (DefaultMaven.java:261)
    at org.apache.maven.DefaultMaven.doExecute (DefaultMaven.java:173)
    at org.apache.maven.DefaultMaven.execute (DefaultMaven.java:101)
    at org.apache.maven.cli.MavenCli.execute (MavenCli.java:919)
    at org.apache.maven.cli.MavenCli.doMain (MavenCli.java:285)
    at org.apache.maven.cli.MavenCli.main (MavenCli.java:207)
    at jdk.internal.reflect.DirectMethodHandleAccessor.invoke (DirectMethodHandleAccessor.java:103)
    at java.lang.reflect.Method.invoke (Method.java:580)
    at org.codehaus.plexus.classworlds.launcher.Launcher.launchEnhanced (Launcher.java:255)
    at org.codehaus.plexus.classworlds.launcher.Launcher.launch (Launcher.java:201)
    at org.codehaus.plexus.classworlds.launcher.Launcher.mainWithExitCode (Launcher.java:362)
    at org.codehaus.plexus.classworlds.launcher.Launcher.main (Launcher.java:314)
[WARNING] Could not validate integrity of download from file:///private/tmp/sc-framework-consumer-012-20261007/vendor/maven/dev/scframework/framework-core/0.3.0-SNAPSHOT/framework-core-0.3.0-SNAPSHOT.pom
org.eclipse.aether.transfer.ChecksumFailureException: Checksum validation failed, no checksums available
    at org.eclipse.aether.internal.impl.AbstractChecksumPolicy.onNoMoreChecksums (AbstractChecksumPolicy.java:63)
    at org.eclipse.aether.connector.basic.ChecksumValidator.validate (ChecksumValidator.java:112)
    at org.eclipse.aether.connector.basic.BasicRepositoryConnector$GetTaskRunner.runTask (BasicRepositoryConnector.java:486)
    at org.eclipse.aether.connector.basic.BasicRepositoryConnector$TaskRunner.run (BasicRepositoryConnector.java:416)
    at org.eclipse.aether.connector.basic.BasicRepositoryConnector.get (BasicRepositoryConnector.java:260)
    at org.eclipse.aether.internal.impl.DefaultArtifactResolver.performDownloads (DefaultArtifactResolver.java:550)
    at org.eclipse.aether.internal.impl.DefaultArtifactResolver.resolve (DefaultArtifactResolver.java:450)
    at org.eclipse.aether.internal.impl.DefaultArtifactResolver.resolveArtifacts (DefaultArtifactResolver.java:261)
    at org.eclipse.aether.internal.impl.DefaultArtifactResolver.resolveArtifact (DefaultArtifactResolver.java:243)
    at org.apache.maven.repository.internal.DefaultArtifactDescriptorReader.loadPom (DefaultArtifactDescriptorReader.java:243)
    at org.apache.maven.repository.internal.DefaultArtifactDescriptorReader.readArtifactDescriptor (DefaultArtifactDescriptorReader.java:183)
    at org.eclipse.aether.internal.impl.collect.df.DfDependencyCollector.resolveCachedArtifactDescriptor (DfDependencyCollector.java:382)
    at org.eclipse.aether.internal.impl.collect.df.DfDependencyCollector.getArtifactDescriptorResult (DfDependencyCollector.java:368)
    at org.eclipse.aether.internal.impl.collect.df.DfDependencyCollector.processDependency (DfDependencyCollector.java:218)
    at org.eclipse.aether.internal.impl.collect.df.DfDependencyCollector.processDependency (DfDependencyCollector.java:156)
    at org.eclipse.aether.internal.impl.collect.df.DfDependencyCollector.process (DfDependencyCollector.java:138)
    at org.eclipse.aether.internal.impl.collect.df.DfDependencyCollector.doRecurse (DfDependencyCollector.java:343)
    at org.eclipse.aether.internal.impl.collect.df.DfDependencyCollector.processDependency (DfDependencyCollector.java:277)
    at org.eclipse.aether.internal.impl.collect.df.DfDependencyCollector.processDependency (DfDependencyCollector.java:156)
    at org.eclipse.aether.internal.impl.collect.df.DfDependencyCollector.process (DfDependencyCollector.java:138)
    at org.eclipse.aether.internal.impl.collect.df.DfDependencyCollector.doRecurse (DfDependencyCollector.java:343)
    at org.eclipse.aether.internal.impl.collect.df.DfDependencyCollector.processDependency (DfDependencyCollector.java:277)
    at org.eclipse.aether.internal.impl.collect.df.DfDependencyCollector.processDependency (DfDependencyCollector.java:156)
    at org.eclipse.aether.internal.impl.collect.df.DfDependencyCollector.process (DfDependencyCollector.java:138)
    at org.eclipse.aether.internal.impl.collect.df.DfDependencyCollector.doCollectDependencies (DfDependencyCollector.java:108)
    at org.eclipse.aether.internal.impl.collect.DependencyCollectorDelegate.collectDependencies (DependencyCollectorDelegate.java:222)
    at org.eclipse.aether.internal.impl.collect.DefaultDependencyCollector.collectDependencies (DefaultDependencyCollector.java:87)
    at org.eclipse.aether.internal.impl.DefaultRepositorySystem.collectDependencies (DefaultRepositorySystem.java:306)
    at org.apache.maven.project.DefaultProjectDependenciesResolver.resolve (DefaultProjectDependenciesResolver.java:151)
    at org.apache.maven.lifecycle.internal.LifecycleDependencyResolver.getDependencies (LifecycleDependencyResolver.java:227)
    at org.apache.maven.lifecycle.internal.LifecycleDependencyResolver.resolveProjectDependencies (LifecycleDependencyResolver.java:136)
    at org.apache.maven.lifecycle.internal.MojoExecutor.ensureDependenciesAreResolved (MojoExecutor.java:355)
    at org.apache.maven.lifecycle.internal.MojoExecutor.doExecute (MojoExecutor.java:314)
    at org.apache.maven.lifecycle.internal.MojoExecutor.execute (MojoExecutor.java:212)
    at org.apache.maven.lifecycle.internal.MojoExecutor.execute (MojoExecutor.java:174)
    at org.apache.maven.lifecycle.internal.MojoExecutor.access$000 (MojoExecutor.java:75)
    at org.apache.maven.lifecycle.internal.MojoExecutor$1.run (MojoExecutor.java:162)
    at org.apache.maven.plugin.DefaultMojosExecutionStrategy.execute (DefaultMojosExecutionStrategy.java:39)
    at org.apache.maven.lifecycle.internal.MojoExecutor.execute (MojoExecutor.java:159)
    at org.apache.maven.lifecycle.internal.LifecycleModuleBuilder.buildProject (LifecycleModuleBuilder.java:105)
    at org.apache.maven.lifecycle.internal.LifecycleModuleBuilder.buildProject (LifecycleModuleBuilder.java:73)
    at org.apache.maven.lifecycle.internal.builder.singlethreaded.SingleThreadedBuilder.build (SingleThreadedBuilder.java:53)
    at org.apache.maven.lifecycle.internal.LifecycleStarter.execute (LifecycleStarter.java:118)
    at org.apache.maven.DefaultMaven.doExecute (DefaultMaven.java:261)
    at org.apache.maven.DefaultMaven.doExecute (DefaultMaven.java:173)
    at org.apache.maven.DefaultMaven.execute (DefaultMaven.java:101)
    at org.apache.maven.cli.MavenCli.execute (MavenCli.java:919)
    at org.apache.maven.cli.MavenCli.doMain (MavenCli.java:285)
    at org.apache.maven.cli.MavenCli.main (MavenCli.java:207)
    at jdk.internal.reflect.DirectMethodHandleAccessor.invoke (DirectMethodHandleAccessor.java:103)
    at java.lang.reflect.Method.invoke (Method.java:580)
    at org.codehaus.plexus.classworlds.launcher.Launcher.launchEnhanced (Launcher.java:255)
    at org.codehaus.plexus.classworlds.launcher.Launcher.launch (Launcher.java:201)
    at org.codehaus.plexus.classworlds.launcher.Launcher.mainWithExitCode (Launcher.java:362)
    at org.codehaus.plexus.classworlds.launcher.Launcher.main (Launcher.java:314)
[WARNING] Could not validate integrity of download from file:///private/tmp/sc-framework-consumer-012-20261007/vendor/maven/dev/scframework/framework-spring-boot-starter/0.3.0-SNAPSHOT/framework-spring-boot-starter-0.3.0-SNAPSHOT.jar
org.eclipse.aether.transfer.ChecksumFailureException: Checksum validation failed, no checksums available
    at org.eclipse.aether.internal.impl.AbstractChecksumPolicy.onNoMoreChecksums (AbstractChecksumPolicy.java:63)
    at org.eclipse.aether.connector.basic.ChecksumValidator.validate (ChecksumValidator.java:112)
    at org.eclipse.aether.connector.basic.BasicRepositoryConnector$GetTaskRunner.runTask (BasicRepositoryConnector.java:486)
    at org.eclipse.aether.connector.basic.BasicRepositoryConnector$TaskRunner.run (BasicRepositoryConnector.java:416)
    at org.eclipse.aether.connector.basic.BasicRepositoryConnector.get (BasicRepositoryConnector.java:260)
    at org.eclipse.aether.internal.impl.DefaultArtifactResolver.performDownloads (DefaultArtifactResolver.java:550)
    at org.eclipse.aether.internal.impl.DefaultArtifactResolver.resolve (DefaultArtifactResolver.java:450)
    at org.eclipse.aether.internal.impl.DefaultArtifactResolver.resolveArtifacts (DefaultArtifactResolver.java:261)
    at org.eclipse.aether.internal.impl.DefaultRepositorySystem.resolveDependencies (DefaultRepositorySystem.java:353)
    at org.apache.maven.project.DefaultProjectDependenciesResolver.resolve (DefaultProjectDependenciesResolver.java:184)
    at org.apache.maven.lifecycle.internal.LifecycleDependencyResolver.getDependencies (LifecycleDependencyResolver.java:227)
    at org.apache.maven.lifecycle.internal.LifecycleDependencyResolver.resolveProjectDependencies (LifecycleDependencyResolver.java:136)
    at org.apache.maven.lifecycle.internal.MojoExecutor.ensureDependenciesAreResolved (MojoExecutor.java:355)
    at org.apache.maven.lifecycle.internal.MojoExecutor.doExecute (MojoExecutor.java:314)
    at org.apache.maven.lifecycle.internal.MojoExecutor.execute (MojoExecutor.java:212)
    at org.apache.maven.lifecycle.internal.MojoExecutor.execute (MojoExecutor.java:174)
    at org.apache.maven.lifecycle.internal.MojoExecutor.access$000 (MojoExecutor.java:75)
    at org.apache.maven.lifecycle.internal.MojoExecutor$1.run (MojoExecutor.java:162)
    at org.apache.maven.plugin.DefaultMojosExecutionStrategy.execute (DefaultMojosExecutionStrategy.java:39)
    at org.apache.maven.lifecycle.internal.MojoExecutor.execute (MojoExecutor.java:159)
    at org.apache.maven.lifecycle.internal.LifecycleModuleBuilder.buildProject (LifecycleModuleBuilder.java:105)
    at org.apache.maven.lifecycle.internal.LifecycleModuleBuilder.buildProject (LifecycleModuleBuilder.java:73)
    at org.apache.maven.lifecycle.internal.builder.singlethreaded.SingleThreadedBuilder.build (SingleThreadedBuilder.java:53)
    at org.apache.maven.lifecycle.internal.LifecycleStarter.execute (LifecycleStarter.java:118)
    at org.apache.maven.DefaultMaven.doExecute (DefaultMaven.java:261)
    at org.apache.maven.DefaultMaven.doExecute (DefaultMaven.java:173)
    at org.apache.maven.DefaultMaven.execute (DefaultMaven.java:101)
    at org.apache.maven.cli.MavenCli.execute (MavenCli.java:919)
    at org.apache.maven.cli.MavenCli.doMain (MavenCli.java:285)
    at org.apache.maven.cli.MavenCli.main (MavenCli.java:207)
    at jdk.internal.reflect.DirectMethodHandleAccessor.invoke (DirectMethodHandleAccessor.java:103)
    at java.lang.reflect.Method.invoke (Method.java:580)
    at org.codehaus.plexus.classworlds.launcher.Launcher.launchEnhanced (Launcher.java:255)
    at org.codehaus.plexus.classworlds.launcher.Launcher.launch (Launcher.java:201)
    at org.codehaus.plexus.classworlds.launcher.Launcher.mainWithExitCode (Launcher.java:362)
    at org.codehaus.plexus.classworlds.launcher.Launcher.main (Launcher.java:314)
[WARNING] Could not validate integrity of download from file:///private/tmp/sc-framework-consumer-012-20261007/vendor/maven/dev/scframework/framework-core/0.3.0-SNAPSHOT/framework-core-0.3.0-SNAPSHOT.jar
org.eclipse.aether.transfer.ChecksumFailureException: Checksum validation failed, no checksums available
    at org.eclipse.aether.internal.impl.AbstractChecksumPolicy.onNoMoreChecksums (AbstractChecksumPolicy.java:63)
    at org.eclipse.aether.connector.basic.ChecksumValidator.validate (ChecksumValidator.java:112)
    at org.eclipse.aether.connector.basic.BasicRepositoryConnector$GetTaskRunner.runTask (BasicRepositoryConnector.java:486)
    at org.eclipse.aether.connector.basic.BasicRepositoryConnector$TaskRunner.run (BasicRepositoryConnector.java:416)
    at org.eclipse.aether.util.concurrency.RunnableErrorForwarder.lambda$wrap$0 (RunnableErrorForwarder.java:66)
    at java.util.concurrent.ThreadPoolExecutor.runWorker (ThreadPoolExecutor.java:1144)
    at java.util.concurrent.ThreadPoolExecutor$Worker.run (ThreadPoolExecutor.java:642)
    at java.lang.Thread.run (Thread.java:1583)
[WARNING] Could not validate integrity of download from file:///private/tmp/sc-framework-consumer-012-20261007/vendor/maven/dev/scframework/framework-autoconfigure/0.3.0-SNAPSHOT/framework-autoconfigure-0.3.0-SNAPSHOT.jar
org.eclipse.aether.transfer.ChecksumFailureException: Checksum validation failed, no checksums available
    at org.eclipse.aether.internal.impl.AbstractChecksumPolicy.onNoMoreChecksums (AbstractChecksumPolicy.java:63)
    at org.eclipse.aether.connector.basic.ChecksumValidator.validate (ChecksumValidator.java:112)
    at org.eclipse.aether.connector.basic.BasicRepositoryConnector$GetTaskRunner.runTask (BasicRepositoryConnector.java:486)
    at org.eclipse.aether.connector.basic.BasicRepositoryConnector$TaskRunner.run (BasicRepositoryConnector.java:416)
    at org.eclipse.aether.util.concurrency.RunnableErrorForwarder.lambda$wrap$0 (RunnableErrorForwarder.java:66)
    at java.util.concurrent.ThreadPoolExecutor.runWorker (ThreadPoolExecutor.java:1144)
    at java.util.concurrent.ThreadPoolExecutor$Worker.run (ThreadPoolExecutor.java:642)
    at java.lang.Thread.run (Thread.java:1583)
[INFO] 
[INFO] --- clean:3.4.1:clean (default-clean) @ sc-consumer-012 ---
[INFO] Deleting /private/tmp/sc-framework-consumer-012-20261007/backend/target
[INFO] 
[INFO] --- resources:3.3.1:resources (default-resources) @ sc-consumer-012 ---
[INFO] Copying 10 resources from src/main/resources to target/classes
[INFO] Copying 10 resources from ../frontend/dist to target/classes/static
[INFO] 
[INFO] --- compiler:3.14.1:compile (default-compile) @ sc-consumer-012 ---
[INFO] Recompiling the module because of changed dependency.
[INFO] Compiling 20 source files with javac [debug parameters release 21] to target/classes
[INFO] 
[INFO] --- resources:3.3.1:testResources (default-testResources) @ sc-consumer-012 ---
[INFO] skip non existing resourceDirectory /private/tmp/sc-framework-consumer-012-20261007/backend/src/test/resources
[INFO] 
[INFO] --- compiler:3.14.1:testCompile (default-testCompile) @ sc-consumer-012 ---
[INFO] Recompiling the module because of changed dependency.
[INFO] Compiling 2 source files with javac [debug parameters release 21] to target/test-classes
[INFO] 
[INFO] --- surefire:3.5.6:test (default-test) @ sc-consumer-012 ---
[INFO] Tests are skipped.
[INFO] 
[INFO] --- jar:3.4.2:jar (default-jar) @ sc-consumer-012 ---
[INFO] Building jar: /private/tmp/sc-framework-consumer-012-20261007/backend/target/sc-consumer-012.jar
[INFO] 
[INFO] --- spring-boot:3.5.16:repackage (repackage) @ sc-consumer-012 ---
[INFO] Replacing main artifact /private/tmp/sc-framework-consumer-012-20261007/backend/target/sc-consumer-012.jar with repackaged archive, adding nested dependencies in BOOT-INF/.
[INFO] The original artifact has been renamed to /private/tmp/sc-framework-consumer-012-20261007/backend/target/sc-consumer-012.jar.original
[INFO] ------------------------------------------------------------------------
[INFO] BUILD SUCCESS
[INFO] ------------------------------------------------------------------------
[INFO] Total time:  44.195 s
[INFO] Finished at: 2026-10-07T07:43:32+09:00
[INFO] ------------------------------------------------------------------------
