docker.io/grafana/grafana@sha256:b28bae15e219c998fb0e0424ed724930cc61b1f61fb404d47c862f9a23f9e572: Pulling from grafana/grafana
8998fa436a65: Pulling fs layer
947ef31db38e: Pulling fs layer
70c8dc1ba068: Pulling fs layer
bb9dbccd4085: Pulling fs layer
4f4fb700ef54: Pulling fs layer
4f4fb700ef54: Pulling fs layer
ade4e896e587: Pulling fs layer
37bc7484dfb5: Pulling fs layer
df1d4782a40b: Pulling fs layer
a9986cd6f37d: Pulling fs layer
1efc728fcb3e: Pulling fs layer
4f4fb700ef54: Already exists
bb9dbccd4085: Download complete
37bc7484dfb5: Download complete
1efc728fcb3e: Download complete
a9986cd6f37d: Download complete
1efc728fcb3e: Pull complete
a9986cd6f37d: Pull complete
ade4e896e587: Download complete
8998fa436a65: Download complete
70c8dc1ba068: Download complete
4f4fb700ef54: Pull complete
ade4e896e587: Pull complete
8998fa436a65: Pull complete
70c8dc1ba068: Pull complete
947ef31db38e: Download complete
df1d4782a40b: Download complete
df1d4782a40b: Pull complete
bb9dbccd4085: Pull complete
947ef31db38e: Pull complete
37bc7484dfb5: Pull complete
Digest: sha256:b28bae15e219c998fb0e0424ed724930cc61b1f61fb404d47c862f9a23f9e572
Status: Downloaded newer image for grafana/grafana@sha256:b28bae15e219c998fb0e0424ed724930cc61b1f61fb404d47c862f9a23f9e572
docker.io/grafana/grafana:13.2.3@sha256:b28bae15e219c998fb0e0424ed724930cc61b1f61fb404d47c862f9a23f9e572
