frontend/packages/runtime/src/browserErrors.spec.ts 36ms
frontend/apps/reference-app/src/features/operations/api.ts 8ms
frontend/apps/reference-app/src/features/operations/BrowserErrorsPage.vue 60ms
frontend/apps/reference-app/src/features/operations/capabilities.ts 4ms (unchanged)
frontend/apps/reference-app/src/features/operations/messages.ts 3ms
frontend/apps/reference-app/src/features/operations/MessagesPage.vue 22ms
frontend/apps/reference-app/src/features/operations/OperationsGate.vue 4ms (unchanged)
frontend/apps/reference-app/src/features/operations/OperationsNavigation.vue 3ms (unchanged)
frontend/apps/reference-app/src/features/operations/OperationsTable.vue 7ms
frontend/apps/reference-app/src/features/operations/ScheduleForm.vue 14ms (unchanged)
frontend/apps/reference-app/src/features/operations/SchedulesPage.vue 25ms
frontend/apps/reference-app/src/features/operations/url.ts 1ms (unchanged)
frontend/apps/starter-app/src/features/operations/api.ts 3ms
frontend/apps/starter-app/src/features/operations/BrowserPanel.vue 10ms (unchanged)
frontend/apps/starter-app/src/features/operations/capabilities.ts 2ms (unchanged)
frontend/apps/starter-app/src/features/operations/messages.ts 2ms (unchanged)
frontend/apps/starter-app/src/features/operations/MessagesPanel.vue 13ms (unchanged)
frontend/apps/starter-app/src/features/operations/OperationsPage.vue 12ms (unchanged)
frontend/apps/starter-app/src/features/operations/OperationsTable.vue 5ms
frontend/apps/starter-app/src/features/operations/SchedulePanel.vue 25ms
frontend/apps/starter-app/src/features/operations/url.ts 1ms (unchanged)
frontend/playwright.operations.config.ts 2ms
frontend/playwright.config.ts 1ms (unchanged)
frontend/e2e/012-operations.spec.ts 18ms
