 Container scframework-012-20261007-grafana-1 Stopping 
 Container scframework-012-20261007-reference-app-1 Stopping 
 Container scframework-012-20261007-grafana-1 Stopped 
 Container scframework-012-20261007-grafana-1 Removing 
 Container scframework-012-20261007-grafana-1 Removed 
 Container scframework-012-20261007-prometheus-1 Stopping 
 Container scframework-012-20261007-prometheus-1 Stopped 
 Container scframework-012-20261007-prometheus-1 Removing 
 Container scframework-012-20261007-prometheus-1 Removed 
 Container scframework-012-20261007-reference-app-1 Stopped 
 Container scframework-012-20261007-reference-app-1 Removing 
 Container scframework-012-20261007-reference-app-1 Removed 
 Container scframework-012-20261007-collector-1 Stopping 
 Container scframework-012-20261007-rabbitmq-1 Stopping 
 Container scframework-012-20261007-collector-1 Stopped 
 Container scframework-012-20261007-collector-1 Removing 
 Container scframework-012-20261007-collector-1 Removed 
 Container scframework-012-20261007-tempo-1 Stopping 
 Container scframework-012-20261007-loki-1 Stopping 
 Container scframework-012-20261007-loki-1 Stopped 
 Container scframework-012-20261007-loki-1 Removing 
 Container scframework-012-20261007-loki-1 Removed 
 Container scframework-012-20261007-rabbitmq-1 Stopped 
 Container scframework-012-20261007-rabbitmq-1 Removing 
 Container scframework-012-20261007-rabbitmq-1 Removed 
 Container scframework-012-20261007-tempo-1 Stopped 
 Container scframework-012-20261007-tempo-1 Removing 
 Container scframework-012-20261007-tempo-1 Removed 
 Container scframework-012-20261007-initialize-volumes-1 Stopping 
 Container scframework-012-20261007-initialize-volumes-1 Stopped 
 Container scframework-012-20261007-initialize-volumes-1 Removing 
 Container scframework-012-20261007-initialize-volumes-1 Removed 
 Network scframework-012-20261007_default Removing 
 Network scframework-012-20261007_default Removed 
