
  .   ____          _            __ _ _
 /\\ / ___'_ __ _ _(_)_ __  __ _ \ \ \ \
( ( )\___ | '_ | '_| | '_ \/ _` | \ \ \ \
 \\/  ___)| |_)| | | | | || (_| |  ) ) ) )
  '  |____| .__|_| |_|_| |_\__, | / / / /
 =========|_|==============|___/=/_/_/_/

 :: Spring Boot ::               (v3.5.16)

2026-10-07T06:50:54.482+09:00  INFO [requestId:] 46705 --- [sc-reference-app] [           main] [                                                 ] d.s.reference.ReferenceApplication       : Starting ReferenceApplication v0.2.0-SNAPSHOT using Java 21.0.11 with PID 46705 (/Users/dk/Work/ScFramework/backend/reference-app/target/sc-reference-app.jar started by dk in /private/var/folders/8k/rv4bxj0115g929lrxwybv_r80000gn/T/sc-framework-test-f6rusm9p)
2026-10-07T06:50:54.484+09:00  INFO [requestId:] 46705 --- [sc-reference-app] [           main] [                                                 ] d.s.reference.ReferenceApplication       : The following 2 profiles are active: "dev", "operations"
2026-10-07T06:50:55.118+09:00  INFO [requestId:] 46705 --- [sc-reference-app] [           main] [                                                 ] .s.d.r.c.RepositoryConfigurationDelegate : Bootstrapping Spring Data JPA repositories in DEFAULT mode.
2026-10-07T06:50:55.191+09:00  INFO [requestId:] 46705 --- [sc-reference-app] [           main] [                                                 ] .s.d.r.c.RepositoryConfigurationDelegate : Finished Spring Data repository scanning in 68 ms. Found 18 JPA repository interfaces.
2026-10-07T06:50:55.258+09:00  INFO [requestId:] 46705 --- [sc-reference-app] [           main] [                                                 ] o.s.cloud.context.scope.GenericScope     : BeanFactory id=177907b2-9213-3dc5-82f6-cda476dcce19
2026-10-07T06:50:55.507+09:00  INFO [requestId:] 46705 --- [sc-reference-app] [           main] [                                                 ] o.s.b.w.embedded.tomcat.TomcatWebServer  : Tomcat initialized with port 0 (http)
2026-10-07T06:50:55.517+09:00  INFO [requestId:] 46705 --- [sc-reference-app] [           main] [                                                 ] o.apache.catalina.core.StandardService   : Starting service [Tomcat]
2026-10-07T06:50:55.517+09:00  INFO [requestId:] 46705 --- [sc-reference-app] [           main] [                                                 ] o.apache.catalina.core.StandardEngine    : Starting Servlet engine: [Apache Tomcat/10.1.55]
2026-10-07T06:50:55.535+09:00  INFO [requestId:] 46705 --- [sc-reference-app] [           main] [                                                 ] o.a.c.c.C.[Tomcat].[localhost].[/]       : Initializing Spring embedded WebApplicationContext
2026-10-07T06:50:55.536+09:00  INFO [requestId:] 46705 --- [sc-reference-app] [           main] [                                                 ] w.s.c.ServletWebServerApplicationContext : Root WebApplicationContext: initialization completed in 1026 ms
2026-10-07T06:50:55.654+09:00  INFO [requestId:] 46705 --- [sc-reference-app] [           main] [                                                 ] com.zaxxer.hikari.HikariDataSource       : HikariPool-1 - Starting...
2026-10-07T06:50:55.747+09:00  INFO [requestId:] 46705 --- [sc-reference-app] [           main] [                                                 ] com.zaxxer.hikari.pool.HikariPool        : HikariPool-1 - Added connection conn0: url=jdbc:h2:file:/private/var/folders/8k/rv4bxj0115g929lrxwybv_r80000gn/T/sc-framework-test-f6rusm9p/data/test user=SA
2026-10-07T06:50:55.748+09:00  INFO [requestId:] 46705 --- [sc-reference-app] [           main] [                                                 ] com.zaxxer.hikari.HikariDataSource       : HikariPool-1 - Start completed.
2026-10-07T06:50:55.767+09:00  INFO [requestId:] 46705 --- [sc-reference-app] [           main] [                                                 ] org.flywaydb.core.FlywayExecutor         : Database: jdbc:h2:file:/private/var/folders/8k/rv4bxj0115g929lrxwybv_r80000gn/T/sc-framework-test-f6rusm9p/data/test (H2 2.3)
2026-10-07T06:50:55.780+09:00  INFO [requestId:] 46705 --- [sc-reference-app] [           main] [                                                 ] o.f.c.i.s.JdbcTableSchemaHistory         : Schema history table "PUBLIC"."flyway_schema_history" does not exist yet
2026-10-07T06:50:55.781+09:00  INFO [requestId:] 46705 --- [sc-reference-app] [           main] [                                                 ] o.f.core.internal.command.DbValidate     : Successfully validated 7 migrations (execution time 00:00.006s)
2026-10-07T06:50:55.783+09:00  INFO [requestId:] 46705 --- [sc-reference-app] [           main] [                                                 ] o.f.c.i.s.JdbcTableSchemaHistory         : Creating Schema History table "PUBLIC"."flyway_schema_history" ...
2026-10-07T06:50:55.797+09:00  INFO [requestId:] 46705 --- [sc-reference-app] [           main] [                                                 ] o.f.core.internal.command.DbMigrate      : Current version of schema "PUBLIC": << Empty Schema >>
2026-10-07T06:50:55.803+09:00  INFO [requestId:] 46705 --- [sc-reference-app] [           main] [                                                 ] o.f.core.internal.command.DbMigrate      : Migrating schema "PUBLIC" to version "1 - example baseline"
2026-10-07T06:50:55.811+09:00  INFO [requestId:] 46705 --- [sc-reference-app] [           main] [                                                 ] o.f.core.internal.command.DbMigrate      : Migrating schema "PUBLIC" to version "2 - requirements baseline"
2026-10-07T06:50:55.822+09:00  INFO [requestId:] 46705 --- [sc-reference-app] [           main] [                                                 ] o.f.core.internal.command.DbMigrate      : Migrating schema "PUBLIC" to version "3 - security audit"
2026-10-07T06:50:55.829+09:00  INFO [requestId:] 46705 --- [sc-reference-app] [           main] [                                                 ] o.f.core.internal.command.DbMigrate      : Migrating schema "PUBLIC" to version "4 - media and files"
2026-10-07T06:50:55.841+09:00  INFO [requestId:] 46705 --- [sc-reference-app] [           main] [                                                 ] o.f.core.internal.command.DbMigrate      : Migrating schema "PUBLIC" to version "5 - kanban and documents"
2026-10-07T06:50:55.848+09:00  INFO [requestId:] 46705 --- [sc-reference-app] [           main] [                                                 ] o.f.core.internal.command.DbMigrate      : Migrating schema "PUBLIC" to version "6 - operations messages"
2026-10-07T06:50:55.854+09:00  INFO [requestId:] 46705 --- [sc-reference-app] [           main] [                                                 ] o.f.core.internal.command.DbMigrate      : Migrating schema "PUBLIC" to version "7 - operations scheduler browser"
2026-10-07T06:50:55.866+09:00  INFO [requestId:] 46705 --- [sc-reference-app] [           main] [                                                 ] o.f.core.internal.command.DbMigrate      : Successfully applied 7 migrations to schema "PUBLIC", now at version v7 (execution time 00:00.038s)
2026-10-07T06:50:56.080+09:00  INFO [requestId:] 46705 --- [sc-reference-app] [           main] [                                                 ] o.hibernate.jpa.internal.util.LogHelper  : HHH000204: Processing PersistenceUnitInfo [name: default]
2026-10-07T06:50:56.100+09:00  INFO [requestId:] 46705 --- [sc-reference-app] [           main] [                                                 ] org.hibernate.Version                    : HHH000412: Hibernate ORM core version 6.6.53.Final
2026-10-07T06:50:56.112+09:00  INFO [requestId:] 46705 --- [sc-reference-app] [           main] [                                                 ] o.h.c.internal.RegionFactoryInitiator    : HHH000026: Second-level cache disabled
2026-10-07T06:50:56.234+09:00  INFO [requestId:] 46705 --- [sc-reference-app] [           main] [                                                 ] o.s.o.j.p.SpringPersistenceUnitInfo      : No LoadTimeWeaver setup: ignoring JPA class transformer
2026-10-07T06:50:56.262+09:00  INFO [requestId:] 46705 --- [sc-reference-app] [           main] [                                                 ] org.hibernate.orm.connections.pooling    : HHH10001005: Database info:
	Database JDBC URL [Connecting through datasource 'HikariDataSource (HikariPool-1)']
	Database driver: undefined/unknown
	Database version: 2.3.232
	Autocommit mode: undefined/unknown
	Isolation level: undefined/unknown
	Minimum pool size: undefined/unknown
	Maximum pool size: undefined/unknown
2026-10-07T06:50:56.688+09:00  INFO [requestId:] 46705 --- [sc-reference-app] [           main] [                                                 ] o.h.e.t.j.p.i.JtaPlatformInitiator       : HHH000489: No JTA platform available (set 'hibernate.transaction.jta.platform' to enable JTA platform integration)
2026-10-07T06:50:56.699+09:00  INFO [requestId:] 46705 --- [sc-reference-app] [           main] [                                                 ] j.LocalContainerEntityManagerFactoryBean : Initialized JPA EntityManagerFactory for persistence unit 'default'
2026-10-07T06:50:56.817+09:00  INFO [requestId:] 46705 --- [sc-reference-app] [           main] [                                                 ] o.s.d.j.r.query.QueryEnhancerFactory     : Hibernate is in classpath; If applicable, HQL parser will be used.
2026-10-07T06:50:57.301+09:00  INFO [requestId:] 46705 --- [sc-reference-app] [           main] [                                                 ] org.quartz.impl.StdSchedulerFactory      : Using default implementation for ThreadExecutor
2026-10-07T06:50:57.306+09:00  INFO [requestId:] 46705 --- [sc-reference-app] [           main] [                                                 ] org.quartz.core.SchedulerSignalerImpl    : Initialized Scheduler Signaller of type: class org.quartz.core.SchedulerSignalerImpl
2026-10-07T06:50:57.306+09:00  INFO [requestId:] 46705 --- [sc-reference-app] [           main] [                                                 ] org.quartz.core.QuartzScheduler          : Quartz Scheduler v2.5.2 created.
2026-10-07T06:50:57.307+09:00  INFO [requestId:] 46705 --- [sc-reference-app] [           main] [                                                 ] o.s.s.quartz.LocalDataSourceJobStore     : Using db table-based data access locking (synchronization).
2026-10-07T06:50:57.307+09:00  INFO [requestId:] 46705 --- [sc-reference-app] [           main] [                                                 ] o.s.s.quartz.LocalDataSourceJobStore     : JobStoreCMT initialized.
2026-10-07T06:50:57.308+09:00  INFO [requestId:] 46705 --- [sc-reference-app] [           main] [                                                 ] org.quartz.core.QuartzScheduler          : Scheduler meta-data: Quartz Scheduler (v2.5.2) 'sc-reference-operations' with instanceId 'NON_CLUSTERED'
  Scheduler class: 'org.quartz.core.QuartzScheduler' - running locally.
  NOT STARTED.
  Currently in standby mode.
  Number of jobs executed: 0
  Using thread pool 'org.quartz.simpl.SimpleThreadPool' - with 3 threads.
  Using job-store 'org.springframework.scheduling.quartz.LocalDataSourceJobStore' - which supports persistence. and is not clustered.

2026-10-07T06:50:57.308+09:00  INFO [requestId:] 46705 --- [sc-reference-app] [           main] [                                                 ] org.quartz.impl.StdSchedulerFactory      : Quartz scheduler 'sc-reference-operations' initialized from an externally provided properties instance.
2026-10-07T06:50:57.308+09:00  INFO [requestId:] 46705 --- [sc-reference-app] [           main] [                                                 ] org.quartz.impl.StdSchedulerFactory      : Quartz scheduler version: 2.5.2
2026-10-07T06:50:57.308+09:00  INFO [requestId:] 46705 --- [sc-reference-app] [           main] [                                                 ] org.quartz.core.QuartzScheduler          : JobFactory set to: dev.scframework.autoconfigure.ScSchedulerAutoConfiguration$$Lambda/0x000000a801d1e390@749a3925
2026-10-07T06:50:57.362+09:00  INFO [requestId:] 46705 --- [sc-reference-app] [           main] [                                                 ] o.s.b.a.w.s.WelcomePageHandlerMapping    : Adding welcome page: class path resource [static/index.html]
2026-10-07T06:50:57.573+09:00  INFO [requestId:] 46705 --- [sc-reference-app] [           main] [                                                 ] r$InitializeUserDetailsManagerConfigurer : Global AuthenticationManager configured with UserDetailsService bean with name referenceUsers
2026-10-07T06:50:57.904+09:00  INFO [requestId:] 46705 --- [sc-reference-app] [           main] [                                                 ] o.s.b.w.embedded.tomcat.TomcatWebServer  : Tomcat started on port 62209 (http) with context path '/'
2026-10-07T06:50:57.940+09:00  INFO [requestId:] 46705 --- [sc-reference-app] [           main] [                                                 ] o.s.b.w.embedded.tomcat.TomcatWebServer  : Tomcat initialized with port 18482 (http)
2026-10-07T06:50:57.940+09:00  INFO [requestId:] 46705 --- [sc-reference-app] [           main] [                                                 ] o.apache.catalina.core.StandardService   : Starting service [Tomcat]
2026-10-07T06:50:57.940+09:00  INFO [requestId:] 46705 --- [sc-reference-app] [           main] [                                                 ] o.apache.catalina.core.StandardEngine    : Starting Servlet engine: [Apache Tomcat/10.1.55]
2026-10-07T06:50:57.942+09:00  INFO [requestId:] 46705 --- [sc-reference-app] [           main] [                                                 ] o.a.c.c.C.[Tomcat-1].[localhost].[/]     : Initializing Spring embedded WebApplicationContext
2026-10-07T06:50:57.942+09:00  INFO [requestId:] 46705 --- [sc-reference-app] [           main] [                                                 ] w.s.c.ServletWebServerApplicationContext : Root WebApplicationContext: initialization completed in 34 ms
2026-10-07T06:50:57.946+09:00  INFO [requestId:] 46705 --- [sc-reference-app] [           main] [                                                 ] o.s.b.a.e.web.EndpointLinksResolver      : Exposing 2 endpoints beneath base path '/actuator'
2026-10-07T06:50:57.959+09:00  INFO [requestId:] 46705 --- [sc-reference-app] [           main] [                                                 ] o.s.b.w.embedded.tomcat.TomcatWebServer  : Tomcat started on port 18482 (http) with context path '/'
2026-10-07T06:50:57.963+09:00  INFO [requestId:] 46705 --- [sc-reference-app] [           main] [                                                 ] o.s.a.r.c.CachingConnectionFactory       : Attempting to connect to: [127.0.0.1:5679]
2026-10-07T06:50:57.982+09:00  INFO [requestId:] 46705 --- [sc-reference-app] [           main] [                                                 ] o.s.a.r.c.CachingConnectionFactory       : Created new connection: rabbitConnectionFactory#4142586b:0/SimpleConnection@4d310fe6 [delegate=amqp://sc-framework@127.0.0.1:5679/, localPort=62210]
2026-10-07T06:50:58.038+09:00  INFO [requestId:] 46705 --- [sc-reference-app] [           main] [                                                 ] o.s.s.quartz.SchedulerFactoryBean        : Starting Quartz Scheduler now
2026-10-07T06:50:58.039+09:00  INFO [requestId:] 46705 --- [sc-reference-app] [           main] [                                                 ] o.s.s.quartz.LocalDataSourceJobStore     : Freed 0 triggers from 'acquired' / 'blocked' state.
2026-10-07T06:50:58.040+09:00  INFO [requestId:] 46705 --- [sc-reference-app] [           main] [                                                 ] o.s.s.quartz.LocalDataSourceJobStore     : Recovering 0 jobs that were in-progress at the time of the last shut-down.
2026-10-07T06:50:58.040+09:00  INFO [requestId:] 46705 --- [sc-reference-app] [           main] [                                                 ] o.s.s.quartz.LocalDataSourceJobStore     : Recovery complete.
2026-10-07T06:50:58.040+09:00  INFO [requestId:] 46705 --- [sc-reference-app] [           main] [                                                 ] o.s.s.quartz.LocalDataSourceJobStore     : Removed 0 'complete' triggers.
2026-10-07T06:50:58.040+09:00  INFO [requestId:] 46705 --- [sc-reference-app] [           main] [                                                 ] o.s.s.quartz.LocalDataSourceJobStore     : Removed 0 stale fired job entries.
2026-10-07T06:50:58.041+09:00  INFO [requestId:] 46705 --- [sc-reference-app] [           main] [                                                 ] org.quartz.core.QuartzScheduler          : Scheduler sc-reference-operations_$_NON_CLUSTERED started.
2026-10-07T06:50:58.049+09:00  INFO [requestId:] 46705 --- [sc-reference-app] [           main] [                                                 ] d.s.reference.ReferenceApplication       : Started ReferenceApplication in 3.87 seconds (process running for 4.099)
2026-10-07T06:50:58.147+09:00  INFO [requestId:] 46705 --- [sc-reference-app] [1-auto-1-exec-1] [                                                 ] o.a.c.c.C.[Tomcat].[localhost].[/]       : Initializing Spring DispatcherServlet 'dispatcherServlet'
2026-10-07T06:50:58.147+09:00  INFO [requestId:] 46705 --- [sc-reference-app] [1-auto-1-exec-1] [                                                 ] o.s.web.servlet.DispatcherServlet        : Initializing Servlet 'dispatcherServlet'
2026-10-07T06:50:58.148+09:00  INFO [requestId:] 46705 --- [sc-reference-app] [1-auto-1-exec-1] [                                                 ] o.s.web.servlet.DispatcherServlet        : Completed initialization in 1 ms
2026-10-07T06:50:58.682+09:00  INFO [requestId:] 46705 --- [sc-reference-app] [sageContainer-2] [                                                 ] o.s.a.r.l.SimpleMessageListenerContainer : Waiting for workers to finish.
2026-10-07T06:50:58.683+09:00  INFO [requestId:] 46705 --- [sc-reference-app] [ionShutdownHook] [                                                 ] org.quartz.core.QuartzScheduler          : Scheduler sc-reference-operations_$_NON_CLUSTERED paused.
2026-10-07T06:50:58.683+09:00  INFO [requestId:] 46705 --- [sc-reference-app] [sageContainer-2] [                                                 ] o.s.a.r.l.SimpleMessageListenerContainer : Waiting for workers to finish.
2026-10-07T06:50:59.186+09:00  INFO [requestId:] 46705 --- [sc-reference-app] [sageContainer-2] [                                                 ] o.s.a.r.l.SimpleMessageListenerContainer : Successfully waited for workers to finish.
2026-10-07T06:50:59.186+09:00  INFO [requestId:] 46705 --- [sc-reference-app] [sageContainer-2] [                                                 ] o.s.a.r.l.SimpleMessageListenerContainer : Successfully waited for workers to finish.
2026-10-07T06:50:59.189+09:00  INFO [requestId:] 46705 --- [sc-reference-app] [ionShutdownHook] [                                                 ] o.s.b.w.e.tomcat.GracefulShutdown        : Commencing graceful shutdown. Waiting for active requests to complete
2026-10-07T06:50:59.191+09:00  INFO [requestId:] 46705 --- [sc-reference-app] [tomcat-shutdown] [                                                 ] o.s.b.w.e.tomcat.GracefulShutdown        : Graceful shutdown complete
2026-10-07T06:50:59.191+09:00  INFO [requestId:] 46705 --- [sc-reference-app] [ionShutdownHook] [                                                 ] o.s.b.w.e.tomcat.GracefulShutdown        : Commencing graceful shutdown. Waiting for active requests to complete
2026-10-07T06:50:59.194+09:00  INFO [requestId:] 46705 --- [sc-reference-app] [tomcat-shutdown] [                                                 ] o.s.b.w.e.tomcat.GracefulShutdown        : Graceful shutdown complete
2026-10-07T06:50:59.208+09:00  INFO [requestId:] 46705 --- [sc-reference-app] [ionShutdownHook] [                                                 ] o.s.s.quartz.SchedulerFactoryBean        : Shutting down Quartz Scheduler
2026-10-07T06:50:59.208+09:00  INFO [requestId:] 46705 --- [sc-reference-app] [ionShutdownHook] [                                                 ] org.quartz.core.QuartzScheduler          : Scheduler sc-reference-operations_$_NON_CLUSTERED shutting down.
2026-10-07T06:50:59.208+09:00  INFO [requestId:] 46705 --- [sc-reference-app] [ionShutdownHook] [                                                 ] org.quartz.core.QuartzScheduler          : Scheduler sc-reference-operations_$_NON_CLUSTERED paused.
2026-10-07T06:50:59.728+09:00  INFO [requestId:] 46705 --- [sc-reference-app] [ionShutdownHook] [                                                 ] org.quartz.core.QuartzScheduler          : Scheduler sc-reference-operations_$_NON_CLUSTERED shutdown complete.
2026-10-07T06:50:59.733+09:00  INFO [requestId:] 46705 --- [sc-reference-app] [ionShutdownHook] [                                                 ] j.LocalContainerEntityManagerFactoryBean : Closing JPA EntityManagerFactory for persistence unit 'default'
2026-10-07T06:50:59.753+09:00  INFO [requestId:] 46705 --- [sc-reference-app] [ionShutdownHook] [                                                 ] com.zaxxer.hikari.HikariDataSource       : HikariPool-1 - Shutdown initiated...
2026-10-07T06:50:59.768+09:00  INFO [requestId:] 46705 --- [sc-reference-app] [ionShutdownHook] [                                                 ] com.zaxxer.hikari.HikariDataSource       : HikariPool-1 - Shutdown completed.
