
> sc-framework@0.3.0 test:operations
> playwright test --config frontend/playwright.operations.config.ts


Running 10 tests using 1 worker

(node:58121) Warning: The 'NO_COLOR' env is ignored due to the 'FORCE_COLOR' env being set.
(Use `node --trace-warnings ...` to show where the warning was created)
  ✓   1 frontend/e2e/012-operations.spec.ts:147:1 › 메시지 DEAD 재시도는 실제 broker 완료 후 같은 이벤트를 다시 처리하지 않는다 (2.0s)
  ✓   2 frontend/e2e/012-operations.spec.ts:186:1 › 등록된 예제 메시지는 실제 저장하고 URL 필터와 새로고침에서 조회한다 (2.1s)
  ✓   3 frontend/e2e/012-operations.spec.ts:211:1 › 예약 409와 최신 GET 500은 기준 revision·입력을 유지하고 명시 reload만 초기화한다 (1.7s)
  ✘   4 frontend/e2e/012-operations.spec.ts:271:1 › 예약 선택·이동 확인은 미저장 입력을 지키고 pause/resume은 revision을 갱신한다 (15.5s)
(node:58239) Warning: The 'NO_COLOR' env is ignored due to the 'FORCE_COLOR' env being set.
(Use `node --trace-warnings ...` to show where the warning was created)
  ✓   5 frontend/e2e/012-operations.spec.ts:302:1 › A 예약 저장이 B 선택 뒤 완료돼도 B 입력·revision을 교체하지 않는다 (1.1s)
  ✓   6 frontend/e2e/012-operations.spec.ts:362:1 › 실제 window/rejection 수집은 로그인 후 코드만 보내고 동일 Error를 중복하지 않는다 (1.4s)
  ✓   7 frontend/e2e/012-operations.spec.ts:447:1 › 수집 HTTP 실패는 재시도·재수집하지 않고 일반 사용자는 운영 조회가 금지된다 (577ms)
  ✘   8 frontend/e2e/012-operations.spec.ts:501:3 › 운영 390px: KO/EN 예약·오류·메시지 전체 DOM 접근성과 키보드 가로 스크롤 (11.2s)
(node:58401) Warning: The 'NO_COLOR' env is ignored due to the 'FORCE_COLOR' env being set.
(Use `node --trace-warnings ...` to show where the warning was created)
  ✘   9 frontend/e2e/012-operations.spec.ts:501:3 › 운영 1366px: KO/EN 예약·오류·메시지 전체 DOM 접근성과 키보드 가로 스크롤 (11.2s)
(node:58547) Warning: The 'NO_COLOR' env is ignored due to the 'FORCE_COLOR' env being set.
(Use `node --trace-warnings ...` to show where the warning was created)
  ✓  10 frontend/e2e/012-operations.spec.ts:549:3 › Starter 중립 운영 소비 › Starter는 독립 예약·메시지 API와 실제 오류 수집을 공통 runtime/UI로 소비한다 (3.6s)


  1) frontend/e2e/012-operations.spec.ts:271:1 › 예약 선택·이동 확인은 미저장 입력을 지키고 pause/resume은 revision을 갱신한다 

    TimeoutError: locator.click: Timeout 15000ms exceeded.
    Call log:
      - waiting for getByRole('button', { name: '선택 · 예약 2 편집', exact: true })
        - locator resolved to <button type="button" aria-busy="false" data-v-2c969935="" aria-label="선택 · 예약 2 편집" class="v-btn v-theme--sc text-primary v-btn--density-default elevation-0 v-btn--size-default v-btn--variant-text sc-action-button">…</button>
      - attempting click action
        2 × waiting for element to be visible, enabled and stable
          - element is visible, enabled and stable
          - scrolling into view if needed
          - done scrolling
          - <dialog open="" data-v-9bad3138="" class="sc-confirm-dialog" id="sc-confirm-dialog-sc-1-6" aria-labelledby="sc-confirm-dialog-sc-1-6-title" aria-describedby="sc-confirm-dialog-sc-1-6-message">…</dialog> intercepts pointer events
        - retrying click action
        - waiting 20ms
        2 × waiting for element to be visible, enabled and stable
          - element is visible, enabled and stable
          - scrolling into view if needed
          - done scrolling
          - <dialog open="" data-v-9bad3138="" class="sc-confirm-dialog" id="sc-confirm-dialog-sc-1-6" aria-labelledby="sc-confirm-dialog-sc-1-6-title" aria-describedby="sc-confirm-dialog-sc-1-6-message">…</dialog> intercepts pointer events
        - retrying click action
          - waiting 100ms
        22 × waiting for element to be visible, enabled and stable
           - element is visible, enabled and stable
           - scrolling into view if needed
           - done scrolling
           - <dialog open="" data-v-9bad3138="" class="sc-confirm-dialog" id="sc-confirm-dialog-sc-1-6" aria-labelledby="sc-confirm-dialog-sc-1-6-title" aria-describedby="sc-confirm-dialog-sc-1-6-message">…</dialog> intercepts pointer events
         - retrying click action
           - waiting 500ms
        - waiting for element to be visible, enabled and stable


      290 |   await page
      291 |     .getByRole("button", { name: "선택 · 예약 " + second.id + " 편집", exact: true })
    > 292 |     .click();
          |      ^
      293 |   await dialog.getByRole("button", { name: "확인", exact: true }).click();
      294 |   await expect(form.getByTestId("schedule-revision")).toHaveText(String(second.revision));
      295 |   await page.getByRole("button", { name: "예약 재개", exact: true }).click();
        at /Users/dk/Work/ScFramework/frontend/e2e/012-operations.spec.ts:292:6

    attachment #1: screenshot (image/png) ──────────────────────────────────────────────────────────
    frontend/test-results-operations/012-operations-예약-선택·이동-확인-d7f77-ause-resume은-revision을-갱신한다/test-failed-1.png
    ────────────────────────────────────────────────────────────────────────────────────────────────

    Error Context: frontend/test-results-operations/012-operations-예약-선택·이동-확인-d7f77-ause-resume은-revision을-갱신한다/error-context.md

  2) frontend/e2e/012-operations.spec.ts:501:3 › 운영 390px: KO/EN 예약·오류·메시지 전체 DOM 접근성과 키보드 가로 스크롤 ──

    Error: expect(locator).toBeVisible() failed

    Locator: getByRole('table', { name: 'Message processing list', exact: true })
    Expected: visible
    Timeout: 10000ms
    Error: element(s) not found

    Call log:
      - Expect "toBeVisible" getByRole('table', { name: 'Message processing list', exact: true }) with timeout 10000ms
      - waiting for getByRole('table', { name: 'Message processing list', exact: true })


      531 |       await expect(
      532 |         page.getByRole("table", { name: "Message processing list", exact: true }),
    > 533 |       ).toBeVisible();
          |         ^
      534 |       await assertAccessible(page, info, "operations-messages-en-" + width);
      535 |       await page.goto("/operations/browser-errors");
      536 |       await expect(
        at /Users/dk/Work/ScFramework/frontend/e2e/012-operations.spec.ts:533:9

    attachment #1: operations-schedules-ko-390-axe.json (application/json) ─────────────────────────
    frontend/test-results-operations/012-operations-운영-390px-KO-30098-·메시지-전체-DOM-접근성과-키보드-가로-스크롤/attachments/operations-schedules-ko-390-axe-json-ae73c9db1df9afda112957cd804cfd5e92edd9d9.json
    ────────────────────────────────────────────────────────────────────────────────────────────────

    attachment #2: operations-schedules-en-390-axe.json (application/json) ─────────────────────────
    frontend/test-results-operations/012-operations-운영-390px-KO-30098-·메시지-전체-DOM-접근성과-키보드-가로-스크롤/attachments/operations-schedules-en-390-axe-json-f229b37f536af411c5db7faf6b7819b1aec0f550.json
    ────────────────────────────────────────────────────────────────────────────────────────────────

    attachment #3: screenshot (image/png) ──────────────────────────────────────────────────────────
    frontend/test-results-operations/012-operations-운영-390px-KO-30098-·메시지-전체-DOM-접근성과-키보드-가로-스크롤/test-failed-1.png
    ────────────────────────────────────────────────────────────────────────────────────────────────

    Error Context: frontend/test-results-operations/012-operations-운영-390px-KO-30098-·메시지-전체-DOM-접근성과-키보드-가로-스크롤/error-context.md

  3) frontend/e2e/012-operations.spec.ts:501:3 › 운영 1366px: KO/EN 예약·오류·메시지 전체 DOM 접근성과 키보드 가로 스크롤 ─

    Error: expect(locator).toBeVisible() failed

    Locator: getByRole('table', { name: 'Message processing list', exact: true })
    Expected: visible
    Timeout: 10000ms
    Error: element(s) not found

    Call log:
      - Expect "toBeVisible" getByRole('table', { name: 'Message processing list', exact: true }) with timeout 10000ms
      - waiting for getByRole('table', { name: 'Message processing list', exact: true })


      531 |       await expect(
      532 |         page.getByRole("table", { name: "Message processing list", exact: true }),
    > 533 |       ).toBeVisible();
          |         ^
      534 |       await assertAccessible(page, info, "operations-messages-en-" + width);
      535 |       await page.goto("/operations/browser-errors");
      536 |       await expect(
        at /Users/dk/Work/ScFramework/frontend/e2e/012-operations.spec.ts:533:9

    attachment #1: operations-schedules-ko-1366-axe.json (application/json) ────────────────────────
    frontend/test-results-operations/012-operations-운영-1366px-K-47e3a-·메시지-전체-DOM-접근성과-키보드-가로-스크롤/attachments/operations-schedules-ko-1366-axe-json-a6c6a337758baf1939831db5efe23a2949d57557.json
    ────────────────────────────────────────────────────────────────────────────────────────────────

    attachment #2: operations-schedules-en-1366-axe.json (application/json) ────────────────────────
    frontend/test-results-operations/012-operations-운영-1366px-K-47e3a-·메시지-전체-DOM-접근성과-키보드-가로-스크롤/attachments/operations-schedules-en-1366-axe-json-266084fa35d5c5447dba5e0410105700612e7b76.json
    ────────────────────────────────────────────────────────────────────────────────────────────────

    attachment #3: screenshot (image/png) ──────────────────────────────────────────────────────────
    frontend/test-results-operations/012-operations-운영-1366px-K-47e3a-·메시지-전체-DOM-접근성과-키보드-가로-스크롤/test-failed-1.png
    ────────────────────────────────────────────────────────────────────────────────────────────────

    Error Context: frontend/test-results-operations/012-operations-운영-1366px-K-47e3a-·메시지-전체-DOM-접근성과-키보드-가로-스크롤/error-context.md

  3 failed
    frontend/e2e/012-operations.spec.ts:271:1 › 예약 선택·이동 확인은 미저장 입력을 지키고 pause/resume은 revision을 갱신한다 
    frontend/e2e/012-operations.spec.ts:501:3 › 운영 390px: KO/EN 예약·오류·메시지 전체 DOM 접근성과 키보드 가로 스크롤 ───
    frontend/e2e/012-operations.spec.ts:501:3 › 운영 1366px: KO/EN 예약·오류·메시지 전체 DOM 접근성과 키보드 가로 스크롤 ──
  7 passed (1.2m)
