frontend/packages/runtime/src/browserErrors.ts 37ms (unchanged)
frontend/packages/runtime/src/browserErrors.spec.ts 14ms (unchanged)
frontend/packages/runtime/src/index.ts 1ms (unchanged)
frontend/apps/reference-app/src/features/operations/api.ts 5ms (unchanged)
frontend/apps/reference-app/src/features/operations/BrowserErrorsPage.vue 48ms (unchanged)
frontend/apps/reference-app/src/features/operations/capabilities.ts 5ms (unchanged)
frontend/apps/reference-app/src/features/operations/messages.ts 3ms (unchanged)
frontend/apps/reference-app/src/features/operations/MessagesPage.vue 21ms (unchanged)
frontend/apps/reference-app/src/features/operations/OperationsGate.vue 3ms (unchanged)
frontend/apps/reference-app/src/features/operations/OperationsNavigation.vue 4ms (unchanged)
frontend/apps/reference-app/src/features/operations/OperationsTable.vue 8ms (unchanged)
frontend/apps/reference-app/src/features/operations/ScheduleForm.spec.ts 4ms (unchanged)
frontend/apps/reference-app/src/features/operations/ScheduleForm.vue 13ms (unchanged)
frontend/apps/reference-app/src/features/operations/SchedulesPage.vue 26ms (unchanged)
frontend/apps/reference-app/src/features/operations/url.ts 1ms (unchanged)
frontend/apps/reference-app/src/main.ts 3ms (unchanged)
frontend/apps/reference-app/src/App.vue 11ms (unchanged)
frontend/apps/reference-app/src/localization.ts 2ms (unchanged)
frontend/apps/starter-app/src/features/operations/api.ts 3ms (unchanged)
frontend/apps/starter-app/src/features/operations/BrowserPanel.vue 12ms (unchanged)
frontend/apps/starter-app/src/features/operations/capabilities.ts 3ms (unchanged)
frontend/apps/starter-app/src/features/operations/messages.ts 2ms (unchanged)
frontend/apps/starter-app/src/features/operations/MessagesPanel.vue 18ms (unchanged)
frontend/apps/starter-app/src/features/operations/OperationsPage.vue 9ms (unchanged)
frontend/apps/starter-app/src/features/operations/OperationsTable.vue 5ms (unchanged)
frontend/apps/starter-app/src/features/operations/SchedulePanel.vue 25ms (unchanged)
frontend/apps/starter-app/src/features/operations/url.ts 1ms (unchanged)
frontend/apps/starter-app/src/main.ts 1ms (unchanged)
frontend/apps/starter-app/src/App.vue 6ms (unchanged)
frontend/apps/starter-app/src/localization.ts 2ms (unchanged)
frontend/playwright.operations.config.ts 2ms (unchanged)
frontend/playwright.config.ts 1ms (unchanged)
frontend/e2e/012-operations.spec.ts 22ms (unchanged)
frontend/e2e/012-operations-off.spec.ts 3ms (unchanged)
