
Running 22 tests using 1 worker

(node:37116) Warning: The 'NO_COLOR' env is ignored due to the 'FORCE_COLOR' env being set.
(Use `node --trace-warnings ...` to show where the warning was created)
  ✓   1 frontend/e2e/010-starter-patterns.spec.ts:34:1 › Starter 390px 보드의 native 이동·순서 변경은 로컬 자료만 바꾸고 전체 DOM 접근성을 유지한다 (1.0s)
  ✓   2 frontend/e2e/010-starter-patterns.spec.ts:88:1 › Starter 1366px 이미지의 영어 좌표 입력·키보드 확대는 정규화된 로컬 박스를 보존하고 전체 DOM 접근성을 유지한다 (1.4s)
  ✓   3 frontend/e2e/dashboard.spec.ts:45:3 › 대시보드 1440px: 로그인·샘플 CSV·차트 표·실제 집계 (2.1s)
  ✓   4 frontend/e2e/dashboard.spec.ts:45:3 › 대시보드 390px: 로그인·샘플 CSV·차트 표·실제 집계 (2.0s)
  ✓   5 frontend/e2e/framework.spec.ts:49:1 › 공통 UI로 등록·수정하고 409에서도 작성 중인 입력을 보존한다 (2.6s)
  ✓   6 frontend/e2e/framework.spec.ts:110:1 › 서버 400 필드 오류에도 등록 입력과 필드 연결을 보존한다 (609ms)
  ✓   7 frontend/e2e/framework.spec.ts:139:1 › 409 후 최신 조회가 500으로 실패하면 입력과 revision을 보존하고 다시 조회할 수 있다 (1.1s)
  ✓   8 frontend/e2e/framework.spec.ts:182:3 › 저장 중 선택 변경: 이전 항목의 success 응답이 새 폼을 바꾸지 않는다 (1.3s)
  ✓   9 frontend/e2e/framework.spec.ts:182:3 › 저장 중 선택 변경: 이전 항목의 conflict 응답이 새 폼을 바꾸지 않는다 (712ms)
  ✓  10 frontend/e2e/layout.spec.ts:99:3 › 레퍼런스 390px: 한국어·본문·현재 메뉴·모바일 키보드 탐색 (2.0s)
  ✓  11 frontend/e2e/layout.spec.ts:99:3 › 레퍼런스 1366px: 한국어·본문·현재 메뉴·모바일 키보드 탐색 (905ms)
  ✓  12 frontend/e2e/layout.spec.ts:99:3 › 레퍼런스 1920px: 한국어·본문·현재 메뉴·모바일 키보드 탐색 (873ms)
  ✓  13 frontend/e2e/layout.spec.ts:164:5 › 최소 Starter의 독립적인 공통 셸 소비 › Starter 390px: 동일 UI·Router·본문 탐색 (1.7s)
  ✓  14 frontend/e2e/layout.spec.ts:164:5 › 최소 Starter의 독립적인 공통 셸 소비 › Starter 1366px: 동일 UI·Router·본문 탐색 (1.0s)
  ✓  15 frontend/e2e/layout.spec.ts:164:5 › 최소 Starter의 독립적인 공통 셸 소비 › Starter 1920px: 동일 UI·Router·본문 탐색 (716ms)
  ✓  16 frontend/e2e/patterns.spec.ts:338:5 › reference 실제 JAR 공통 기능 소비 › 한영 입력 보존·Zod 검증·초기화·dirty 이동 확인 (2.7s)
  ✓  17 frontend/e2e/patterns.spec.ts:344:5 › reference 실제 JAR 공통 기능 소비 › 정렬·페이지·선택과 10,000행 실제 스크롤·focus·일반 보기 (2.0s)
  ✓  18 frontend/e2e/patterns.spec.ts:350:5 › reference 실제 JAR 공통 기능 소비 › SVG 차트·키보드 선택·JSON 서식과 XLSX 다운로드·검토·반영 (2.0s)
  ✓  19 frontend/e2e/patterns.spec.ts:338:5 › starter 실제 JAR 공통 기능 소비 › 한영 입력 보존·Zod 검증·초기화·dirty 이동 확인 (2.4s)
  ✓  20 frontend/e2e/patterns.spec.ts:344:5 › starter 실제 JAR 공통 기능 소비 › 정렬·페이지·선택과 10,000행 실제 스크롤·focus·일반 보기 (2.1s)
  ✓  21 frontend/e2e/patterns.spec.ts:350:5 › starter 실제 JAR 공통 기능 소비 › SVG 차트·키보드 선택·JSON 서식과 XLSX 다운로드·검토·반영 (1.9s)
  ✓  22 frontend/e2e/patterns.spec.ts:359:1 › Reference dirty 폼에서 로그아웃하면 확인 Promise에 갇히지 않고 로그인 화면에 도착한다 (857ms)

  22 passed (43.6s)
