
> sc-framework@0.1.0 test:e2e
> playwright test --config frontend/playwright.config.ts visual.spec.ts --update-snapshots=all


Running 4 tests using 1 worker

(node:49657) Warning: The 'NO_COLOR' env is ignored due to the 'FORCE_COLOR' env being set.
(Use `node --trace-warnings ...` to show where the warning was created)
/Users/dk/Work/ScFramework/frontend/e2e/visual.spec.ts-snapshots/darwin-chromium/reference-1366-table-darwin.png is re-generated, writing actual.
/Users/dk/Work/ScFramework/frontend/e2e/visual.spec.ts-snapshots/darwin-chromium/reference-1366-table-darwin.png is re-generated, writing actual.
/Users/dk/Work/ScFramework/frontend/e2e/visual.spec.ts-snapshots/darwin-chromium/reference-1366-chart-darwin.png is re-generated, writing actual.
/Users/dk/Work/ScFramework/frontend/e2e/visual.spec.ts-snapshots/darwin-chromium/reference-1366-chart-darwin.png is re-generated, writing actual.
/Users/dk/Work/ScFramework/frontend/e2e/visual.spec.ts-snapshots/darwin-chromium/reference-1366-editor-darwin.png is re-generated, writing actual.
/Users/dk/Work/ScFramework/frontend/e2e/visual.spec.ts-snapshots/darwin-chromium/reference-1366-editor-darwin.png is re-generated, writing actual.
  ✓  1 frontend/e2e/visual.spec.ts:201:7 › reference 1366px 시각 기준 › 셸·입력·표·차트·서식의 승인 이미지와 비교 (4.0s)
/Users/dk/Work/ScFramework/frontend/e2e/visual.spec.ts-snapshots/darwin-chromium/reference-390-table-darwin.png is re-generated, writing actual.
/Users/dk/Work/ScFramework/frontend/e2e/visual.spec.ts-snapshots/darwin-chromium/reference-390-table-darwin.png is re-generated, writing actual.
/Users/dk/Work/ScFramework/frontend/e2e/visual.spec.ts-snapshots/darwin-chromium/reference-390-chart-darwin.png is re-generated, writing actual.
/Users/dk/Work/ScFramework/frontend/e2e/visual.spec.ts-snapshots/darwin-chromium/reference-390-chart-darwin.png is re-generated, writing actual.
/Users/dk/Work/ScFramework/frontend/e2e/visual.spec.ts-snapshots/darwin-chromium/reference-390-editor-darwin.png is re-generated, writing actual.
/Users/dk/Work/ScFramework/frontend/e2e/visual.spec.ts-snapshots/darwin-chromium/reference-390-editor-darwin.png is re-generated, writing actual.
  ✓  2 frontend/e2e/visual.spec.ts:201:7 › reference 390px 시각 기준 › 셸·입력·표·차트·서식의 승인 이미지와 비교 (3.6s)
/Users/dk/Work/ScFramework/frontend/e2e/visual.spec.ts-snapshots/darwin-chromium/starter-1366-table-darwin.png is re-generated, writing actual.
/Users/dk/Work/ScFramework/frontend/e2e/visual.spec.ts-snapshots/darwin-chromium/starter-1366-table-darwin.png is re-generated, writing actual.
/Users/dk/Work/ScFramework/frontend/e2e/visual.spec.ts-snapshots/darwin-chromium/starter-1366-chart-darwin.png is re-generated, writing actual.
/Users/dk/Work/ScFramework/frontend/e2e/visual.spec.ts-snapshots/darwin-chromium/starter-1366-chart-darwin.png is re-generated, writing actual.
/Users/dk/Work/ScFramework/frontend/e2e/visual.spec.ts-snapshots/darwin-chromium/starter-1366-editor-darwin.png is re-generated, writing actual.
/Users/dk/Work/ScFramework/frontend/e2e/visual.spec.ts-snapshots/darwin-chromium/starter-1366-editor-darwin.png is re-generated, writing actual.
  ✓  3 frontend/e2e/visual.spec.ts:201:7 › starter 1366px 시각 기준 › 셸·입력·표·차트·서식의 승인 이미지와 비교 (3.4s)
/Users/dk/Work/ScFramework/frontend/e2e/visual.spec.ts-snapshots/darwin-chromium/starter-390-table-darwin.png is re-generated, writing actual.
/Users/dk/Work/ScFramework/frontend/e2e/visual.spec.ts-snapshots/darwin-chromium/starter-390-table-darwin.png is re-generated, writing actual.
/Users/dk/Work/ScFramework/frontend/e2e/visual.spec.ts-snapshots/darwin-chromium/starter-390-chart-darwin.png is re-generated, writing actual.
/Users/dk/Work/ScFramework/frontend/e2e/visual.spec.ts-snapshots/darwin-chromium/starter-390-chart-darwin.png is re-generated, writing actual.
/Users/dk/Work/ScFramework/frontend/e2e/visual.spec.ts-snapshots/darwin-chromium/starter-390-editor-darwin.png is re-generated, writing actual.
/Users/dk/Work/ScFramework/frontend/e2e/visual.spec.ts-snapshots/darwin-chromium/starter-390-editor-darwin.png is re-generated, writing actual.
  ✓  4 frontend/e2e/visual.spec.ts:201:7 › starter 390px 시각 기준 › 셸·입력·표·차트·서식의 승인 이미지와 비교 (3.5s)

  4 passed (20.7s)
