
Running 13 tests using 1 worker

(node:64167) Warning: The 'NO_COLOR' env is ignored due to the 'FORCE_COLOR' env being set.
(Use `node --trace-warnings ...` to show where the warning was created)
  ✘   1 frontend/e2e/requirements-review.spec.ts:82:1 › 담당자 검토의 실제 409·최신 GET 500·취소는 검토 초안과 revision을 보존하며 성공한 명시 조회만 교체한다 (13.9s)
(node:64177) Warning: The 'NO_COLOR' env is ignored due to the 'FORCE_COLOR' env being set.
(Use `node --trace-warnings ...` to show where the warning was created)
  ✓   2 frontend/e2e/requirements-review.spec.ts:168:1 › 댓글 성공의 최신 상세 응답은 작성자의 작성 중인 본문과 입력 기준 revision을 덮지 않는다 (993ms)
  ✓   3 frontend/e2e/requirements-review.spec.ts:207:1 › 댓글 성공의 최신 검토 응답은 담당자의 검토 초안·추가정보 선택과 입력 기준 revision을 덮지 않는다 (3.3s)
  ✓   4 frontend/e2e/requirements.spec.ts:18:1 › 실제 작성자·담당자 세션에서 등록→지정→제출→검토→합의·댓글·이력을 저장한다 (6.0s)
  ✓   5 frontend/e2e/requirements.spec.ts:94:1 › 초안은 다른 사용자 목록/count에서 제외하며 ADMIN도 타인의 본문을 변경할 수 없다 (684ms)
  ✓   6 frontend/e2e/requirements.spec.ts:124:3 › 요구사항 400 저장 오류는 입력과 기준 revision을 보존한다 (899ms)
  ✓   7 frontend/e2e/requirements.spec.ts:124:3 › 요구사항 403 저장 오류는 입력과 기준 revision을 보존한다 (915ms)
  ✓   8 frontend/e2e/requirements.spec.ts:155:1 › 실제 409 이후 최신 GET의 500 실패·취소·성공에서도 초안과 revision을 명시적으로 교체한다 (2.4s)
  ✘   9 frontend/e2e/requirements.spec.ts:212:3 › 요구사항 A의 지연 success 저장 응답은 새 선택 B의 폼을 덮지 않는다 (11.7s)
(node:64218) Warning: The 'NO_COLOR' env is ignored due to the 'FORCE_COLOR' env being set.
(Use `node --trace-warnings ...` to show where the warning was created)
  ✘  10 frontend/e2e/requirements.spec.ts:212:3 › 요구사항 A의 지연 conflict 저장 응답은 새 선택 B의 폼을 덮지 않는다 (11.5s)
Testing stopped early after 3 maximum allowed failures.


  1) frontend/e2e/requirements-review.spec.ts:82:1 › 담당자 검토의 실제 409·최신 GET 500·취소는 검토 초안과 revision을 보존하며 성공한 명시 조회만 교체한다 

    Error: expect(locator).toHaveCount(expected) failed

    Locator:  getByRole('alert')
    Expected: 0
    Received: 15
    Timeout:  10000ms

    Call log:
      - Expect "toHaveCount" getByRole('alert') with timeout 10000ms
      - waiting for getByRole('alert')
        24 × locator resolved to 15 elements
           - unexpected value "15"


      158 |     reviewRegion(page).getByText(`입력 기준 revision ${current.revision}`, { exact: true }),
      159 |   ).toBeVisible();
    > 160 |   await expect(page.getByRole("alert")).toHaveCount(0);
          |                                         ^
      161 |   await form.getByLabel("검토 근거", { exact: true }).fill("최신 revision으로 저장한 검토");
      162 |   await form.getByRole("button", { name: "검토 저장", exact: true }).click();
      163 |   await expect
        at /Users/dk/Work/ScFramework/frontend/e2e/requirements-review.spec.ts:160:41

    attachment #1: screenshot (image/png) ──────────────────────────────────────────────────────────
    docs/검증/007-requirements-second-results/requirements-review-담당자-검토-cb1e4-ision을-보존하며-성공한-명시-조회만-교체한다/test-failed-1.png
    ────────────────────────────────────────────────────────────────────────────────────────────────

    Error Context: docs/검증/007-requirements-second-results/requirements-review-담당자-검토-cb1e4-ision을-보존하며-성공한-명시-조회만-교체한다/error-context.md

  2) frontend/e2e/requirements.spec.ts:212:3 › 요구사항 A의 지연 success 저장 응답은 새 선택 B의 폼을 덮지 않는다 ─────────

    Error: expect(locator).toHaveCount(expected) failed

    Locator:  getByRole('alert')
    Expected: 0
    Received: 8
    Timeout:  10000ms

    Call log:
      - Expect "toHaveCount" getByRole('alert') with timeout 10000ms
      - waiting for getByRole('alert')
        24 × locator resolved to 8 elements
           - unexpected value "8"


      262 |         page.getByText(`입력 기준 revision ${second.revision}`, { exact: true }),
      263 |       ).toBeVisible();
    > 264 |       await expect(page.getByRole("alert")).toHaveCount(0);
          |                                             ^
      265 |       await expect(bodyForm(page).getByRole("button", { name: "요구사항 저장" })).toBeEnabled();
      266 |     } finally {
      267 |       release?.();
        at /Users/dk/Work/ScFramework/frontend/e2e/requirements.spec.ts:264:45

    attachment #1: screenshot (image/png) ──────────────────────────────────────────────────────────
    docs/검증/007-requirements-second-results/requirements-요구사항-A의-지연-success-저장-응답은-새-선택-B의-폼을-덮지-않는다/test-failed-1.png
    ────────────────────────────────────────────────────────────────────────────────────────────────

    Error Context: docs/검증/007-requirements-second-results/requirements-요구사항-A의-지연-success-저장-응답은-새-선택-B의-폼을-덮지-않는다/error-context.md

  3) frontend/e2e/requirements.spec.ts:212:3 › 요구사항 A의 지연 conflict 저장 응답은 새 선택 B의 폼을 덮지 않는다 ────────

    Error: expect(locator).toHaveCount(expected) failed

    Locator:  getByRole('alert')
    Expected: 0
    Received: 8
    Timeout:  10000ms

    Call log:
      - Expect "toHaveCount" getByRole('alert') with timeout 10000ms
      - waiting for getByRole('alert')
        24 × locator resolved to 8 elements
           - unexpected value "8"


      262 |         page.getByText(`입력 기준 revision ${second.revision}`, { exact: true }),
      263 |       ).toBeVisible();
    > 264 |       await expect(page.getByRole("alert")).toHaveCount(0);
          |                                             ^
      265 |       await expect(bodyForm(page).getByRole("button", { name: "요구사항 저장" })).toBeEnabled();
      266 |     } finally {
      267 |       release?.();
        at /Users/dk/Work/ScFramework/frontend/e2e/requirements.spec.ts:264:45

    attachment #1: screenshot (image/png) ──────────────────────────────────────────────────────────
    docs/검증/007-requirements-second-results/requirements-요구사항-A의-지연-conflict-저장-응답은-새-선택-B의-폼을-덮지-않는다/test-failed-1.png
    ────────────────────────────────────────────────────────────────────────────────────────────────

    Error Context: docs/검증/007-requirements-second-results/requirements-요구사항-A의-지연-conflict-저장-응답은-새-선택-B의-폼을-덮지-않는다/error-context.md

  3 failed
    frontend/e2e/requirements-review.spec.ts:82:1 › 담당자 검토의 실제 409·최신 GET 500·취소는 검토 초안과 revision을 보존하며 성공한 명시 조회만 교체한다 
    frontend/e2e/requirements.spec.ts:212:3 › 요구사항 A의 지연 success 저장 응답은 새 선택 B의 폼을 덮지 않는다 ──────────
    frontend/e2e/requirements.spec.ts:212:3 › 요구사항 A의 지연 conflict 저장 응답은 새 선택 B의 폼을 덮지 않는다 ─────────
  3 did not run
  7 passed (1.0m)
  1 error was not a part of any test, see above for details
