
Running 45 tests using 1 worker

(node:69423) Warning: The 'NO_COLOR' env is ignored due to the 'FORCE_COLOR' env being set.
(Use `node --trace-warnings ...` to show where the warning was created)
  ✓   1 frontend/e2e/accessibility.spec.ts:34:3 › 접근성 로그인 390px: 닫힌 셸과 실제 로그인 필드 (363ms)
  ✓   2 frontend/e2e/accessibility.spec.ts:49:3 › 접근성 Reference 예제 390px: 기본·400 필드·409·native 확인 (3.2s)
  ✓   3 frontend/e2e/accessibility.spec.ts:34:3 › 접근성 로그인 1366px: 닫힌 셸과 실제 로그인 필드 (317ms)
  ✓   4 frontend/e2e/accessibility.spec.ts:49:3 › 접근성 Reference 예제 1366px: 기본·400 필드·409·native 확인 (3.1s)
  ✓   5 frontend/e2e/accessibility.spec.ts:130:7 › reference 실제 JAR 공통 예제 접근성 › 접근성 patterns 390px: 한국어·영어·오류·dirty·열린 모달 (6.6s)
  ✓   6 frontend/e2e/accessibility.spec.ts:130:7 › reference 실제 JAR 공통 예제 접근성 › 접근성 patterns 1366px: 한국어·영어·오류·dirty·열린 모달 (5.5s)
  ✓   7 frontend/e2e/accessibility.spec.ts:130:7 › starter 실제 JAR 공통 예제 접근성 › 접근성 patterns 390px: 한국어·영어·오류·dirty·열린 모달 (6.6s)
  ✓   8 frontend/e2e/accessibility.spec.ts:130:7 › starter 실제 JAR 공통 예제 접근성 › 접근성 patterns 1366px: 한국어·영어·오류·dirty·열린 모달 (5.2s)
  ✓   9 frontend/e2e/date.spec.ts:8:3 › Starter 날짜 390px: calendar·UTC 정밀도·DST·언어를 독립적으로 처리한다 (2.8s)
  ✓  10 frontend/e2e/date.spec.ts:8:3 › Starter 날짜 1366px: calendar·UTC 정밀도·DST·언어를 독립적으로 처리한다 (2.9s)
  ✓  11 frontend/e2e/framework.spec.ts:49:1 › 공통 UI로 등록·수정하고 409에서도 작성 중인 입력을 보존한다 (2.2s)
  ✓  12 frontend/e2e/framework.spec.ts:109:1 › 서버 400 필드 오류에도 등록 입력과 필드 연결을 보존한다 (609ms)
  ✓  13 frontend/e2e/framework.spec.ts:138:1 › 409 후 최신 조회가 500으로 실패하면 입력과 revision을 보존하고 다시 조회할 수 있다 (1.2s)
  ✓  14 frontend/e2e/framework.spec.ts:181:3 › 저장 중 선택 변경: 이전 항목의 success 응답이 새 폼을 바꾸지 않는다 (871ms)
  ✓  15 frontend/e2e/framework.spec.ts:181:3 › 저장 중 선택 변경: 이전 항목의 conflict 응답이 새 폼을 바꾸지 않는다 (637ms)
  ✓  16 frontend/e2e/layout.spec.ts:94:3 › 레퍼런스 390px: 한국어·본문·현재 메뉴·모바일 키보드 탐색 (1.8s)
  ✓  17 frontend/e2e/layout.spec.ts:94:3 › 레퍼런스 1366px: 한국어·본문·현재 메뉴·모바일 키보드 탐색 (875ms)
  ✓  18 frontend/e2e/layout.spec.ts:94:3 › 레퍼런스 1920px: 한국어·본문·현재 메뉴·모바일 키보드 탐색 (789ms)
  ✓  19 frontend/e2e/layout.spec.ts:159:5 › 최소 Starter의 독립적인 공통 셸 소비 › Starter 390px: 동일 UI·Router·본문 탐색 (1.4s)
  ✓  20 frontend/e2e/layout.spec.ts:159:5 › 최소 Starter의 독립적인 공통 셸 소비 › Starter 1366px: 동일 UI·Router·본문 탐색 (1.2s)
  ✓  21 frontend/e2e/layout.spec.ts:159:5 › 최소 Starter의 독립적인 공통 셸 소비 › Starter 1920px: 동일 UI·Router·본문 탐색 (1.1s)
  ✓  22 frontend/e2e/patterns.spec.ts:338:5 › reference 실제 JAR 공통 기능 소비 › 한영 입력 보존·Zod 검증·초기화·dirty 이동 확인 (3.0s)
  ✓  23 frontend/e2e/patterns.spec.ts:344:5 › reference 실제 JAR 공통 기능 소비 › 정렬·페이지·선택과 10,000행 실제 스크롤·focus·일반 보기 (2.0s)
  ✓  24 frontend/e2e/patterns.spec.ts:350:5 › reference 실제 JAR 공통 기능 소비 › SVG 차트·키보드 선택·JSON 서식과 XLSX 다운로드·검토·반영 (2.0s)
  ✓  25 frontend/e2e/patterns.spec.ts:338:5 › starter 실제 JAR 공통 기능 소비 › 한영 입력 보존·Zod 검증·초기화·dirty 이동 확인 (2.7s)
  ✓  26 frontend/e2e/patterns.spec.ts:344:5 › starter 실제 JAR 공통 기능 소비 › 정렬·페이지·선택과 10,000행 실제 스크롤·focus·일반 보기 (2.3s)
  ✓  27 frontend/e2e/patterns.spec.ts:350:5 › starter 실제 JAR 공통 기능 소비 › SVG 차트·키보드 선택·JSON 서식과 XLSX 다운로드·검토·반영 (2.2s)
  ✓  28 frontend/e2e/patterns.spec.ts:359:1 › Reference dirty 폼에서 로그아웃하면 확인 Promise에 갇히지 않고 로그인 화면에 도착한다 (740ms)
  ✓  29 frontend/e2e/requirements-review.spec.ts:82:1 › 담당자 검토의 실제 409·최신 GET 500·취소는 검토 초안과 revision을 보존하며 성공한 명시 조회만 교체한다 (4.2s)
  ✓  30 frontend/e2e/requirements-review.spec.ts:168:1 › 댓글 성공의 최신 상세 응답은 작성자의 작성 중인 본문과 입력 기준 revision을 덮지 않는다 (888ms)
  ✓  31 frontend/e2e/requirements-review.spec.ts:207:1 › 댓글 성공의 최신 검토 응답은 담당자의 검토 초안·추가정보 선택과 입력 기준 revision을 덮지 않는다 (3.4s)
  ✓  32 frontend/e2e/requirements.spec.ts:25:1 › 실제 작성자·담당자 세션에서 등록→지정→제출→검토→합의·댓글·이력을 저장한다 (6.2s)
  ✓  33 frontend/e2e/requirements.spec.ts:103:1 › 초안은 다른 사용자 목록/count에서 제외하며 ADMIN도 타인의 본문을 변경할 수 없다 (647ms)
  ✓  34 frontend/e2e/requirements.spec.ts:133:3 › 요구사항 400 저장 오류는 입력과 기준 revision을 보존한다 (801ms)
  ✓  35 frontend/e2e/requirements.spec.ts:133:3 › 요구사항 403 저장 오류는 입력과 기준 revision을 보존한다 (943ms)
  ✓  36 frontend/e2e/requirements.spec.ts:164:1 › 실제 409 이후 최신 GET의 500 실패·취소·성공에서도 초안과 revision을 명시적으로 교체한다 (2.1s)
  ✓  37 frontend/e2e/requirements.spec.ts:221:3 › 요구사항 A의 지연 success 저장 응답은 새 선택 B의 폼을 덮지 않는다 (1.1s)
  ✓  38 frontend/e2e/requirements.spec.ts:221:3 › 요구사항 A의 지연 conflict 저장 응답은 새 선택 B의 폼을 덮지 않는다 (1.3s)
  ✓  39 frontend/e2e/requirements.spec.ts:281:1 › 검색·페이지 URL은 새로고침과 상세 복귀에서 유지되고 언어 전환은 작성 입력을 유지한다 (1.4s)
  ✓  40 frontend/e2e/requirements.spec.ts:316:3 › 요구사항 390px 목록·본문·필드 오류·댓글·이력은 전체 DOM 접근성을 검사한다 (2.6s)
  ✓  41 frontend/e2e/requirements.spec.ts:316:3 › 요구사항 1366px 목록·본문·필드 오류·댓글·이력은 전체 DOM 접근성을 검사한다 (2.1s)
  -  42 frontend/e2e/visual.spec.ts:201:7 › reference 1366px 시각 기준 › 셸·입력·표·차트·서식의 승인 이미지와 비교
  -  43 frontend/e2e/visual.spec.ts:201:7 › reference 390px 시각 기준 › 셸·입력·표·차트·서식의 승인 이미지와 비교
  -  44 frontend/e2e/visual.spec.ts:201:7 › starter 1366px 시각 기준 › 셸·입력·표·차트·서식의 승인 이미지와 비교
  -  45 frontend/e2e/visual.spec.ts:201:7 › starter 390px 시각 기준 › 셸·입력·표·차트·서식의 승인 이미지와 비교

  4 skipped
  41 passed (1.7m)
