COMMAND bash -c 'set -e; source "$1"; shift; exec "$@"' sc-java-processors /Users/dk/Work/ScFramework/scripts/java-env.sh /Users/dk/Work/ScFramework/backend/mvnw -B -ntp -V -Dstyle.color=never -DskipTests=false -Dmaven.test.skip=false -f /var/folders/8k/rv4bxj0115g929lrxwybv_r80000gn/T/sc-java-processors-008-v95w4kio/positive/pom.xml clean verify
EXIT 1
TIMEOUT false
INTERRUPTED false

--- stdout ---
Apache Maven 3.9.16 (2bdd9fddda4b155ebf8000e807eb73fd829a51d5)
Maven home: /Users/dk/.m2/wrapper/dists/apache-maven-3.9.16/56ba1f9f
Java version: 21.0.11, vendor: Eclipse Adoptium, runtime: /Library/Java/JavaVirtualMachines/temurin-21.jdk/Contents/Home
Default locale: ko_KR, platform encoding: UTF-8
OS name: "mac os x", version: "26.6.2", arch: "aarch64", family: "mac"
[INFO] Scanning for projects...
[ERROR] [ERROR] Some problems were encountered while processing the POMs:
[FATAL] Non-resolvable parent POM for dev.scframework:java-processors-fixture:0.1.0-SNAPSHOT: The following artifacts could not be resolved: dev.scframework:sc-framework-parent:pom:0.1.0-SNAPSHOT (absent): Could not find artifact dev.scframework:sc-framework-parent:pom:0.1.0-SNAPSHOT and 'parent.relativePath' points at wrong local POM @ line 6, column 11
 @ 
[ERROR] The build could not read 1 project -> [Help 1]
[ERROR]   
[ERROR]   The project dev.scframework:java-processors-fixture:0.1.0-SNAPSHOT (/var/folders/8k/rv4bxj0115g929lrxwybv_r80000gn/T/sc-java-processors-008-v95w4kio/positive/pom.xml) has 1 error
[ERROR]     Non-resolvable parent POM for dev.scframework:java-processors-fixture:0.1.0-SNAPSHOT: The following artifacts could not be resolved: dev.scframework:sc-framework-parent:pom:0.1.0-SNAPSHOT (absent): Could not find artifact dev.scframework:sc-framework-parent:pom:0.1.0-SNAPSHOT and 'parent.relativePath' points at wrong local POM @ line 6, column 11 -> [Help 2]
[ERROR] 
[ERROR] To see the full stack trace of the errors, re-run Maven with the -e switch.
[ERROR] Re-run Maven using the -X switch to enable full debug logging.
[ERROR] 
[ERROR] For more information about the errors and possible solutions, please read the following articles:
[ERROR] [Help 1] http://cwiki.apache.org/confluence/display/MAVEN/ProjectBuildingException
[ERROR] [Help 2] http://cwiki.apache.org/confluence/display/MAVEN/UnresolvableModelException

--- stderr ---
