
> sc-framework@0.1.0 test:e2e
> playwright test --config frontend/playwright.config.ts && npm run test:reports


Running 71 tests using 1 worker

(node:4457) Warning: The 'NO_COLOR' env is ignored due to the 'FORCE_COLOR' env being set.
(Use `node --trace-warnings ...` to show where the warning was created)
  ✘   1 frontend/e2e/010-admin-account.spec.ts:46:3 › ADMIN creates users and edits menus; audit and DB permissions at 390 (3.9s)
(node:4464) Warning: The 'NO_COLOR' env is ignored due to the 'FORCE_COLOR' env being set.
(Use `node --trace-warnings ...` to show where the warning was created)
  ✓   2 frontend/e2e/010-admin-account.spec.ts:178:3 › synthetic account password changes end the session and require replacement credentials at 390 (3.1s)
  ✓   3 frontend/e2e/010-admin-account.spec.ts:226:3 › report chart uses the API's six full-result status counts rather than the loaded page at 390 (1.5s)
  ✘   4 frontend/e2e/010-admin-account.spec.ts:46:3 › ADMIN creates users and edits menus; audit and DB permissions at 1366 (3.5s)
(node:4474) Warning: The 'NO_COLOR' env is ignored due to the 'FORCE_COLOR' env being set.
(Use `node --trace-warnings ...` to show where the warning was created)
  ✓   5 frontend/e2e/010-admin-account.spec.ts:178:3 › synthetic account password changes end the session and require replacement credentials at 1366 (2.7s)
  ✓   6 frontend/e2e/010-admin-account.spec.ts:226:3 › report chart uses the API's six full-result status counts rather than the loaded page at 1366 (1.5s)
  ✘   7 frontend/e2e/010-kanban.spec.ts:73:1 › 칸반 실제 작성·수정은 줄바꿈·단일 쉼표 태그·0000과0099 달력 날짜를 보존한다 (1.3s)
(node:4497) Warning: The 'NO_COLOR' env is ignored due to the 'FORCE_COLOR' env being set.
(Use `node --trace-warnings ...` to show where the warning was created)
  ✓   8 frontend/e2e/010-kanban.spec.ts:112:1 › 칸반 멤버 접근과 타인 작업 변경 거절은 ADMIN·담당자에도 서버에서 적용한다 (932ms)
  ✘   9 frontend/e2e/010-kanban.spec.ts:145:1 › 실제 보드 포인터·키보드 센서와 대체 이동은 저장한 작업만 이동하고 필터 정렬에서는 차단한다 (1.6s)
(node:4507) Warning: The 'NO_COLOR' env is ignored due to the 'FORCE_COLOR' env being set.
(Use `node --trace-warnings ...` to show where the warning was created)
  ✓  10 frontend/e2e/010-kanban.spec.ts:195:1 › 작업409 뒤 최신GET500도 편집 입력과 이전revision을 보존하고 명시적재조회로만 교체한다 (1.8s)
  ✓  11 frontend/e2e/010-kanban.spec.ts:235:1 › XLSX 미리보기는 원본행을 보여주고 승인 전 저장하지 않으며 잘못된 담당자의 원자실패와 날짜 왕복을 검사한다 (2.0s)
  ✓  12 frontend/e2e/010-kanban.spec.ts:318:5 › 칸반 390px ko은 전체DOM 접근성과 보드가로스크롤을 검사한다 (1.5s)
  ✓  13 frontend/e2e/010-kanban.spec.ts:318:5 › 칸반 390px en은 전체DOM 접근성과 보드가로스크롤을 검사한다 (1.8s)
  ✓  14 frontend/e2e/010-kanban.spec.ts:318:5 › 칸반 1366px ko은 전체DOM 접근성과 보드가로스크롤을 검사한다 (1.2s)
  ✓  15 frontend/e2e/010-kanban.spec.ts:318:5 › 칸반 1366px en은 전체DOM 접근성과 보드가로스크롤을 검사한다 (1.4s)
  ✘  16 frontend/e2e/010-media.spec.ts:122:3 › image UI upload, trusted pointer, body preservation, PDF privacy and real box conflict at 390 (398ms)
(node:4547) Warning: The 'NO_COLOR' env is ignored due to the 'FORCE_COLOR' env being set.
(Use `node --trace-warnings ...` to show where the warning was created)
  ✓  17 frontend/e2e/010-media.spec.ts:260:3 › English image workspace has native coordinates and no overflow at 390 (1.9s)
  ✘  18 frontend/e2e/010-media.spec.ts:122:3 › image UI upload, trusted pointer, body preservation, PDF privacy and real box conflict at 1366 (409ms)
(node:4554) Warning: The 'NO_COLOR' env is ignored due to the 'FORCE_COLOR' env being set.
(Use `node --trace-warnings ...` to show where the warning was created)
  ✓  19 frontend/e2e/010-media.spec.ts:260:3 › English image workspace has native coordinates and no overflow at 1366 (1.9s)
  ✓  20 frontend/e2e/010-media.spec.ts:280:1 › JPEG EXIF 6 uses browser-oriented original dimensions and preserves uploaded bytes (1.8s)
  ✓  21 frontend/e2e/010-media.spec.ts:314:1 › agreed author links ADO through the UI and exports stored plain text without an external call (1.7s)
  ✓  22 frontend/e2e/010-notices-documents.spec.ts:36:3 › notice plain text persistence, real 409, draft/locale and explicit delete at 390 (2.9s)
  ✓  23 frontend/e2e/010-notices-documents.spec.ts:100:3 › document real JSON storage, rich draft/409, locale and privacy at 390 (4.1s)
  ✓  24 frontend/e2e/010-notices-documents.spec.ts:36:3 › notice plain text persistence, real 409, draft/locale and explicit delete at 1366 (3.5s)
  ✓  25 frontend/e2e/010-notices-documents.spec.ts:100:3 › document real JSON storage, rich draft/409, locale and privacy at 1366 (4.0s)
  ✓  26 frontend/e2e/010-notices-documents.spec.ts:174:1 › notice is readable but author-only; documents remain private even to ADMIN (1.4s)
  ✓  27 frontend/e2e/accessibility.spec.ts:34:3 › 접근성 로그인 390px: 닫힌 셸과 실제 로그인 필드 (310ms)
  ✓  28 frontend/e2e/accessibility.spec.ts:49:3 › 접근성 Reference 예제 390px: 기본·400 필드·409·native 확인 (3.6s)
  ✓  29 frontend/e2e/accessibility.spec.ts:34:3 › 접근성 로그인 1366px: 닫힌 셸과 실제 로그인 필드 (491ms)
  ✓  30 frontend/e2e/accessibility.spec.ts:49:3 › 접근성 Reference 예제 1366px: 기본·400 필드·409·native 확인 (2.8s)
  ✓  31 frontend/e2e/accessibility.spec.ts:130:7 › reference 실제 JAR 공통 예제 접근성 › 접근성 patterns 390px: 한국어·영어·오류·dirty·열린 모달 (6.0s)
  ✓  32 frontend/e2e/accessibility.spec.ts:130:7 › reference 실제 JAR 공통 예제 접근성 › 접근성 patterns 1366px: 한국어·영어·오류·dirty·열린 모달 (5.9s)
  ✓  33 frontend/e2e/accessibility.spec.ts:130:7 › starter 실제 JAR 공통 예제 접근성 › 접근성 patterns 390px: 한국어·영어·오류·dirty·열린 모달 (6.4s)
  ✓  34 frontend/e2e/accessibility.spec.ts:130:7 › starter 실제 JAR 공통 예제 접근성 › 접근성 patterns 1366px: 한국어·영어·오류·dirty·열린 모달 (5.6s)
  ✓  35 frontend/e2e/date.spec.ts:8:3 › Starter 날짜 390px: calendar·UTC 정밀도·DST·언어를 독립적으로 처리한다 (3.0s)
  ✓  36 frontend/e2e/date.spec.ts:8:3 › Starter 날짜 1366px: calendar·UTC 정밀도·DST·언어를 독립적으로 처리한다 (3.3s)
  ✓  37 frontend/e2e/framework.spec.ts:49:1 › 공통 UI로 등록·수정하고 409에서도 작성 중인 입력을 보존한다 (2.0s)
  ✓  38 frontend/e2e/framework.spec.ts:109:1 › 서버 400 필드 오류에도 등록 입력과 필드 연결을 보존한다 (643ms)
  ✓  39 frontend/e2e/framework.spec.ts:138:1 › 409 후 최신 조회가 500으로 실패하면 입력과 revision을 보존하고 다시 조회할 수 있다 (1.3s)
  ✓  40 frontend/e2e/framework.spec.ts:181:3 › 저장 중 선택 변경: 이전 항목의 success 응답이 새 폼을 바꾸지 않는다 (924ms)
  ✓  41 frontend/e2e/framework.spec.ts:181:3 › 저장 중 선택 변경: 이전 항목의 conflict 응답이 새 폼을 바꾸지 않는다 (792ms)
  ✓  42 frontend/e2e/layout.spec.ts:94:3 › 레퍼런스 390px: 한국어·본문·현재 메뉴·모바일 키보드 탐색 (1.5s)
  ✓  43 frontend/e2e/layout.spec.ts:94:3 › 레퍼런스 1366px: 한국어·본문·현재 메뉴·모바일 키보드 탐색 (771ms)
  ✓  44 frontend/e2e/layout.spec.ts:94:3 › 레퍼런스 1920px: 한국어·본문·현재 메뉴·모바일 키보드 탐색 (966ms)
  ✓  45 frontend/e2e/layout.spec.ts:159:5 › 최소 Starter의 독립적인 공통 셸 소비 › Starter 390px: 동일 UI·Router·본문 탐색 (1.4s)
  ✓  46 frontend/e2e/layout.spec.ts:159:5 › 최소 Starter의 독립적인 공통 셸 소비 › Starter 1366px: 동일 UI·Router·본문 탐색 (1.1s)
  ✓  47 frontend/e2e/layout.spec.ts:159:5 › 최소 Starter의 독립적인 공통 셸 소비 › Starter 1920px: 동일 UI·Router·본문 탐색 (1.1s)
  ✓  48 frontend/e2e/patterns.spec.ts:338:5 › reference 실제 JAR 공통 기능 소비 › 한영 입력 보존·Zod 검증·초기화·dirty 이동 확인 (2.6s)
  ✓  49 frontend/e2e/patterns.spec.ts:344:5 › reference 실제 JAR 공통 기능 소비 › 정렬·페이지·선택과 10,000행 실제 스크롤·focus·일반 보기 (2.3s)
  ✓  50 frontend/e2e/patterns.spec.ts:350:5 › reference 실제 JAR 공통 기능 소비 › SVG 차트·키보드 선택·JSON 서식과 XLSX 다운로드·검토·반영 (1.9s)
  ✓  51 frontend/e2e/patterns.spec.ts:338:5 › starter 실제 JAR 공통 기능 소비 › 한영 입력 보존·Zod 검증·초기화·dirty 이동 확인 (2.7s)
  ✓  52 frontend/e2e/patterns.spec.ts:344:5 › starter 실제 JAR 공통 기능 소비 › 정렬·페이지·선택과 10,000행 실제 스크롤·focus·일반 보기 (2.4s)
  ✓  53 frontend/e2e/patterns.spec.ts:350:5 › starter 실제 JAR 공통 기능 소비 › SVG 차트·키보드 선택·JSON 서식과 XLSX 다운로드·검토·반영 (2.2s)
  ✓  54 frontend/e2e/patterns.spec.ts:359:1 › Reference dirty 폼에서 로그아웃하면 확인 Promise에 갇히지 않고 로그인 화면에 도착한다 (578ms)
  ✘  55 frontend/e2e/requirements-review.spec.ts:82:1 › 담당자 검토의 실제 409·최신 GET 500·취소는 검토 초안과 revision을 보존하며 성공한 명시 조회만 교체한다 (592ms)
(node:4728) Warning: The 'NO_COLOR' env is ignored due to the 'FORCE_COLOR' env being set.
(Use `node --trace-warnings ...` to show where the warning was created)
  ✓  56 frontend/e2e/requirements-review.spec.ts:168:1 › 댓글 성공의 최신 상세 응답은 작성자의 작성 중인 본문과 입력 기준 revision을 덮지 않는다 (863ms)
  ✘  57 frontend/e2e/requirements-review.spec.ts:207:1 › 댓글 성공의 최신 검토 응답은 담당자의 검토 초안·추가정보 선택과 입력 기준 revision을 덮지 않는다 (597ms)
(node:4735) Warning: The 'NO_COLOR' env is ignored due to the 'FORCE_COLOR' env being set.
(Use `node --trace-warnings ...` to show where the warning was created)
  ✘  58 frontend/e2e/requirements.spec.ts:25:1 › 실제 작성자·담당자 세션에서 등록→지정→제출→검토→합의·댓글·이력을 저장한다 (597ms)
(node:4741) Warning: The 'NO_COLOR' env is ignored due to the 'FORCE_COLOR' env being set.
(Use `node --trace-warnings ...` to show where the warning was created)
  ✓  59 frontend/e2e/requirements.spec.ts:103:1 › 초안은 다른 사용자 목록/count에서 제외하며 ADMIN도 타인의 본문을 변경할 수 없다 (721ms)
  ✓  60 frontend/e2e/requirements.spec.ts:133:3 › 요구사항 400 저장 오류는 입력과 기준 revision을 보존한다 (1.0s)
  ✓  61 frontend/e2e/requirements.spec.ts:133:3 › 요구사항 403 저장 오류는 입력과 기준 revision을 보존한다 (660ms)
  ✓  62 frontend/e2e/requirements.spec.ts:164:1 › 실제 409 이후 최신 GET의 500 실패·취소·성공에서도 초안과 revision을 명시적으로 교체한다 (2.1s)
  ✓  63 frontend/e2e/requirements.spec.ts:221:3 › 요구사항 A의 지연 success 저장 응답은 새 선택 B의 폼을 덮지 않는다 (1.4s)
  ✓  64 frontend/e2e/requirements.spec.ts:221:3 › 요구사항 A의 지연 conflict 저장 응답은 새 선택 B의 폼을 덮지 않는다 (1.2s)
  ✓  65 frontend/e2e/requirements.spec.ts:281:1 › 검색·페이지 URL은 새로고침과 상세 복귀에서 유지되고 언어 전환은 작성 입력을 유지한다 (1.4s)
  ✓  66 frontend/e2e/requirements.spec.ts:316:3 › 요구사항 390px 목록·본문·필드 오류·댓글·이력은 전체 DOM 접근성을 검사한다 (2.8s)
  ✓  67 frontend/e2e/requirements.spec.ts:316:3 › 요구사항 1366px 목록·본문·필드 오류·댓글·이력은 전체 DOM 접근성을 검사한다 (2.4s)
  -  68 frontend/e2e/visual.spec.ts:201:7 › reference 1366px 시각 기준 › 셸·입력·표·차트·서식의 승인 이미지와 비교
  -  69 frontend/e2e/visual.spec.ts:201:7 › reference 390px 시각 기준 › 셸·입력·표·차트·서식의 승인 이미지와 비교
  -  70 frontend/e2e/visual.spec.ts:201:7 › starter 1366px 시각 기준 › 셸·입력·표·차트·서식의 승인 이미지와 비교
  -  71 frontend/e2e/visual.spec.ts:201:7 › starter 390px 시각 기준 › 셸·입력·표·차트·서식의 승인 이미지와 비교


  1) frontend/e2e/010-admin-account.spec.ts:46:3 › ADMIN creates users and edits menus; audit and DB permissions at 390 

    Error: locator.press: Unknown key: "업"
    Call log:
      - waiting for getByRole('form', { name: '메뉴 생성', exact: true }).locator('input[role=\'combobox\']').visible().and(getByRole('form', { name: '메뉴 생성', exact: true }).getByLabel('상위 메뉴', { exact: true }))
        - locator resolved to <input size="1" type="text" value="최상위" role="combobox" inputmode="none" aria-expanded="true" id="sc-select-sc-1-13" aria-controls="menu-sc-1-14" aria-labelledby="sc-select-sc-1-13-label" aria-describedby="sc-select-sc-1-13-messages"/>
      - elementHandle.press("업")


       at support/requirements.ts:113

      111 |   // 긴 가상 목록은 자동 click 스크롤 중 대상이 교체된다. 실제 키보드 검색으로 먼저 이동한다.
      112 |   for (const character of option)
    > 113 |     await target.press(character === " " ? "Space" : character === "+" ? "Shift+Equal" : character);
          |                  ^
      114 |   const selectedOption = page
      115 |     .getByRole("listbox")
      116 |     .getByRole("option", { name: option, exact: true });
        at choose (/Users/dk/Work/ScFramework/frontend/e2e/support/requirements.ts:113:18)
        at /Users/dk/Work/ScFramework/frontend/e2e/010-admin-account.spec.ts:90:5

    attachment #1: admin-users-390-ko-validation-axe.json (application/json) ───────────────────────
    frontend/test-results/010-admin-account-ADMIN-cr-bbc46-t-and-DB-permissions-at-390/attachments/admin-users-390-ko-validation-axe-json-be0b46c4c889626f43da9f9fcde099efc231f398.json
    ────────────────────────────────────────────────────────────────────────────────────────────────

    attachment #2: admin-users-390-ko-validation (image/png) ───────────────────────────────────────
    frontend/test-results/010-admin-account-ADMIN-cr-bbc46-t-and-DB-permissions-at-390/attachments/admin-users-390-ko-validation-2d10a40354ac65a9daadff85a37525a9b53dc5ba.png
    ────────────────────────────────────────────────────────────────────────────────────────────────

    attachment #3: admin-users-390-en-created-axe.json (application/json) ──────────────────────────
    frontend/test-results/010-admin-account-ADMIN-cr-bbc46-t-and-DB-permissions-at-390/attachments/admin-users-390-en-created-axe-json-80b5eb3e7e82ad8f85b54189c78115c7dd440a07.json
    ────────────────────────────────────────────────────────────────────────────────────────────────

    attachment #4: admin-users-390-en-created (image/png) ──────────────────────────────────────────
    frontend/test-results/010-admin-account-ADMIN-cr-bbc46-t-and-DB-permissions-at-390/attachments/admin-users-390-en-created-347cfbce705fa38a4d1a97c066f4390c4ed2cc9d.png
    ────────────────────────────────────────────────────────────────────────────────────────────────

    attachment #5: screenshot (image/png) ──────────────────────────────────────────────────────────
    frontend/test-results/010-admin-account-ADMIN-cr-bbc46-t-and-DB-permissions-at-390/test-failed-1.png
    ────────────────────────────────────────────────────────────────────────────────────────────────

    Error Context: frontend/test-results/010-admin-account-ADMIN-cr-bbc46-t-and-DB-permissions-at-390/error-context.md

  2) frontend/e2e/010-admin-account.spec.ts:46:3 › ADMIN creates users and edits menus; audit and DB permissions at 1366 

    Error: locator.press: Unknown key: "업"
    Call log:
      - waiting for getByRole('form', { name: '메뉴 생성', exact: true }).locator('input[role=\'combobox\']').visible().and(getByRole('form', { name: '메뉴 생성', exact: true }).getByLabel('상위 메뉴', { exact: true }))
        - locator resolved to <input size="1" type="text" value="최상위" role="combobox" inputmode="none" aria-expanded="true" id="sc-select-sc-1-13" aria-controls="menu-sc-1-14" aria-labelledby="sc-select-sc-1-13-label" aria-describedby="sc-select-sc-1-13-messages"/>
      - elementHandle.press("업")


       at support/requirements.ts:113

      111 |   // 긴 가상 목록은 자동 click 스크롤 중 대상이 교체된다. 실제 키보드 검색으로 먼저 이동한다.
      112 |   for (const character of option)
    > 113 |     await target.press(character === " " ? "Space" : character === "+" ? "Shift+Equal" : character);
          |                  ^
      114 |   const selectedOption = page
      115 |     .getByRole("listbox")
      116 |     .getByRole("option", { name: option, exact: true });
        at choose (/Users/dk/Work/ScFramework/frontend/e2e/support/requirements.ts:113:18)
        at /Users/dk/Work/ScFramework/frontend/e2e/010-admin-account.spec.ts:90:5

    attachment #1: admin-users-1366-ko-validation-axe.json (application/json) ──────────────────────
    frontend/test-results/010-admin-account-ADMIN-cr-802b3--and-DB-permissions-at-1366/attachments/admin-users-1366-ko-validation-axe-json-48146898ba2e9b7ce30b48fdfbccbf1101d7da15.json
    ────────────────────────────────────────────────────────────────────────────────────────────────

    attachment #2: admin-users-1366-ko-validation (image/png) ──────────────────────────────────────
    frontend/test-results/010-admin-account-ADMIN-cr-802b3--and-DB-permissions-at-1366/attachments/admin-users-1366-ko-validation-b1fd94447c65c8942b9f6652d04a3039d9f770d6.png
    ────────────────────────────────────────────────────────────────────────────────────────────────

    attachment #3: admin-users-1366-en-created-axe.json (application/json) ─────────────────────────
    frontend/test-results/010-admin-account-ADMIN-cr-802b3--and-DB-permissions-at-1366/attachments/admin-users-1366-en-created-axe-json-4fbe25e4e480bf1cfd50902bf2ef109a34ab3470.json
    ────────────────────────────────────────────────────────────────────────────────────────────────

    attachment #4: admin-users-1366-en-created (image/png) ─────────────────────────────────────────
    frontend/test-results/010-admin-account-ADMIN-cr-802b3--and-DB-permissions-at-1366/attachments/admin-users-1366-en-created-2d1e7014fc9fc9b0504a49aba569fad3d234f380.png
    ────────────────────────────────────────────────────────────────────────────────────────────────

    attachment #5: screenshot (image/png) ──────────────────────────────────────────────────────────
    frontend/test-results/010-admin-account-ADMIN-cr-802b3--and-DB-permissions-at-1366/test-failed-1.png
    ────────────────────────────────────────────────────────────────────────────────────────────────

    Error Context: frontend/test-results/010-admin-account-ADMIN-cr-802b3--and-DB-permissions-at-1366/error-context.md

  3) frontend/e2e/010-kanban.spec.ts:73:1 › 칸반 실제 작성·수정은 줄바꿈·단일 쉼표 태그·0000과0099 달력 날짜를 보존한다 ────────

    Error: locator.press: Unknown key: "완"
    Call log:
      - waiting for getByRole('form', { name: '작업 입력', exact: true }).locator('input[role=\'combobox\']').visible().and(getByRole('form', { name: '작업 입력', exact: true }).getByLabel('상태', { exact: true }))
        - locator resolved to <input size="1" type="text" value="할 일" role="combobox" inputmode="none" aria-expanded="true" id="sc-select-sc-1-68" aria-controls="menu-sc-1-69" aria-labelledby="sc-select-sc-1-68-label" aria-describedby="sc-select-sc-1-68-messages"/>
      - elementHandle.press("완")


       at support/requirements.ts:113

      111 |   // 긴 가상 목록은 자동 click 스크롤 중 대상이 교체된다. 실제 키보드 검색으로 먼저 이동한다.
      112 |   for (const character of option)
    > 113 |     await target.press(character === " " ? "Space" : character === "+" ? "Shift+Equal" : character);
          |                  ^
      114 |   const selectedOption = page
      115 |     .getByRole("listbox")
      116 |     .getByRole("option", { name: option, exact: true });
        at choose (/Users/dk/Work/ScFramework/frontend/e2e/support/requirements.ts:113:18)
        at /Users/dk/Work/ScFramework/frontend/e2e/010-kanban.spec.ts:96:3

    attachment #1: screenshot (image/png) ──────────────────────────────────────────────────────────
    frontend/test-results/010-kanban-칸반-실제-작성·수정은-줄바꿈·단일-쉼표-태그·0000과0099-달력-날짜를-보존한다/test-failed-1.png
    ────────────────────────────────────────────────────────────────────────────────────────────────

    Error Context: frontend/test-results/010-kanban-칸반-실제-작성·수정은-줄바꿈·단일-쉼표-태그·0000과0099-달력-날짜를-보존한다/error-context.md

  4) frontend/e2e/010-kanban.spec.ts:145:1 › 실제 보드 포인터·키보드 센서와 대체 이동은 저장한 작업만 이동하고 필터 정렬에서는 차단한다 ───

    Error: expect(locator).toHaveClass(expected) failed

    Locator: locator('[data-sc-board-key=\'3\']')
    Expected pattern: /sc-board-item--dragging/
    Error: strict mode violation: locator('[data-sc-board-key=\'3\']') resolved to 2 elements:
        1) <li popover="manual" data-v-f22aac39="" data-v-9c9432d5="" data-sc-board-key="3" data-dnd-dragging="true" class="sc-board-item sc-board-item--dragging">…</li> aka getByRole('listitem').filter({ hasText: '이동: 포인터 Alpha' })
        2) <li inert="true" tab-index="-1" data-v-f22aac39="" data-v-9c9432d5="" aria-hidden="true" data-sc-board-key="3" data-dnd-placeholder="hidden" class="sc-board-item sc-board-item--dragging">…</li> aka getByText('이동: 포인터 Alpha원본 설명 줄바꿈 유지우선순위: 보통 · 담당자: —기한: —작성자: author 담당 4ca7b75e').nth(1)

    Call log:
      - Expect "toHaveClass" locator('[data-sc-board-key=\'3\']') with timeout 10000ms
      - waiting for locator('[data-sc-board-key=\'3\']')


      161 |   await page.mouse.down();
      162 |   await page.mouse.move(start!.x + 55, start!.y + 15, { steps: 5 });
    > 163 |   await expect(page.locator(`[data-sc-board-key='${alpha.id}']`)).toHaveClass(
          |                                                                   ^
      164 |     /sc-board-item--dragging/,
      165 |   );
      166 |   await page.mouse.move(end!.x + 80, end!.y + 80, { steps: 15 });
        at /Users/dk/Work/ScFramework/frontend/e2e/010-kanban.spec.ts:163:67

    attachment #1: screenshot (image/png) ──────────────────────────────────────────────────────────
    frontend/test-results/010-kanban-실제-보드-포인터·키보드-센-870ac--저장한-작업만-이동하고-필터-정렬에서는-차단한다/test-failed-1.png
    ────────────────────────────────────────────────────────────────────────────────────────────────

    Error Context: frontend/test-results/010-kanban-실제-보드-포인터·키보드-센-870ac--저장한-작업만-이동하고-필터-정렬에서는-차단한다/error-context.md

  5) frontend/e2e/010-media.spec.ts:122:3 › image UI upload, trusted pointer, body preservation, PDF privacy and real box conflict at 390 

    Error: locator.press: Unknown key: "업"
    Call log:
      - waiting for getByRole('form', { name: '화면 생성', exact: true }).locator('input[role=\'combobox\']').visible().and(getByRole('form', { name: '화면 생성', exact: true }).getByLabel('메뉴', { exact: true }))
        - locator resolved to <input size="1" value="" type="text" required="" role="combobox" inputmode="none" aria-expanded="true" aria-required="true" id="sc-select-sc-1-17" aria-controls="menu-sc-1-18" aria-labelledby="sc-select-sc-1-17-label" aria-describedby="sc-select-sc-1-17-messages"/>
      - elementHandle.press("업")


       at support/requirements.ts:113

      111 |   // 긴 가상 목록은 자동 click 스크롤 중 대상이 교체된다. 실제 키보드 검색으로 먼저 이동한다.
      112 |   for (const character of option)
    > 113 |     await target.press(character === " " ? "Space" : character === "+" ? "Shift+Equal" : character);
          |                  ^
      114 |   const selectedOption = page
      115 |     .getByRole("listbox")
      116 |     .getByRole("option", { name: option, exact: true });
        at choose (/Users/dk/Work/ScFramework/frontend/e2e/support/requirements.ts:113:18)
        at createScreenInUi (/Users/dk/Work/ScFramework/frontend/e2e/010-media.spec.ts:49:3)
        at /Users/dk/Work/ScFramework/frontend/e2e/010-media.spec.ts:129:20

    attachment #1: screenshot (image/png) ──────────────────────────────────────────────────────────
    frontend/test-results/010-media-image-UI-upload--c1a75-nd-real-box-conflict-at-390/test-failed-1.png
    ────────────────────────────────────────────────────────────────────────────────────────────────

    Error Context: frontend/test-results/010-media-image-UI-upload--c1a75-nd-real-box-conflict-at-390/error-context.md

  6) frontend/e2e/010-media.spec.ts:122:3 › image UI upload, trusted pointer, body preservation, PDF privacy and real box conflict at 1366 

    Error: locator.press: Unknown key: "업"
    Call log:
      - waiting for getByRole('form', { name: '화면 생성', exact: true }).locator('input[role=\'combobox\']').visible().and(getByRole('form', { name: '화면 생성', exact: true }).getByLabel('메뉴', { exact: true }))
        - locator resolved to <input size="1" value="" type="text" required="" role="combobox" inputmode="none" aria-expanded="true" aria-required="true" id="sc-select-sc-1-17" aria-controls="menu-sc-1-18" aria-labelledby="sc-select-sc-1-17-label" aria-describedby="sc-select-sc-1-17-messages"/>
      - elementHandle.press("업")


       at support/requirements.ts:113

      111 |   // 긴 가상 목록은 자동 click 스크롤 중 대상이 교체된다. 실제 키보드 검색으로 먼저 이동한다.
      112 |   for (const character of option)
    > 113 |     await target.press(character === " " ? "Space" : character === "+" ? "Shift+Equal" : character);
          |                  ^
      114 |   const selectedOption = page
      115 |     .getByRole("listbox")
      116 |     .getByRole("option", { name: option, exact: true });
        at choose (/Users/dk/Work/ScFramework/frontend/e2e/support/requirements.ts:113:18)
        at createScreenInUi (/Users/dk/Work/ScFramework/frontend/e2e/010-media.spec.ts:49:3)
        at /Users/dk/Work/ScFramework/frontend/e2e/010-media.spec.ts:129:20

    attachment #1: screenshot (image/png) ──────────────────────────────────────────────────────────
    frontend/test-results/010-media-image-UI-upload--d381d-d-real-box-conflict-at-1366/test-failed-1.png
    ────────────────────────────────────────────────────────────────────────────────────────────────

    Error Context: frontend/test-results/010-media-image-UI-upload--d381d-d-real-box-conflict-at-1366/error-context.md

  7) frontend/e2e/requirements-review.spec.ts:82:1 › 담당자 검토의 실제 409·최신 GET 500·취소는 검토 초안과 revision을 보존하며 성공한 명시 조회만 교체한다 

    Error: locator.press: Unknown key: "가"
    Call log:
      - waiting for getByRole('form', { name: '담당자 검토', exact: true }).locator('input[role=\'combobox\']').visible().and(getByRole('form', { name: '담당자 검토', exact: true }).getByLabel('검토 결과', { exact: true }))
        - locator resolved to <input size="1" type="text" required="" value="미검토" role="combobox" inputmode="none" aria-expanded="true" aria-required="true" id="sc-select-sc-1-47" aria-controls="menu-sc-1-48" aria-labelledby="sc-select-sc-1-47-label" aria-describedby="sc-select-sc-1-47-messages"/>
      - elementHandle.press("가")


       at support/requirements.ts:113

      111 |   // 긴 가상 목록은 자동 click 스크롤 중 대상이 교체된다. 실제 키보드 검색으로 먼저 이동한다.
      112 |   for (const character of option)
    > 113 |     await target.press(character === " " ? "Space" : character === "+" ? "Shift+Equal" : character);
          |                  ^
      114 |   const selectedOption = page
      115 |     .getByRole("listbox")
      116 |     .getByRole("option", { name: option, exact: true });
        at choose (/Users/dk/Work/ScFramework/frontend/e2e/support/requirements.ts:113:18)
        at fillReviewDraft (/Users/dk/Work/ScFramework/frontend/e2e/requirements-review.spec.ts:53:3)
        at /Users/dk/Work/ScFramework/frontend/e2e/requirements-review.spec.ts:87:3

    attachment #1: screenshot (image/png) ──────────────────────────────────────────────────────────
    frontend/test-results/requirements-review-담당자-검토-cb1e4-ision을-보존하며-성공한-명시-조회만-교체한다/test-failed-1.png
    ────────────────────────────────────────────────────────────────────────────────────────────────

    Error Context: frontend/test-results/requirements-review-담당자-검토-cb1e4-ision을-보존하며-성공한-명시-조회만-교체한다/error-context.md

  8) frontend/e2e/requirements-review.spec.ts:207:1 › 댓글 성공의 최신 검토 응답은 담당자의 검토 초안·추가정보 선택과 입력 기준 revision을 덮지 않는다 

    Error: locator.press: Unknown key: "가"
    Call log:
      - waiting for getByRole('form', { name: '담당자 검토', exact: true }).locator('input[role=\'combobox\']').visible().and(getByRole('form', { name: '담당자 검토', exact: true }).getByLabel('검토 결과', { exact: true }))
        - locator resolved to <input size="1" type="text" required="" value="미검토" role="combobox" inputmode="none" aria-expanded="true" aria-required="true" id="sc-select-sc-1-47" aria-controls="menu-sc-1-48" aria-labelledby="sc-select-sc-1-47-label" aria-describedby="sc-select-sc-1-47-messages"/>
      - elementHandle.press("가")


       at support/requirements.ts:113

      111 |   // 긴 가상 목록은 자동 click 스크롤 중 대상이 교체된다. 실제 키보드 검색으로 먼저 이동한다.
      112 |   for (const character of option)
    > 113 |     await target.press(character === " " ? "Space" : character === "+" ? "Shift+Equal" : character);
          |                  ^
      114 |   const selectedOption = page
      115 |     .getByRole("listbox")
      116 |     .getByRole("option", { name: option, exact: true });
        at choose (/Users/dk/Work/ScFramework/frontend/e2e/support/requirements.ts:113:18)
        at fillReviewDraft (/Users/dk/Work/ScFramework/frontend/e2e/requirements-review.spec.ts:53:3)
        at /Users/dk/Work/ScFramework/frontend/e2e/requirements-review.spec.ts:212:3

    attachment #1: screenshot (image/png) ──────────────────────────────────────────────────────────
    frontend/test-results/requirements-review-댓글-성공의-0b319--선택과-입력-기준-revision을-덮지-않는다/test-failed-1.png
    ────────────────────────────────────────────────────────────────────────────────────────────────

    Error Context: frontend/test-results/requirements-review-댓글-성공의-0b319--선택과-입력-기준-revision을-덮지-않는다/error-context.md

  9) frontend/e2e/requirements.spec.ts:25:1 › 실제 작성자·담당자 세션에서 등록→지정→제출→검토→합의·댓글·이력을 저장한다 ───────────

    Error: locator.press: Unknown key: "업"
    Call log:
      - waiting for getByRole('form', { name: '요구사항 본문', exact: true }).locator('input[role=\'combobox\']').visible().and(getByRole('form', { name: '요구사항 본문', exact: true }).getByLabel('메뉴', { exact: true }))
        - locator resolved to <input size="1" value="" type="text" required="" role="combobox" inputmode="none" aria-invalid="true" aria-expanded="true" aria-required="true" id="sc-select-sc-1-4" aria-controls="menu-sc-1-5" aria-labelledby="sc-select-sc-1-4-label" aria-describedby="sc-select-sc-1-4-messages"/>
      - elementHandle.press("업")


       at support/requirements.ts:113

      111 |   // 긴 가상 목록은 자동 click 스크롤 중 대상이 교체된다. 실제 키보드 검색으로 먼저 이동한다.
      112 |   for (const character of option)
    > 113 |     await target.press(character === " " ? "Space" : character === "+" ? "Shift+Equal" : character);
          |                  ^
      114 |   const selectedOption = page
      115 |     .getByRole("listbox")
      116 |     .getByRole("option", { name: option, exact: true });
        at choose (/Users/dk/Work/ScFramework/frontend/e2e/support/requirements.ts:113:18)
        at /Users/dk/Work/ScFramework/frontend/e2e/requirements.spec.ts:38:3

    attachment #1: screenshot (image/png) ──────────────────────────────────────────────────────────
    frontend/test-results/requirements-실제-작성자·담당자-세션에서-등록→지정→제출→검토→합의·댓글·이력을-저장한다/test-failed-1.png
    ────────────────────────────────────────────────────────────────────────────────────────────────

    Error Context: frontend/test-results/requirements-실제-작성자·담당자-세션에서-등록→지정→제출→검토→합의·댓글·이력을-저장한다/error-context.md

  9 failed
    frontend/e2e/010-admin-account.spec.ts:46:3 › ADMIN creates users and edits menus; audit and DB permissions at 390 
    frontend/e2e/010-admin-account.spec.ts:46:3 › ADMIN creates users and edits menus; audit and DB permissions at 1366 
    frontend/e2e/010-kanban.spec.ts:73:1 › 칸반 실제 작성·수정은 줄바꿈·단일 쉼표 태그·0000과0099 달력 날짜를 보존한다 ─────────
    frontend/e2e/010-kanban.spec.ts:145:1 › 실제 보드 포인터·키보드 센서와 대체 이동은 저장한 작업만 이동하고 필터 정렬에서는 차단한다 ────
    frontend/e2e/010-media.spec.ts:122:3 › image UI upload, trusted pointer, body preservation, PDF privacy and real box conflict at 390 
    frontend/e2e/010-media.spec.ts:122:3 › image UI upload, trusted pointer, body preservation, PDF privacy and real box conflict at 1366 
    frontend/e2e/requirements-review.spec.ts:82:1 › 담당자 검토의 실제 409·최신 GET 500·취소는 검토 초안과 revision을 보존하며 성공한 명시 조회만 교체한다 
    frontend/e2e/requirements-review.spec.ts:207:1 › 댓글 성공의 최신 검토 응답은 담당자의 검토 초안·추가정보 선택과 입력 기준 revision을 덮지 않는다 
    frontend/e2e/requirements.spec.ts:25:1 › 실제 작성자·담당자 세션에서 등록→지정→제출→검토→합의·댓글·이력을 저장한다 ────────────
  4 skipped
  58 passed (2.4m)
