FAIL actual JAR OpenAPI differs from snapshot: 84 changed fields.
ADDED $root['components']['schemas']['AdoInput']
ADDED $root['components']['schemas']['AnnotationInput']
ADDED $root['components']['schemas']['BoardInput']
ADDED $root['components']['schemas']['BoardRenameInput']
ADDED $root['components']['schemas']['BoardResponse']
ADDED $root['components']['schemas']['DocumentInput']
ADDED $root['components']['schemas']['DocumentResponse']
ADDED $root['components']['schemas']['DocumentSummary']
ADDED $root['components']['schemas']['DocumentUpdateInput']
ADDED $root['components']['schemas']['KanbanAccessResponse']
ADDED $root['components']['schemas']['KanbanMemberInput']
ADDED $root['components']['schemas']['KanbanMemberResponse']
ADDED $root['components']['schemas']['KanbanUserResponse']
ADDED $root['components']['schemas']['NoticeInput']
ADDED $root['components']['schemas']['NoticeResponse']
ADDED $root['components']['schemas']['NoticeUpdateInput']
ADDED $root['components']['schemas']['PasswordInput']
ADDED $root['components']['schemas']['RequirementAdoResponse']['properties']['linkedAt']['format']
ADDED $root['components']['schemas']['RequirementAdoResponse']['required']
ADDED $root['components']['schemas']['RequirementAnnotationResponse']['properties']['height']['maximum']
ADDED $root['components']['schemas']['RequirementAnnotationResponse']['properties']['height']['minimum']
ADDED $root['components']['schemas']['RequirementAnnotationResponse']['properties']['number']['minimum']
ADDED $root['components']['schemas']['RequirementAnnotationResponse']['properties']['width']['maximum']
ADDED $root['components']['schemas']['RequirementAnnotationResponse']['properties']['width']['minimum']
ADDED $root['components']['schemas']['RequirementAnnotationResponse']['properties']['x']['maximum']
ADDED $root['components']['schemas']['RequirementAnnotationResponse']['properties']['x']['minimum']
ADDED $root['components']['schemas']['RequirementAnnotationResponse']['properties']['y']['maximum']
ADDED $root['components']['schemas']['RequirementAnnotationResponse']['properties']['y']['minimum']
ADDED $root['components']['schemas']['RequirementAnnotationResponse']['required']
ADDED $root['components']['schemas']['RequirementAttachmentResponse']['properties']['createdAt']['format']
ADDED $root['components']['schemas']['RequirementAttachmentResponse']['properties']['size']['minimum']
ADDED $root['components']['schemas']['RequirementAttachmentResponse']['required']
CHANGED $root['components']['schemas']['RequirementBoxInput']['description']
ADDED $root['components']['schemas']['RequirementBoxInput']['properties']['height']['maximum']
ADDED $root['components']['schemas']['RequirementBoxInput']['properties']['height']['minimum']
ADDED $root['components']['schemas']['RequirementBoxInput']['properties']['width']['maximum']
ADDED $root['components']['schemas']['RequirementBoxInput']['properties']['width']['minimum']
ADDED $root['components']['schemas']['RequirementBoxInput']['properties']['x']['maximum']
ADDED $root['components']['schemas']['RequirementBoxInput']['properties']['x']['minimum']
ADDED $root['components']['schemas']['RequirementBoxInput']['properties']['y']['maximum']
... 44 additional changed fields omitted.
Review the API change; use --update explicitly only after accepting it.
