
> sc-framework@0.2.0 test:e2e
> playwright test --config frontend/playwright.config.ts && npm run test:reports


Running 73 tests using 1 worker

(node:35035) Warning: The 'NO_COLOR' env is ignored due to the 'FORCE_COLOR' env being set.
(Use `node --trace-warnings ...` to show where the warning was created)
  ✓   1 frontend/e2e/010-admin-account.spec.ts:46:3 › ADMIN creates users and edits menus; audit and DB permissions at 390 (9.7s)
  ✓   2 frontend/e2e/010-admin-account.spec.ts:178:3 › synthetic account password changes end the session and require replacement credentials at 390 (2.6s)
  ✓   3 frontend/e2e/010-admin-account.spec.ts:226:3 › report chart uses the API's six full-result status counts rather than the loaded page at 390 (1.8s)
  ✓   4 frontend/e2e/010-admin-account.spec.ts:46:3 › ADMIN creates users and edits menus; audit and DB permissions at 1366 (11.1s)
  ✓   5 frontend/e2e/010-admin-account.spec.ts:178:3 › synthetic account password changes end the session and require replacement credentials at 1366 (2.5s)
  ✓   6 frontend/e2e/010-admin-account.spec.ts:226:3 › report chart uses the API's six full-result status counts rather than the loaded page at 1366 (1.8s)
  ✓   7 frontend/e2e/010-kanban.spec.ts:73:1 › 칸반 실제 작성·수정은 줄바꿈·단일 쉼표 태그·0000과0099 달력 날짜를 보존한다 (3.1s)
  ✓   8 frontend/e2e/010-kanban.spec.ts:112:1 › 칸반 멤버 접근과 타인 작업 변경 거절은 ADMIN·담당자에도 서버에서 적용한다 (940ms)
  ✓   9 frontend/e2e/010-kanban.spec.ts:145:1 › 실제 보드 포인터·키보드 센서와 대체 이동은 저장한 작업만 이동하고 필터 정렬에서는 차단한다 (4.3s)
  ✓  10 frontend/e2e/010-kanban.spec.ts:195:1 › 작업409 뒤 최신GET500도 편집 입력과 이전revision을 보존하고 명시적재조회로만 교체한다 (1.7s)
  ✓  11 frontend/e2e/010-kanban.spec.ts:235:1 › XLSX 미리보기는 원본행을 보여주고 승인 전 저장하지 않으며 잘못된 담당자의 원자실패와 날짜 왕복을 검사한다 (2.4s)
  ✓  12 frontend/e2e/010-kanban.spec.ts:318:5 › 칸반 390px ko은 전체DOM 접근성과 보드가로스크롤을 검사한다 (1.7s)
  ✓  13 frontend/e2e/010-kanban.spec.ts:318:5 › 칸반 390px en은 전체DOM 접근성과 보드가로스크롤을 검사한다 (1.8s)
  ✓  14 frontend/e2e/010-kanban.spec.ts:318:5 › 칸반 1366px ko은 전체DOM 접근성과 보드가로스크롤을 검사한다 (1.4s)
  ✓  15 frontend/e2e/010-kanban.spec.ts:318:5 › 칸반 1366px en은 전체DOM 접근성과 보드가로스크롤을 검사한다 (1.3s)
  ✓  16 frontend/e2e/010-media.spec.ts:190:3 › image UI upload, trusted pointer, body preservation, PDF privacy and real box conflict at 390 (17.3s)
  ✓  17 frontend/e2e/010-media.spec.ts:385:3 › English image workspace has native coordinates and no overflow at 390 (1.6s)
  ✓  18 frontend/e2e/010-media.spec.ts:190:3 › image UI upload, trusted pointer, body preservation, PDF privacy and real box conflict at 1366 (17.8s)
  ✓  19 frontend/e2e/010-media.spec.ts:385:3 › English image workspace has native coordinates and no overflow at 1366 (1.7s)
  ✓  20 frontend/e2e/010-media.spec.ts:405:1 › JPEG EXIF 6 uses browser-oriented original dimensions and preserves uploaded bytes (1.9s)
  ✓  21 frontend/e2e/010-media.spec.ts:439:1 › agreed author links ADO through the UI and exports stored plain text without an external call (1.8s)
  ✓  22 frontend/e2e/010-notices-documents.spec.ts:36:3 › notice plain text persistence, real 409, draft/locale and explicit delete at 390 (3.0s)
  ✓  23 frontend/e2e/010-notices-documents.spec.ts:100:3 › document real JSON storage, rich draft/409, locale and privacy at 390 (3.5s)
  ✓  24 frontend/e2e/010-notices-documents.spec.ts:36:3 › notice plain text persistence, real 409, draft/locale and explicit delete at 1366 (3.3s)
  ✓  25 frontend/e2e/010-notices-documents.spec.ts:100:3 › document real JSON storage, rich draft/409, locale and privacy at 1366 (3.2s)
  ✓  26 frontend/e2e/010-notices-documents.spec.ts:174:1 › notice is readable but author-only; documents remain private even to ADMIN (1.4s)
  ✓  27 frontend/e2e/010-starter-patterns.spec.ts:34:1 › Starter 390px 보드의 native 이동·순서 변경은 로컬 자료만 바꾸고 전체 DOM 접근성을 유지한다 (865ms)
  ✓  28 frontend/e2e/010-starter-patterns.spec.ts:88:1 › Starter 1366px 이미지의 영어 좌표 입력·키보드 확대는 정규화된 로컬 박스를 보존하고 전체 DOM 접근성을 유지한다 (985ms)
  ✓  29 frontend/e2e/accessibility.spec.ts:34:3 › 접근성 로그인 390px: 닫힌 셸과 실제 로그인 필드 (362ms)
  ✓  30 frontend/e2e/accessibility.spec.ts:49:3 › 접근성 Reference 예제 390px: 기본·400 필드·409·native 확인 (3.1s)
  ✓  31 frontend/e2e/accessibility.spec.ts:34:3 › 접근성 로그인 1366px: 닫힌 셸과 실제 로그인 필드 (314ms)
  ✓  32 frontend/e2e/accessibility.spec.ts:49:3 › 접근성 Reference 예제 1366px: 기본·400 필드·409·native 확인 (3.4s)
  ✓  33 frontend/e2e/accessibility.spec.ts:130:7 › reference 실제 JAR 공통 예제 접근성 › 접근성 patterns 390px: 한국어·영어·오류·dirty·열린 모달 (6.7s)
  ✓  34 frontend/e2e/accessibility.spec.ts:130:7 › reference 실제 JAR 공통 예제 접근성 › 접근성 patterns 1366px: 한국어·영어·오류·dirty·열린 모달 (5.6s)
  ✓  35 frontend/e2e/accessibility.spec.ts:130:7 › starter 실제 JAR 공통 예제 접근성 › 접근성 patterns 390px: 한국어·영어·오류·dirty·열린 모달 (6.5s)
  ✓  36 frontend/e2e/accessibility.spec.ts:130:7 › starter 실제 JAR 공통 예제 접근성 › 접근성 patterns 1366px: 한국어·영어·오류·dirty·열린 모달 (5.6s)
  ✓  37 frontend/e2e/date.spec.ts:8:3 › Starter 날짜 390px: calendar·UTC 정밀도·DST·언어를 독립적으로 처리한다 (4.0s)
  ✓  38 frontend/e2e/date.spec.ts:8:3 › Starter 날짜 1366px: calendar·UTC 정밀도·DST·언어를 독립적으로 처리한다 (4.6s)
  ✓  39 frontend/e2e/framework.spec.ts:49:1 › 공통 UI로 등록·수정하고 409에서도 작성 중인 입력을 보존한다 (2.2s)
  ✓  40 frontend/e2e/framework.spec.ts:109:1 › 서버 400 필드 오류에도 등록 입력과 필드 연결을 보존한다 (607ms)
  ✓  41 frontend/e2e/framework.spec.ts:138:1 › 409 후 최신 조회가 500으로 실패하면 입력과 revision을 보존하고 다시 조회할 수 있다 (1.1s)
  ✓  42 frontend/e2e/framework.spec.ts:181:3 › 저장 중 선택 변경: 이전 항목의 success 응답이 새 폼을 바꾸지 않는다 (733ms)
  ✓  43 frontend/e2e/framework.spec.ts:181:3 › 저장 중 선택 변경: 이전 항목의 conflict 응답이 새 폼을 바꾸지 않는다 (746ms)
  ✓  44 frontend/e2e/layout.spec.ts:94:3 › 레퍼런스 390px: 한국어·본문·현재 메뉴·모바일 키보드 탐색 (1.8s)
  ✓  45 frontend/e2e/layout.spec.ts:94:3 › 레퍼런스 1366px: 한국어·본문·현재 메뉴·모바일 키보드 탐색 (945ms)
  ✓  46 frontend/e2e/layout.spec.ts:94:3 › 레퍼런스 1920px: 한국어·본문·현재 메뉴·모바일 키보드 탐색 (976ms)
  ✓  47 frontend/e2e/layout.spec.ts:159:5 › 최소 Starter의 독립적인 공통 셸 소비 › Starter 390px: 동일 UI·Router·본문 탐색 (1.8s)
  ✓  48 frontend/e2e/layout.spec.ts:159:5 › 최소 Starter의 독립적인 공통 셸 소비 › Starter 1366px: 동일 UI·Router·본문 탐색 (815ms)
  ✓  49 frontend/e2e/layout.spec.ts:159:5 › 최소 Starter의 독립적인 공통 셸 소비 › Starter 1920px: 동일 UI·Router·본문 탐색 (1.1s)
  ✓  50 frontend/e2e/patterns.spec.ts:338:5 › reference 실제 JAR 공통 기능 소비 › 한영 입력 보존·Zod 검증·초기화·dirty 이동 확인 (2.4s)
  ✓  51 frontend/e2e/patterns.spec.ts:344:5 › reference 실제 JAR 공통 기능 소비 › 정렬·페이지·선택과 10,000행 실제 스크롤·focus·일반 보기 (2.5s)
  ✓  52 frontend/e2e/patterns.spec.ts:350:5 › reference 실제 JAR 공통 기능 소비 › SVG 차트·키보드 선택·JSON 서식과 XLSX 다운로드·검토·반영 (2.5s)
  ✓  53 frontend/e2e/patterns.spec.ts:338:5 › starter 실제 JAR 공통 기능 소비 › 한영 입력 보존·Zod 검증·초기화·dirty 이동 확인 (2.9s)
  ✓  54 frontend/e2e/patterns.spec.ts:344:5 › starter 실제 JAR 공통 기능 소비 › 정렬·페이지·선택과 10,000행 실제 스크롤·focus·일반 보기 (2.1s)
  ✓  55 frontend/e2e/patterns.spec.ts:350:5 › starter 실제 JAR 공통 기능 소비 › SVG 차트·키보드 선택·JSON 서식과 XLSX 다운로드·검토·반영 (2.2s)
  ✓  56 frontend/e2e/patterns.spec.ts:359:1 › Reference dirty 폼에서 로그아웃하면 확인 Promise에 갇히지 않고 로그인 화면에 도착한다 (689ms)
  ✓  57 frontend/e2e/requirements-review.spec.ts:82:1 › 담당자 검토의 실제 409·최신 GET 500·취소는 검토 초안과 revision을 보존하며 성공한 명시 조회만 교체한다 (7.1s)
  ✓  58 frontend/e2e/requirements-review.spec.ts:168:1 › 댓글 성공의 최신 상세 응답은 작성자의 작성 중인 본문과 입력 기준 revision을 덮지 않는다 (641ms)
  ✓  59 frontend/e2e/requirements-review.spec.ts:207:1 › 댓글 성공의 최신 검토 응답은 담당자의 검토 초안·추가정보 선택과 입력 기준 revision을 덮지 않는다 (4.2s)
  ✓  60 frontend/e2e/requirements.spec.ts:25:1 › 실제 작성자·담당자 세션에서 등록→지정→제출→검토→합의·댓글·이력을 저장한다 (11.0s)
  ✓  61 frontend/e2e/requirements.spec.ts:103:1 › 초안은 다른 사용자 목록/count에서 제외하며 ADMIN도 타인의 본문을 변경할 수 없다 (722ms)
  ✓  62 frontend/e2e/requirements.spec.ts:133:3 › 요구사항 400 저장 오류는 입력과 기준 revision을 보존한다 (754ms)
  ✓  63 frontend/e2e/requirements.spec.ts:133:3 › 요구사항 403 저장 오류는 입력과 기준 revision을 보존한다 (923ms)
  ✓  64 frontend/e2e/requirements.spec.ts:164:1 › 실제 409 이후 최신 GET의 500 실패·취소·성공에서도 초안과 revision을 명시적으로 교체한다 (2.0s)
  ✓  65 frontend/e2e/requirements.spec.ts:221:3 › 요구사항 A의 지연 success 저장 응답은 새 선택 B의 폼을 덮지 않는다 (1.4s)
  ✓  66 frontend/e2e/requirements.spec.ts:221:3 › 요구사항 A의 지연 conflict 저장 응답은 새 선택 B의 폼을 덮지 않는다 (1.4s)
  ✓  67 frontend/e2e/requirements.spec.ts:281:1 › 검색·페이지 URL은 새로고침과 상세 복귀에서 유지되고 언어 전환은 작성 입력을 유지한다 (1.4s)
  ✓  68 frontend/e2e/requirements.spec.ts:316:3 › 요구사항 390px 목록·본문·필드 오류·댓글·이력은 전체 DOM 접근성을 검사한다 (2.2s)
  ✓  69 frontend/e2e/requirements.spec.ts:316:3 › 요구사항 1366px 목록·본문·필드 오류·댓글·이력은 전체 DOM 접근성을 검사한다 (2.5s)
  -  70 frontend/e2e/visual.spec.ts:201:7 › reference 1366px 시각 기준 › 셸·입력·표·차트·서식의 승인 이미지와 비교
  -  71 frontend/e2e/visual.spec.ts:201:7 › reference 390px 시각 기준 › 셸·입력·표·차트·서식의 승인 이미지와 비교
  -  72 frontend/e2e/visual.spec.ts:201:7 › starter 1366px 시각 기준 › 셸·입력·표·차트·서식의 승인 이미지와 비교
  -  73 frontend/e2e/visual.spec.ts:201:7 › starter 390px 시각 기준 › 셸·입력·표·차트·서식의 승인 이미지와 비교

  4 skipped
  69 passed (3.7m)

> sc-framework@0.2.0 test:reports
> playwright test --config frontend/playwright.reports.config.ts


Running 5 tests using 1 worker

(node:36233) Warning: The 'NO_COLOR' env is ignored due to the 'FORCE_COLOR' env being set.
(Use `node --trace-warnings ...` to show where the warning was created)
  ✓  1 frontend/e2e-reports/requirements-report.spec.ts:163:1 › 10,000개 실제 H2 보고서의 첫·중간·끝 페이지/count·다중 자식 집계·정렬·literal 조건을 확인한다 (2.0s)
  ✓  2 frontend/e2e-reports/requirements-report.spec.ts:222:1 › 일반 사용자 보고서는 타인 DRAFT와 자식 집계를 모든 페이지/count/stats에서 제외한다 (484ms)
  ✓  3 frontend/e2e-reports/requirements-report.spec.ts:248:1 › 보고서 500 재조회·재시도는 작성 중 조건/선택/URL을 보존하고 이전 조건의 늦은 응답을 폐기한다 (2.6s)
  ✓  4 frontend/e2e-reports/requirements-report.spec.ts:431:3 › 10k 보고서 390px의 global ARIA·가상 DOM/focus·일반표·URL·한영·전체 DOM 접근성 (11.0s)
  ✓  5 frontend/e2e-reports/requirements-report.spec.ts:431:3 › 10k 보고서 1366px의 global ARIA·가상 DOM/focus·일반표·URL·한영·전체 DOM 접근성 (11.2s)

  5 passed (36.7s)
