npm warn deprecated inflight@1.0.6: This module is not supported, and leaks memory. Do not use it. Check out lru-cache if you want a good and tested way to coalesce async requests by a key value, which is much more comprehensive and powerful.
npm warn deprecated rimraf@2.7.1: Rimraf versions prior to v4 are no longer supported
npm warn deprecated lodash.isequal@4.5.0: This package is deprecated. Use require('node:util').isDeepStrictEqual instead.
npm warn deprecated glob@7.2.3: Old versions of glob are not supported, and contain widely publicized security vulnerabilities, which have been fixed in the current version. Please update. Support for old versions may be purchased (at exorbitant rates) by contacting i@izs.me
npm warn deprecated fstream@1.0.12: This package is no longer supported.
npm warn deprecated vue-i18n@11.1.12: This version is NOT deprecated. Previous deprecation was a mistake.

added 456 packages, and audited 457 packages in 3s

129 packages are looking for funding
  run `npm fund` for details

found 0 vulnerabilities
[INFO] Scanning for projects...
[INFO] Downloading from sc-generated-vendor: file:///private/tmp/sc-framework-consumer-011-20261007/sc-notes-candidate4/vendor/maven/dev/scframework/sc-framework-parent/0.1.0-SNAPSHOT/maven-metadata.xml
[INFO] Downloading from sc-generated-vendor: file:///private/tmp/sc-framework-consumer-011-20261007/sc-notes-candidate4/vendor/maven/dev/scframework/sc-framework-parent/0.1.0-SNAPSHOT/sc-framework-parent-0.1.0-SNAPSHOT.pom
[WARNING] Could not validate integrity of download from file:///private/tmp/sc-framework-consumer-011-20261007/sc-notes-candidate4/vendor/maven/dev/scframework/sc-framework-parent/0.1.0-SNAPSHOT/sc-framework-parent-0.1.0-SNAPSHOT.pom
org.eclipse.aether.transfer.ChecksumFailureException: Checksum validation failed, no checksums available
    at org.eclipse.aether.internal.impl.AbstractChecksumPolicy.onNoMoreChecksums (AbstractChecksumPolicy.java:63)
    at org.eclipse.aether.connector.basic.ChecksumValidator.validate (ChecksumValidator.java:112)
    at org.eclipse.aether.connector.basic.BasicRepositoryConnector$GetTaskRunner.runTask (BasicRepositoryConnector.java:486)
    at org.eclipse.aether.connector.basic.BasicRepositoryConnector$TaskRunner.run (BasicRepositoryConnector.java:416)
    at org.eclipse.aether.connector.basic.BasicRepositoryConnector.get (BasicRepositoryConnector.java:260)
    at org.eclipse.aether.internal.impl.DefaultArtifactResolver.performDownloads (DefaultArtifactResolver.java:550)
    at org.eclipse.aether.internal.impl.DefaultArtifactResolver.resolve (DefaultArtifactResolver.java:450)
    at org.eclipse.aether.internal.impl.DefaultArtifactResolver.resolveArtifacts (DefaultArtifactResolver.java:261)
    at org.eclipse.aether.internal.impl.DefaultArtifactResolver.resolveArtifact (DefaultArtifactResolver.java:243)
    at org.eclipse.aether.internal.impl.DefaultRepositorySystem.resolveArtifact (DefaultRepositorySystem.java:278)
    at org.apache.maven.project.ProjectModelResolver.resolveModel (ProjectModelResolver.java:172)
    at org.apache.maven.project.ProjectModelResolver.resolveModel (ProjectModelResolver.java:218)
    at org.apache.maven.model.building.DefaultModelBuilder.readParentExternally (DefaultModelBuilder.java:1035)
    at org.apache.maven.model.building.DefaultModelBuilder.readParent (DefaultModelBuilder.java:827)
    at org.apache.maven.model.building.DefaultModelBuilder.build (DefaultModelBuilder.java:336)
    at org.apache.maven.model.building.DefaultModelBuilder.build (DefaultModelBuilder.java:248)
    at org.apache.maven.project.DefaultProjectBuilder.build (DefaultProjectBuilder.java:447)
    at org.apache.maven.project.DefaultProjectBuilder.build (DefaultProjectBuilder.java:410)
    at org.apache.maven.project.DefaultProjectBuilder.build (DefaultProjectBuilder.java:367)
    at org.apache.maven.graph.DefaultGraphBuilder.collectProjects (DefaultGraphBuilder.java:351)
    at org.apache.maven.graph.DefaultGraphBuilder.getProjectsForMavenReactor (DefaultGraphBuilder.java:342)
    at org.apache.maven.graph.DefaultGraphBuilder.build (DefaultGraphBuilder.java:76)
    at org.apache.maven.DefaultMaven.buildGraph (DefaultMaven.java:448)
    at org.apache.maven.DefaultMaven.doExecute (DefaultMaven.java:197)
    at org.apache.maven.DefaultMaven.doExecute (DefaultMaven.java:173)
    at org.apache.maven.DefaultMaven.execute (DefaultMaven.java:101)
    at org.apache.maven.cli.MavenCli.execute (MavenCli.java:919)
    at org.apache.maven.cli.MavenCli.doMain (MavenCli.java:285)
    at org.apache.maven.cli.MavenCli.main (MavenCli.java:207)
    at jdk.internal.reflect.DirectMethodHandleAccessor.invoke (DirectMethodHandleAccessor.java:103)
    at java.lang.reflect.Method.invoke (Method.java:580)
    at org.codehaus.plexus.classworlds.launcher.Launcher.launchEnhanced (Launcher.java:255)
    at org.codehaus.plexus.classworlds.launcher.Launcher.launch (Launcher.java:201)
    at org.codehaus.plexus.classworlds.launcher.Launcher.mainWithExitCode (Launcher.java:362)
    at org.codehaus.plexus.classworlds.launcher.Launcher.main (Launcher.java:314)
[WARNING] Checksum validation failed, no checksums available from sc-generated-vendor for file:///private/tmp/sc-framework-consumer-011-20261007/sc-notes-candidate4/vendor/maven/dev/scframework/sc-framework-parent/0.1.0-SNAPSHOT/sc-framework-parent-0.1.0-SNAPSHOT.pom
[INFO] Downloaded from sc-generated-vendor: file:///private/tmp/sc-framework-consumer-011-20261007/sc-notes-candidate4/vendor/maven/dev/scframework/sc-framework-parent/0.1.0-SNAPSHOT/sc-framework-parent-0.1.0-SNAPSHOT.pom (4.4 kB at 730 kB/s)
[INFO] 
[INFO] ------------------< dev.scconsumer.notesapp:sc-notes >------------------
[INFO] Building sc-notes 1.0.0
[INFO]   from pom.xml
[INFO] --------------------------------[ jar ]---------------------------------
[INFO] Downloading from sc-generated-vendor: file:///private/tmp/sc-framework-consumer-011-20261007/sc-notes-candidate4/vendor/maven/dev/scframework/framework-spring-boot-starter/0.1.0-SNAPSHOT/maven-metadata.xml
[INFO] Downloading from sc-generated-vendor: file:///private/tmp/sc-framework-consumer-011-20261007/sc-notes-candidate4/vendor/maven/dev/scframework/framework-spring-boot-starter/0.1.0-SNAPSHOT/framework-spring-boot-starter-0.1.0-SNAPSHOT.pom
[WARNING] Could not validate integrity of download from file:///private/tmp/sc-framework-consumer-011-20261007/sc-notes-candidate4/vendor/maven/dev/scframework/framework-spring-boot-starter/0.1.0-SNAPSHOT/framework-spring-boot-starter-0.1.0-SNAPSHOT.pom
org.eclipse.aether.transfer.ChecksumFailureException: Checksum validation failed, no checksums available
    at org.eclipse.aether.internal.impl.AbstractChecksumPolicy.onNoMoreChecksums (AbstractChecksumPolicy.java:63)
    at org.eclipse.aether.connector.basic.ChecksumValidator.validate (ChecksumValidator.java:112)
    at org.eclipse.aether.connector.basic.BasicRepositoryConnector$GetTaskRunner.runTask (BasicRepositoryConnector.java:486)
    at org.eclipse.aether.connector.basic.BasicRepositoryConnector$TaskRunner.run (BasicRepositoryConnector.java:416)
    at org.eclipse.aether.connector.basic.BasicRepositoryConnector.get (BasicRepositoryConnector.java:260)
    at org.eclipse.aether.internal.impl.DefaultArtifactResolver.performDownloads (DefaultArtifactResolver.java:550)
    at org.eclipse.aether.internal.impl.DefaultArtifactResolver.resolve (DefaultArtifactResolver.java:450)
    at org.eclipse.aether.internal.impl.DefaultArtifactResolver.resolveArtifacts (DefaultArtifactResolver.java:261)
    at org.eclipse.aether.internal.impl.DefaultArtifactResolver.resolveArtifact (DefaultArtifactResolver.java:243)
    at org.apache.maven.repository.internal.DefaultArtifactDescriptorReader.loadPom (DefaultArtifactDescriptorReader.java:243)
    at org.apache.maven.repository.internal.DefaultArtifactDescriptorReader.readArtifactDescriptor (DefaultArtifactDescriptorReader.java:183)
    at org.eclipse.aether.internal.impl.collect.df.DfDependencyCollector.resolveCachedArtifactDescriptor (DfDependencyCollector.java:382)
    at org.eclipse.aether.internal.impl.collect.df.DfDependencyCollector.getArtifactDescriptorResult (DfDependencyCollector.java:368)
    at org.eclipse.aether.internal.impl.collect.df.DfDependencyCollector.processDependency (DfDependencyCollector.java:218)
    at org.eclipse.aether.internal.impl.collect.df.DfDependencyCollector.processDependency (DfDependencyCollector.java:156)
    at org.eclipse.aether.internal.impl.collect.df.DfDependencyCollector.process (DfDependencyCollector.java:138)
    at org.eclipse.aether.internal.impl.collect.df.DfDependencyCollector.doCollectDependencies (DfDependencyCollector.java:108)
    at org.eclipse.aether.internal.impl.collect.DependencyCollectorDelegate.collectDependencies (DependencyCollectorDelegate.java:222)
    at org.eclipse.aether.internal.impl.collect.DefaultDependencyCollector.collectDependencies (DefaultDependencyCollector.java:87)
    at org.eclipse.aether.internal.impl.DefaultRepositorySystem.collectDependencies (DefaultRepositorySystem.java:306)
    at org.apache.maven.project.DefaultProjectDependenciesResolver.resolve (DefaultProjectDependenciesResolver.java:151)
    at org.apache.maven.lifecycle.internal.LifecycleDependencyResolver.getDependencies (LifecycleDependencyResolver.java:227)
    at org.apache.maven.lifecycle.internal.LifecycleDependencyResolver.resolveProjectDependencies (LifecycleDependencyResolver.java:136)
    at org.apache.maven.lifecycle.internal.MojoExecutor.ensureDependenciesAreResolved (MojoExecutor.java:355)
    at org.apache.maven.lifecycle.internal.MojoExecutor.doExecute (MojoExecutor.java:314)
    at org.apache.maven.lifecycle.internal.MojoExecutor.execute (MojoExecutor.java:212)
    at org.apache.maven.lifecycle.internal.MojoExecutor.execute (MojoExecutor.java:174)
    at org.apache.maven.lifecycle.internal.MojoExecutor.access$000 (MojoExecutor.java:75)
    at org.apache.maven.lifecycle.internal.MojoExecutor$1.run (MojoExecutor.java:162)
    at org.apache.maven.plugin.DefaultMojosExecutionStrategy.execute (DefaultMojosExecutionStrategy.java:39)
    at org.apache.maven.lifecycle.internal.MojoExecutor.execute (MojoExecutor.java:159)
    at org.apache.maven.lifecycle.internal.LifecycleModuleBuilder.buildProject (LifecycleModuleBuilder.java:105)
    at org.apache.maven.lifecycle.internal.LifecycleModuleBuilder.buildProject (LifecycleModuleBuilder.java:73)
    at org.apache.maven.lifecycle.internal.builder.singlethreaded.SingleThreadedBuilder.build (SingleThreadedBuilder.java:53)
    at org.apache.maven.lifecycle.internal.LifecycleStarter.execute (LifecycleStarter.java:118)
    at org.apache.maven.DefaultMaven.doExecute (DefaultMaven.java:261)
    at org.apache.maven.DefaultMaven.doExecute (DefaultMaven.java:173)
    at org.apache.maven.DefaultMaven.execute (DefaultMaven.java:101)
    at org.apache.maven.cli.MavenCli.execute (MavenCli.java:919)
    at org.apache.maven.cli.MavenCli.doMain (MavenCli.java:285)
    at org.apache.maven.cli.MavenCli.main (MavenCli.java:207)
    at jdk.internal.reflect.DirectMethodHandleAccessor.invoke (DirectMethodHandleAccessor.java:103)
    at java.lang.reflect.Method.invoke (Method.java:580)
    at org.codehaus.plexus.classworlds.launcher.Launcher.launchEnhanced (Launcher.java:255)
    at org.codehaus.plexus.classworlds.launcher.Launcher.launch (Launcher.java:201)
    at org.codehaus.plexus.classworlds.launcher.Launcher.mainWithExitCode (Launcher.java:362)
    at org.codehaus.plexus.classworlds.launcher.Launcher.main (Launcher.java:314)
[WARNING] Checksum validation failed, no checksums available from sc-generated-vendor for file:///private/tmp/sc-framework-consumer-011-20261007/sc-notes-candidate4/vendor/maven/dev/scframework/framework-spring-boot-starter/0.1.0-SNAPSHOT/framework-spring-boot-starter-0.1.0-SNAPSHOT.pom
[INFO] Downloaded from sc-generated-vendor: file:///private/tmp/sc-framework-consumer-011-20261007/sc-notes-candidate4/vendor/maven/dev/scframework/framework-spring-boot-starter/0.1.0-SNAPSHOT/framework-spring-boot-starter-0.1.0-SNAPSHOT.pom (1.6 kB at 540 kB/s)
[INFO] Downloading from sc-generated-vendor: file:///private/tmp/sc-framework-consumer-011-20261007/sc-notes-candidate4/vendor/maven/dev/scframework/framework-autoconfigure/0.1.0-SNAPSHOT/maven-metadata.xml
[INFO] Downloading from sc-generated-vendor: file:///private/tmp/sc-framework-consumer-011-20261007/sc-notes-candidate4/vendor/maven/dev/scframework/framework-autoconfigure/0.1.0-SNAPSHOT/framework-autoconfigure-0.1.0-SNAPSHOT.pom
[WARNING] Could not validate integrity of download from file:///private/tmp/sc-framework-consumer-011-20261007/sc-notes-candidate4/vendor/maven/dev/scframework/framework-autoconfigure/0.1.0-SNAPSHOT/framework-autoconfigure-0.1.0-SNAPSHOT.pom
org.eclipse.aether.transfer.ChecksumFailureException: Checksum validation failed, no checksums available
    at org.eclipse.aether.internal.impl.AbstractChecksumPolicy.onNoMoreChecksums (AbstractChecksumPolicy.java:63)
    at org.eclipse.aether.connector.basic.ChecksumValidator.validate (ChecksumValidator.java:112)
    at org.eclipse.aether.connector.basic.BasicRepositoryConnector$GetTaskRunner.runTask (BasicRepositoryConnector.java:486)
    at org.eclipse.aether.connector.basic.BasicRepositoryConnector$TaskRunner.run (BasicRepositoryConnector.java:416)
    at org.eclipse.aether.connector.basic.BasicRepositoryConnector.get (BasicRepositoryConnector.java:260)
    at org.eclipse.aether.internal.impl.DefaultArtifactResolver.performDownloads (DefaultArtifactResolver.java:550)
    at org.eclipse.aether.internal.impl.DefaultArtifactResolver.resolve (DefaultArtifactResolver.java:450)
    at org.eclipse.aether.internal.impl.DefaultArtifactResolver.resolveArtifacts (DefaultArtifactResolver.java:261)
    at org.eclipse.aether.internal.impl.DefaultArtifactResolver.resolveArtifact (DefaultArtifactResolver.java:243)
    at org.apache.maven.repository.internal.DefaultArtifactDescriptorReader.loadPom (DefaultArtifactDescriptorReader.java:243)
    at org.apache.maven.repository.internal.DefaultArtifactDescriptorReader.readArtifactDescriptor (DefaultArtifactDescriptorReader.java:183)
    at org.eclipse.aether.internal.impl.collect.df.DfDependencyCollector.resolveCachedArtifactDescriptor (DfDependencyCollector.java:382)
    at org.eclipse.aether.internal.impl.collect.df.DfDependencyCollector.getArtifactDescriptorResult (DfDependencyCollector.java:368)
    at org.eclipse.aether.internal.impl.collect.df.DfDependencyCollector.processDependency (DfDependencyCollector.java:218)
    at org.eclipse.aether.internal.impl.collect.df.DfDependencyCollector.processDependency (DfDependencyCollector.java:156)
    at org.eclipse.aether.internal.impl.collect.df.DfDependencyCollector.process (DfDependencyCollector.java:138)
    at org.eclipse.aether.internal.impl.collect.df.DfDependencyCollector.doRecurse (DfDependencyCollector.java:343)
    at org.eclipse.aether.internal.impl.collect.df.DfDependencyCollector.processDependency (DfDependencyCollector.java:277)
    at org.eclipse.aether.internal.impl.collect.df.DfDependencyCollector.processDependency (DfDependencyCollector.java:156)
    at org.eclipse.aether.internal.impl.collect.df.DfDependencyCollector.process (DfDependencyCollector.java:138)
    at org.eclipse.aether.internal.impl.collect.df.DfDependencyCollector.doCollectDependencies (DfDependencyCollector.java:108)
    at org.eclipse.aether.internal.impl.collect.DependencyCollectorDelegate.collectDependencies (DependencyCollectorDelegate.java:222)
    at org.eclipse.aether.internal.impl.collect.DefaultDependencyCollector.collectDependencies (DefaultDependencyCollector.java:87)
    at org.eclipse.aether.internal.impl.DefaultRepositorySystem.collectDependencies (DefaultRepositorySystem.java:306)
    at org.apache.maven.project.DefaultProjectDependenciesResolver.resolve (DefaultProjectDependenciesResolver.java:151)
    at org.apache.maven.lifecycle.internal.LifecycleDependencyResolver.getDependencies (LifecycleDependencyResolver.java:227)
    at org.apache.maven.lifecycle.internal.LifecycleDependencyResolver.resolveProjectDependencies (LifecycleDependencyResolver.java:136)
    at org.apache.maven.lifecycle.internal.MojoExecutor.ensureDependenciesAreResolved (MojoExecutor.java:355)
    at org.apache.maven.lifecycle.internal.MojoExecutor.doExecute (MojoExecutor.java:314)
    at org.apache.maven.lifecycle.internal.MojoExecutor.execute (MojoExecutor.java:212)
    at org.apache.maven.lifecycle.internal.MojoExecutor.execute (MojoExecutor.java:174)
    at org.apache.maven.lifecycle.internal.MojoExecutor.access$000 (MojoExecutor.java:75)
    at org.apache.maven.lifecycle.internal.MojoExecutor$1.run (MojoExecutor.java:162)
    at org.apache.maven.plugin.DefaultMojosExecutionStrategy.execute (DefaultMojosExecutionStrategy.java:39)
    at org.apache.maven.lifecycle.internal.MojoExecutor.execute (MojoExecutor.java:159)
    at org.apache.maven.lifecycle.internal.LifecycleModuleBuilder.buildProject (LifecycleModuleBuilder.java:105)
    at org.apache.maven.lifecycle.internal.LifecycleModuleBuilder.buildProject (LifecycleModuleBuilder.java:73)
    at org.apache.maven.lifecycle.internal.builder.singlethreaded.SingleThreadedBuilder.build (SingleThreadedBuilder.java:53)
    at org.apache.maven.lifecycle.internal.LifecycleStarter.execute (LifecycleStarter.java:118)
    at org.apache.maven.DefaultMaven.doExecute (DefaultMaven.java:261)
    at org.apache.maven.DefaultMaven.doExecute (DefaultMaven.java:173)
    at org.apache.maven.DefaultMaven.execute (DefaultMaven.java:101)
    at org.apache.maven.cli.MavenCli.execute (MavenCli.java:919)
    at org.apache.maven.cli.MavenCli.doMain (MavenCli.java:285)
    at org.apache.maven.cli.MavenCli.main (MavenCli.java:207)
    at jdk.internal.reflect.DirectMethodHandleAccessor.invoke (DirectMethodHandleAccessor.java:103)
    at java.lang.reflect.Method.invoke (Method.java:580)
    at org.codehaus.plexus.classworlds.launcher.Launcher.launchEnhanced (Launcher.java:255)
    at org.codehaus.plexus.classworlds.launcher.Launcher.launch (Launcher.java:201)
    at org.codehaus.plexus.classworlds.launcher.Launcher.mainWithExitCode (Launcher.java:362)
    at org.codehaus.plexus.classworlds.launcher.Launcher.main (Launcher.java:314)
[WARNING] Checksum validation failed, no checksums available from sc-generated-vendor for file:///private/tmp/sc-framework-consumer-011-20261007/sc-notes-candidate4/vendor/maven/dev/scframework/framework-autoconfigure/0.1.0-SNAPSHOT/framework-autoconfigure-0.1.0-SNAPSHOT.pom
[INFO] Downloaded from sc-generated-vendor: file:///private/tmp/sc-framework-consumer-011-20261007/sc-notes-candidate4/vendor/maven/dev/scframework/framework-autoconfigure/0.1.0-SNAPSHOT/framework-autoconfigure-0.1.0-SNAPSHOT.pom (2.3 kB at 780 kB/s)
[INFO] Downloading from sc-generated-vendor: file:///private/tmp/sc-framework-consumer-011-20261007/sc-notes-candidate4/vendor/maven/dev/scframework/framework-core/0.1.0-SNAPSHOT/maven-metadata.xml
[INFO] Downloading from sc-generated-vendor: file:///private/tmp/sc-framework-consumer-011-20261007/sc-notes-candidate4/vendor/maven/dev/scframework/framework-core/0.1.0-SNAPSHOT/framework-core-0.1.0-SNAPSHOT.pom
[WARNING] Could not validate integrity of download from file:///private/tmp/sc-framework-consumer-011-20261007/sc-notes-candidate4/vendor/maven/dev/scframework/framework-core/0.1.0-SNAPSHOT/framework-core-0.1.0-SNAPSHOT.pom
org.eclipse.aether.transfer.ChecksumFailureException: Checksum validation failed, no checksums available
    at org.eclipse.aether.internal.impl.AbstractChecksumPolicy.onNoMoreChecksums (AbstractChecksumPolicy.java:63)
    at org.eclipse.aether.connector.basic.ChecksumValidator.validate (ChecksumValidator.java:112)
    at org.eclipse.aether.connector.basic.BasicRepositoryConnector$GetTaskRunner.runTask (BasicRepositoryConnector.java:486)
    at org.eclipse.aether.connector.basic.BasicRepositoryConnector$TaskRunner.run (BasicRepositoryConnector.java:416)
    at org.eclipse.aether.connector.basic.BasicRepositoryConnector.get (BasicRepositoryConnector.java:260)
    at org.eclipse.aether.internal.impl.DefaultArtifactResolver.performDownloads (DefaultArtifactResolver.java:550)
    at org.eclipse.aether.internal.impl.DefaultArtifactResolver.resolve (DefaultArtifactResolver.java:450)
    at org.eclipse.aether.internal.impl.DefaultArtifactResolver.resolveArtifacts (DefaultArtifactResolver.java:261)
    at org.eclipse.aether.internal.impl.DefaultArtifactResolver.resolveArtifact (DefaultArtifactResolver.java:243)
    at org.apache.maven.repository.internal.DefaultArtifactDescriptorReader.loadPom (DefaultArtifactDescriptorReader.java:243)
    at org.apache.maven.repository.internal.DefaultArtifactDescriptorReader.readArtifactDescriptor (DefaultArtifactDescriptorReader.java:183)
    at org.eclipse.aether.internal.impl.collect.df.DfDependencyCollector.resolveCachedArtifactDescriptor (DfDependencyCollector.java:382)
    at org.eclipse.aether.internal.impl.collect.df.DfDependencyCollector.getArtifactDescriptorResult (DfDependencyCollector.java:368)
    at org.eclipse.aether.internal.impl.collect.df.DfDependencyCollector.processDependency (DfDependencyCollector.java:218)
    at org.eclipse.aether.internal.impl.collect.df.DfDependencyCollector.processDependency (DfDependencyCollector.java:156)
    at org.eclipse.aether.internal.impl.collect.df.DfDependencyCollector.process (DfDependencyCollector.java:138)
    at org.eclipse.aether.internal.impl.collect.df.DfDependencyCollector.doRecurse (DfDependencyCollector.java:343)
    at org.eclipse.aether.internal.impl.collect.df.DfDependencyCollector.processDependency (DfDependencyCollector.java:277)
    at org.eclipse.aether.internal.impl.collect.df.DfDependencyCollector.processDependency (DfDependencyCollector.java:156)
    at org.eclipse.aether.internal.impl.collect.df.DfDependencyCollector.process (DfDependencyCollector.java:138)
    at org.eclipse.aether.internal.impl.collect.df.DfDependencyCollector.doRecurse (DfDependencyCollector.java:343)
    at org.eclipse.aether.internal.impl.collect.df.DfDependencyCollector.processDependency (DfDependencyCollector.java:277)
    at org.eclipse.aether.internal.impl.collect.df.DfDependencyCollector.processDependency (DfDependencyCollector.java:156)
    at org.eclipse.aether.internal.impl.collect.df.DfDependencyCollector.process (DfDependencyCollector.java:138)
    at org.eclipse.aether.internal.impl.collect.df.DfDependencyCollector.doCollectDependencies (DfDependencyCollector.java:108)
    at org.eclipse.aether.internal.impl.collect.DependencyCollectorDelegate.collectDependencies (DependencyCollectorDelegate.java:222)
    at org.eclipse.aether.internal.impl.collect.DefaultDependencyCollector.collectDependencies (DefaultDependencyCollector.java:87)
    at org.eclipse.aether.internal.impl.DefaultRepositorySystem.collectDependencies (DefaultRepositorySystem.java:306)
    at org.apache.maven.project.DefaultProjectDependenciesResolver.resolve (DefaultProjectDependenciesResolver.java:151)
    at org.apache.maven.lifecycle.internal.LifecycleDependencyResolver.getDependencies (LifecycleDependencyResolver.java:227)
    at org.apache.maven.lifecycle.internal.LifecycleDependencyResolver.resolveProjectDependencies (LifecycleDependencyResolver.java:136)
    at org.apache.maven.lifecycle.internal.MojoExecutor.ensureDependenciesAreResolved (MojoExecutor.java:355)
    at org.apache.maven.lifecycle.internal.MojoExecutor.doExecute (MojoExecutor.java:314)
    at org.apache.maven.lifecycle.internal.MojoExecutor.execute (MojoExecutor.java:212)
    at org.apache.maven.lifecycle.internal.MojoExecutor.execute (MojoExecutor.java:174)
    at org.apache.maven.lifecycle.internal.MojoExecutor.access$000 (MojoExecutor.java:75)
    at org.apache.maven.lifecycle.internal.MojoExecutor$1.run (MojoExecutor.java:162)
    at org.apache.maven.plugin.DefaultMojosExecutionStrategy.execute (DefaultMojosExecutionStrategy.java:39)
    at org.apache.maven.lifecycle.internal.MojoExecutor.execute (MojoExecutor.java:159)
    at org.apache.maven.lifecycle.internal.LifecycleModuleBuilder.buildProject (LifecycleModuleBuilder.java:105)
    at org.apache.maven.lifecycle.internal.LifecycleModuleBuilder.buildProject (LifecycleModuleBuilder.java:73)
    at org.apache.maven.lifecycle.internal.builder.singlethreaded.SingleThreadedBuilder.build (SingleThreadedBuilder.java:53)
    at org.apache.maven.lifecycle.internal.LifecycleStarter.execute (LifecycleStarter.java:118)
    at org.apache.maven.DefaultMaven.doExecute (DefaultMaven.java:261)
    at org.apache.maven.DefaultMaven.doExecute (DefaultMaven.java:173)
    at org.apache.maven.DefaultMaven.execute (DefaultMaven.java:101)
    at org.apache.maven.cli.MavenCli.execute (MavenCli.java:919)
    at org.apache.maven.cli.MavenCli.doMain (MavenCli.java:285)
    at org.apache.maven.cli.MavenCli.main (MavenCli.java:207)
    at jdk.internal.reflect.DirectMethodHandleAccessor.invoke (DirectMethodHandleAccessor.java:103)
    at java.lang.reflect.Method.invoke (Method.java:580)
    at org.codehaus.plexus.classworlds.launcher.Launcher.launchEnhanced (Launcher.java:255)
    at org.codehaus.plexus.classworlds.launcher.Launcher.launch (Launcher.java:201)
    at org.codehaus.plexus.classworlds.launcher.Launcher.mainWithExitCode (Launcher.java:362)
    at org.codehaus.plexus.classworlds.launcher.Launcher.main (Launcher.java:314)
[WARNING] Checksum validation failed, no checksums available from sc-generated-vendor for file:///private/tmp/sc-framework-consumer-011-20261007/sc-notes-candidate4/vendor/maven/dev/scframework/framework-core/0.1.0-SNAPSHOT/framework-core-0.1.0-SNAPSHOT.pom
[INFO] Downloaded from sc-generated-vendor: file:///private/tmp/sc-framework-consumer-011-20261007/sc-notes-candidate4/vendor/maven/dev/scframework/framework-core/0.1.0-SNAPSHOT/framework-core-0.1.0-SNAPSHOT.pom (652 B at 326 kB/s)
[INFO] Downloading from sc-generated-vendor: file:///private/tmp/sc-framework-consumer-011-20261007/sc-notes-candidate4/vendor/maven/dev/scframework/framework-spring-boot-starter/0.1.0-SNAPSHOT/framework-spring-boot-starter-0.1.0-SNAPSHOT.jar
[WARNING] Could not validate integrity of download from file:///private/tmp/sc-framework-consumer-011-20261007/sc-notes-candidate4/vendor/maven/dev/scframework/framework-spring-boot-starter/0.1.0-SNAPSHOT/framework-spring-boot-starter-0.1.0-SNAPSHOT.jar
org.eclipse.aether.transfer.ChecksumFailureException: Checksum validation failed, no checksums available
    at org.eclipse.aether.internal.impl.AbstractChecksumPolicy.onNoMoreChecksums (AbstractChecksumPolicy.java:63)
    at org.eclipse.aether.connector.basic.ChecksumValidator.validate (ChecksumValidator.java:112)
    at org.eclipse.aether.connector.basic.BasicRepositoryConnector$GetTaskRunner.runTask (BasicRepositoryConnector.java:486)
    at org.eclipse.aether.connector.basic.BasicRepositoryConnector$TaskRunner.run (BasicRepositoryConnector.java:416)
    at org.eclipse.aether.connector.basic.BasicRepositoryConnector.get (BasicRepositoryConnector.java:260)
    at org.eclipse.aether.internal.impl.DefaultArtifactResolver.performDownloads (DefaultArtifactResolver.java:550)
    at org.eclipse.aether.internal.impl.DefaultArtifactResolver.resolve (DefaultArtifactResolver.java:450)
    at org.eclipse.aether.internal.impl.DefaultArtifactResolver.resolveArtifacts (DefaultArtifactResolver.java:261)
    at org.eclipse.aether.internal.impl.DefaultRepositorySystem.resolveDependencies (DefaultRepositorySystem.java:353)
    at org.apache.maven.project.DefaultProjectDependenciesResolver.resolve (DefaultProjectDependenciesResolver.java:184)
    at org.apache.maven.lifecycle.internal.LifecycleDependencyResolver.getDependencies (LifecycleDependencyResolver.java:227)
    at org.apache.maven.lifecycle.internal.LifecycleDependencyResolver.resolveProjectDependencies (LifecycleDependencyResolver.java:136)
    at org.apache.maven.lifecycle.internal.MojoExecutor.ensureDependenciesAreResolved (MojoExecutor.java:355)
    at org.apache.maven.lifecycle.internal.MojoExecutor.doExecute (MojoExecutor.java:314)
    at org.apache.maven.lifecycle.internal.MojoExecutor.execute (MojoExecutor.java:212)
    at org.apache.maven.lifecycle.internal.MojoExecutor.execute (MojoExecutor.java:174)
    at org.apache.maven.lifecycle.internal.MojoExecutor.access$000 (MojoExecutor.java:75)
    at org.apache.maven.lifecycle.internal.MojoExecutor$1.run (MojoExecutor.java:162)
    at org.apache.maven.plugin.DefaultMojosExecutionStrategy.execute (DefaultMojosExecutionStrategy.java:39)
    at org.apache.maven.lifecycle.internal.MojoExecutor.execute (MojoExecutor.java:159)
    at org.apache.maven.lifecycle.internal.LifecycleModuleBuilder.buildProject (LifecycleModuleBuilder.java:105)
    at org.apache.maven.lifecycle.internal.LifecycleModuleBuilder.buildProject (LifecycleModuleBuilder.java:73)
    at org.apache.maven.lifecycle.internal.builder.singlethreaded.SingleThreadedBuilder.build (SingleThreadedBuilder.java:53)
    at org.apache.maven.lifecycle.internal.LifecycleStarter.execute (LifecycleStarter.java:118)
    at org.apache.maven.DefaultMaven.doExecute (DefaultMaven.java:261)
    at org.apache.maven.DefaultMaven.doExecute (DefaultMaven.java:173)
    at org.apache.maven.DefaultMaven.execute (DefaultMaven.java:101)
    at org.apache.maven.cli.MavenCli.execute (MavenCli.java:919)
    at org.apache.maven.cli.MavenCli.doMain (MavenCli.java:285)
    at org.apache.maven.cli.MavenCli.main (MavenCli.java:207)
    at jdk.internal.reflect.DirectMethodHandleAccessor.invoke (DirectMethodHandleAccessor.java:103)
    at java.lang.reflect.Method.invoke (Method.java:580)
    at org.codehaus.plexus.classworlds.launcher.Launcher.launchEnhanced (Launcher.java:255)
    at org.codehaus.plexus.classworlds.launcher.Launcher.launch (Launcher.java:201)
    at org.codehaus.plexus.classworlds.launcher.Launcher.mainWithExitCode (Launcher.java:362)
    at org.codehaus.plexus.classworlds.launcher.Launcher.main (Launcher.java:314)
[WARNING] Checksum validation failed, no checksums available from sc-generated-vendor for file:///private/tmp/sc-framework-consumer-011-20261007/sc-notes-candidate4/vendor/maven/dev/scframework/framework-spring-boot-starter/0.1.0-SNAPSHOT/framework-spring-boot-starter-0.1.0-SNAPSHOT.jar
[INFO] Downloaded from sc-generated-vendor: file:///private/tmp/sc-framework-consumer-011-20261007/sc-notes-candidate4/vendor/maven/dev/scframework/framework-spring-boot-starter/0.1.0-SNAPSHOT/framework-spring-boot-starter-0.1.0-SNAPSHOT.jar (1.8 kB at 1.8 MB/s)
[INFO] Downloading from sc-generated-vendor: file:///private/tmp/sc-framework-consumer-011-20261007/sc-notes-candidate4/vendor/maven/dev/scframework/framework-autoconfigure/0.1.0-SNAPSHOT/framework-autoconfigure-0.1.0-SNAPSHOT.jar
[INFO] Downloading from sc-generated-vendor: file:///private/tmp/sc-framework-consumer-011-20261007/sc-notes-candidate4/vendor/maven/dev/scframework/framework-core/0.1.0-SNAPSHOT/framework-core-0.1.0-SNAPSHOT.jar
[WARNING] Could not validate integrity of download from file:///private/tmp/sc-framework-consumer-011-20261007/sc-notes-candidate4/vendor/maven/dev/scframework/framework-core/0.1.0-SNAPSHOT/framework-core-0.1.0-SNAPSHOT.jar
org.eclipse.aether.transfer.ChecksumFailureException: Checksum validation failed, no checksums available
    at org.eclipse.aether.internal.impl.AbstractChecksumPolicy.onNoMoreChecksums (AbstractChecksumPolicy.java:63)
    at org.eclipse.aether.connector.basic.ChecksumValidator.validate (ChecksumValidator.java:112)
    at org.eclipse.aether.connector.basic.BasicRepositoryConnector$GetTaskRunner.runTask (BasicRepositoryConnector.java:486)
    at org.eclipse.aether.connector.basic.BasicRepositoryConnector$TaskRunner.run (BasicRepositoryConnector.java:416)
    at org.eclipse.aether.util.concurrency.RunnableErrorForwarder.lambda$wrap$0 (RunnableErrorForwarder.java:66)
    at java.util.concurrent.ThreadPoolExecutor.runWorker (ThreadPoolExecutor.java:1144)
    at java.util.concurrent.ThreadPoolExecutor$Worker.run (ThreadPoolExecutor.java:642)
    at java.lang.Thread.run (Thread.java:1583)
[WARNING] Checksum validation failed, no checksums available from sc-generated-vendor for file:///private/tmp/sc-framework-consumer-011-20261007/sc-notes-candidate4/vendor/maven/dev/scframework/framework-core/0.1.0-SNAPSHOT/framework-core-0.1.0-SNAPSHOT.jar
[INFO] Downloaded from sc-generated-vendor: file:///private/tmp/sc-framework-consumer-011-20261007/sc-notes-candidate4/vendor/maven/dev/scframework/framework-core/0.1.0-SNAPSHOT/framework-core-0.1.0-SNAPSHOT.jar (9.8 kB at 4.9 MB/s)
[WARNING] Could not validate integrity of download from file:///private/tmp/sc-framework-consumer-011-20261007/sc-notes-candidate4/vendor/maven/dev/scframework/framework-autoconfigure/0.1.0-SNAPSHOT/framework-autoconfigure-0.1.0-SNAPSHOT.jar
org.eclipse.aether.transfer.ChecksumFailureException: Checksum validation failed, no checksums available
    at org.eclipse.aether.internal.impl.AbstractChecksumPolicy.onNoMoreChecksums (AbstractChecksumPolicy.java:63)
    at org.eclipse.aether.connector.basic.ChecksumValidator.validate (ChecksumValidator.java:112)
    at org.eclipse.aether.connector.basic.BasicRepositoryConnector$GetTaskRunner.runTask (BasicRepositoryConnector.java:486)
    at org.eclipse.aether.connector.basic.BasicRepositoryConnector$TaskRunner.run (BasicRepositoryConnector.java:416)
    at org.eclipse.aether.util.concurrency.RunnableErrorForwarder.lambda$wrap$0 (RunnableErrorForwarder.java:66)
    at java.util.concurrent.ThreadPoolExecutor.runWorker (ThreadPoolExecutor.java:1144)
    at java.util.concurrent.ThreadPoolExecutor$Worker.run (ThreadPoolExecutor.java:642)
    at java.lang.Thread.run (Thread.java:1583)
[WARNING] Checksum validation failed, no checksums available from sc-generated-vendor for file:///private/tmp/sc-framework-consumer-011-20261007/sc-notes-candidate4/vendor/maven/dev/scframework/framework-autoconfigure/0.1.0-SNAPSHOT/framework-autoconfigure-0.1.0-SNAPSHOT.jar
[INFO] Downloaded from sc-generated-vendor: file:///private/tmp/sc-framework-consumer-011-20261007/sc-notes-candidate4/vendor/maven/dev/scframework/framework-autoconfigure/0.1.0-SNAPSHOT/framework-autoconfigure-0.1.0-SNAPSHOT.jar (51 kB at 17 MB/s)
[INFO] 
[INFO] --- clean:3.4.1:clean (default-clean) @ sc-notes ---
[INFO] Deleting /private/tmp/sc-framework-consumer-011-20261007/sc-notes-candidate4/backend/target
[INFO] 
[INFO] --- resources:3.3.1:resources (default-resources) @ sc-notes ---
[INFO] Copying 7 resources from src/main/resources to target/classes
[INFO] Copying 5 resources from ../frontend/dist to target/classes/static
[INFO] 
[INFO] --- compiler:3.14.1:compile (default-compile) @ sc-notes ---
[INFO] Recompiling the module because of changed dependency.
[INFO] Compiling 13 source files with javac [debug parameters release 21] to target/classes
[INFO] 
[INFO] --- resources:3.3.1:testResources (default-testResources) @ sc-notes ---
[INFO] Not copying test resources
[INFO] 
[INFO] --- compiler:3.14.1:testCompile (default-testCompile) @ sc-notes ---
[INFO] Not compiling test sources
[INFO] 
[INFO] --- surefire:3.5.6:test (default-test) @ sc-notes ---
[INFO] Tests are skipped.
[INFO] 
[INFO] --- jar:3.4.2:jar (default-jar) @ sc-notes ---
[INFO] Building jar: /private/tmp/sc-framework-consumer-011-20261007/sc-notes-candidate4/backend/target/sc-notes.jar
[INFO] 
[INFO] --- spring-boot:3.5.16:repackage (repackage) @ sc-notes ---
[INFO] Replacing main artifact /private/tmp/sc-framework-consumer-011-20261007/sc-notes-candidate4/backend/target/sc-notes.jar with repackaged archive, adding nested dependencies in BOOT-INF/.
[INFO] The original artifact has been renamed to /private/tmp/sc-framework-consumer-011-20261007/sc-notes-candidate4/backend/target/sc-notes.jar.original
[INFO] ------------------------------------------------------------------------
[INFO] BUILD SUCCESS
[INFO] ------------------------------------------------------------------------
[INFO] Total time:  1.728 s
[INFO] Finished at: 2026-10-07T06:07:23+09:00
[INFO] ------------------------------------------------------------------------
Application API types generated from the actual schema.

> sc-notes@1.0.0 verify
> npm run format:check && npm run lint && npm run api:check && npm run build


> sc-notes@1.0.0 format:check
> prettier --check .

Checking formatting...
All matched files use Prettier code style!

> sc-notes@1.0.0 lint
> eslint frontend scripts --max-warnings 0


> sc-notes@1.0.0 api:check
> node scripts/openapi-types.mjs --check

OpenAPI and generated application types match.

> sc-notes@1.0.0 build
> npm run typecheck && vite build --config frontend/vite.config.ts


> sc-notes@1.0.0 typecheck
> vue-tsc --noEmit -p frontend/tsconfig.json

vite v8.3.1 building client environment for production...
transforming...
✓ 1784 modules transformed.
rendering chunks...
computing gzip size...
frontend/dist/index.html                            0.39 kB │ gzip:   0.26 kB
frontend/dist/assets/PatternsPage-DxdglvMl.css      0.92 kB │ gzip:   0.40 kB
frontend/dist/assets/index-DAXlcMnv.css           314.78 kB │ gzip:  45.29 kB
frontend/dist/assets/index-YnxIcvWt.js            706.02 kB │ gzip: 238.37 kB
frontend/dist/assets/PatternsPage-CASX6hhw.js   2,318.22 kB │ gzip: 708.30 kB

✓ built in 959ms
[plugin builtin:vite-reporter] 
(!) Some chunks are larger than 500 kB after minification. Consider:
- Using dynamic import() to code-split the application
- Use build.rolldownOptions.output.codeSplitting to improve chunking: https://rolldown.rs/reference/OutputOptions.codeSplitting
- Adjust chunk size limit for this warning via build.chunkSizeWarningLimit.
[INFO] Scanning for projects...
[INFO] 
[INFO] ------------------< dev.scconsumer.notesapp:sc-notes >------------------
[INFO] Building sc-notes 1.0.0
[INFO]   from pom.xml
[INFO] --------------------------------[ jar ]---------------------------------
[INFO] 
[INFO] --- clean:3.4.1:clean (default-clean) @ sc-notes ---
[INFO] Deleting /private/tmp/sc-framework-consumer-011-20261007/sc-notes-candidate4/backend/target
[INFO] 
[INFO] --- resources:3.3.1:resources (default-resources) @ sc-notes ---
[INFO] Copying 7 resources from src/main/resources to target/classes
[INFO] Copying 5 resources from ../frontend/dist to target/classes/static
[INFO] 
[INFO] --- compiler:3.14.1:compile (default-compile) @ sc-notes ---
[INFO] Recompiling the module because of changed source code.
[INFO] Compiling 13 source files with javac [debug parameters release 21] to target/classes
[INFO] 
[INFO] --- resources:3.3.1:testResources (default-testResources) @ sc-notes ---
[INFO] skip non existing resourceDirectory /private/tmp/sc-framework-consumer-011-20261007/sc-notes-candidate4/backend/src/test/resources
[INFO] 
[INFO] --- compiler:3.14.1:testCompile (default-testCompile) @ sc-notes ---
[INFO] Recompiling the module because of changed dependency.
[INFO] Compiling 1 source file with javac [debug parameters release 21] to target/test-classes
[INFO] 
[INFO] --- surefire:3.5.6:test (default-test) @ sc-notes ---
[INFO] Using auto detected provider org.apache.maven.surefire.junitplatform.JUnitPlatformProvider
[INFO] 
[INFO] -------------------------------------------------------
[INFO]  T E S T S
[INFO] -------------------------------------------------------
[INFO] Running dev.scconsumer.notesapp.GeneratedAppIntegrationTest
06:07:44.564 [main] INFO org.springframework.test.context.support.AnnotationConfigContextLoaderUtils -- Could not detect default configuration classes for test class [dev.scconsumer.notesapp.GeneratedAppIntegrationTest]: GeneratedAppIntegrationTest does not declare any static, non-private, non-final, nested classes annotated with @Configuration.
06:07:44.603 [main] INFO org.springframework.boot.test.context.SpringBootTestContextBootstrapper -- Found @SpringBootConfiguration dev.scconsumer.notesapp.GeneratedApplication for test class dev.scconsumer.notesapp.GeneratedAppIntegrationTest

  .   ____          _            __ _ _
 /\\ / ___'_ __ _ _(_)_ __  __ _ \ \ \ \
( ( )\___ | '_ | '_| | '_ \/ _` | \ \ \ \
 \\/  ___)| |_)| | | | | || (_| |  ) ) ) )
  '  |____| .__|_| |_|_| |_\__, | / / / /
 =========|_|==============|___/=/_/_/_/

 :: Spring Boot ::               (v3.5.16)

2026-10-07T06:07:44.839+09:00  INFO [requestId:] 38692 --- [sc-notes] [           main] d.s.n.GeneratedAppIntegrationTest        : Starting GeneratedAppIntegrationTest using Java 21.0.11 with PID 38692 (started by dk in /private/tmp/sc-framework-consumer-011-20261007/sc-notes-candidate4/backend)
2026-10-07T06:07:44.839+09:00  INFO [requestId:] 38692 --- [sc-notes] [           main] d.s.n.GeneratedAppIntegrationTest        : The following 1 profile is active: "dev"
2026-10-07T06:07:45.223+09:00  INFO [requestId:] 38692 --- [sc-notes] [           main] .s.d.r.c.RepositoryConfigurationDelegate : Bootstrapping Spring Data JPA repositories in DEFAULT mode.
2026-10-07T06:07:45.266+09:00  INFO [requestId:] 38692 --- [sc-notes] [           main] .s.d.r.c.RepositoryConfigurationDelegate : Finished Spring Data repository scanning in 39 ms. Found 1 JPA repository interface.
2026-10-07T06:07:45.317+09:00  INFO [requestId:] 38692 --- [sc-notes] [           main] o.s.cloud.context.scope.GenericScope     : BeanFactory id=d3820e19-547b-3b2d-98be-2740909c5936
2026-10-07T06:07:45.449+09:00  INFO [requestId:] 38692 --- [sc-notes] [           main] com.zaxxer.hikari.HikariDataSource       : HikariPool-1 - Starting...
2026-10-07T06:07:45.507+09:00  INFO [requestId:] 38692 --- [sc-notes] [           main] com.zaxxer.hikari.pool.HikariPool        : HikariPool-1 - Added connection conn0: url=jdbc:h2:mem:generated-sc-notes user=SA
2026-10-07T06:07:45.508+09:00  INFO [requestId:] 38692 --- [sc-notes] [           main] com.zaxxer.hikari.HikariDataSource       : HikariPool-1 - Start completed.
2026-10-07T06:07:45.527+09:00  INFO [requestId:] 38692 --- [sc-notes] [           main] org.flywaydb.core.FlywayExecutor         : Database: jdbc:h2:mem:generated-sc-notes (H2 2.3)
2026-10-07T06:07:45.536+09:00  INFO [requestId:] 38692 --- [sc-notes] [           main] o.f.c.i.s.JdbcTableSchemaHistory         : Schema history table "PUBLIC"."flyway_schema_history" does not exist yet
2026-10-07T06:07:45.537+09:00  INFO [requestId:] 38692 --- [sc-notes] [           main] o.f.core.internal.command.DbValidate     : Successfully validated 1 migration (execution time 00:00.004s)
2026-10-07T06:07:45.539+09:00  INFO [requestId:] 38692 --- [sc-notes] [           main] o.f.c.i.s.JdbcTableSchemaHistory         : Creating Schema History table "PUBLIC"."flyway_schema_history" ...
2026-10-07T06:07:45.551+09:00  INFO [requestId:] 38692 --- [sc-notes] [           main] o.f.core.internal.command.DbMigrate      : Current version of schema "PUBLIC": << Empty Schema >>
2026-10-07T06:07:45.554+09:00  INFO [requestId:] 38692 --- [sc-notes] [           main] o.f.core.internal.command.DbMigrate      : Migrating schema "PUBLIC" to version "1 - starter notes"
2026-10-07T06:07:45.560+09:00  INFO [requestId:] 38692 --- [sc-notes] [           main] o.f.core.internal.command.DbMigrate      : Successfully applied 1 migration to schema "PUBLIC", now at version v1 (execution time 00:00.002s)
2026-10-07T06:07:45.589+09:00  INFO [requestId:] 38692 --- [sc-notes] [           main] o.hibernate.jpa.internal.util.LogHelper  : HHH000204: Processing PersistenceUnitInfo [name: default]
2026-10-07T06:07:45.605+09:00  INFO [requestId:] 38692 --- [sc-notes] [           main] org.hibernate.Version                    : HHH000412: Hibernate ORM core version 6.6.53.Final
2026-10-07T06:07:45.615+09:00  INFO [requestId:] 38692 --- [sc-notes] [           main] o.h.c.internal.RegionFactoryInitiator    : HHH000026: Second-level cache disabled
2026-10-07T06:07:45.695+09:00  INFO [requestId:] 38692 --- [sc-notes] [           main] o.s.o.j.p.SpringPersistenceUnitInfo      : No LoadTimeWeaver setup: ignoring JPA class transformer
2026-10-07T06:07:45.715+09:00  INFO [requestId:] 38692 --- [sc-notes] [           main] org.hibernate.orm.connections.pooling    : HHH10001005: Database info:
	Database JDBC URL [Connecting through datasource 'HikariDataSource (HikariPool-1)']
	Database driver: undefined/unknown
	Database version: 2.3.232
	Autocommit mode: undefined/unknown
	Isolation level: undefined/unknown
	Minimum pool size: undefined/unknown
	Maximum pool size: undefined/unknown
2026-10-07T06:07:45.950+09:00  INFO [requestId:] 38692 --- [sc-notes] [           main] o.h.e.t.j.p.i.JtaPlatformInitiator       : HHH000489: No JTA platform available (set 'hibernate.transaction.jta.platform' to enable JTA platform integration)
2026-10-07T06:07:45.956+09:00  INFO [requestId:] 38692 --- [sc-notes] [           main] j.LocalContainerEntityManagerFactoryBean : Initialized JPA EntityManagerFactory for persistence unit 'default'
2026-10-07T06:07:46.307+09:00  INFO [requestId:] 38692 --- [sc-notes] [           main] o.s.b.a.w.s.WelcomePageHandlerMapping    : Adding welcome page: class path resource [static/index.html]
2026-10-07T06:07:46.456+09:00  INFO [requestId:] 38692 --- [sc-notes] [           main] r$InitializeUserDetailsManagerConfigurer : Global AuthenticationManager configured with UserDetailsService bean with name users
2026-10-07T06:07:46.514+09:00  INFO [requestId:] 38692 --- [sc-notes] [           main] o.s.b.a.e.web.EndpointLinksResolver      : Exposing 1 endpoint beneath base path '/actuator'
2026-10-07T06:07:46.607+09:00  INFO [requestId:] 38692 --- [sc-notes] [           main] o.s.b.t.m.w.SpringBootMockServletContext : Initializing Spring TestDispatcherServlet ''
2026-10-07T06:07:46.607+09:00  INFO [requestId:] 38692 --- [sc-notes] [           main] o.s.t.web.servlet.TestDispatcherServlet  : Initializing Servlet ''
2026-10-07T06:07:46.607+09:00  INFO [requestId:] 38692 --- [sc-notes] [           main] o.s.t.web.servlet.TestDispatcherServlet  : Completed initialization in 0 ms
2026-10-07T06:07:46.641+09:00  INFO [requestId:] 38692 --- [sc-notes] [           main] d.s.n.GeneratedAppIntegrationTest        : Started GeneratedAppIntegrationTest in 1.939 seconds (process running for 2.305)
Mockito is currently self-attaching to enable the inline-mock-maker. This will no longer work in future releases of the JDK. Please add Mockito as an agent to your build as described in Mockito's documentation: https://javadoc.io/doc/org.mockito/mockito-core/latest/org.mockito/org/mockito/Mockito.html#0.3
OpenJDK 64-Bit Server VM warning: Sharing is only supported for boot loader classes because bootstrap classpath has been appended
WARNING: A Java agent has been loaded dynamically (/private/tmp/sc-framework-consumer-011-20261007/sc-notes-candidate4/.runtime/maven-repository/net/bytebuddy/byte-buddy-agent/1.17.8/byte-buddy-agent-1.17.8.jar)
WARNING: If a serviceability tool is in use, please run with -XX:+EnableDynamicAgentLoading to hide this warning
WARNING: If a serviceability tool is not in use, please run with -Djdk.instrument.traceUsage for more information
WARNING: Dynamic loading of agents will be disallowed by default in a future release
[INFO] Tests run: 5, Failures: 0, Errors: 0, Skipped: 0, Time elapsed: 2.885 s -- in dev.scconsumer.notesapp.GeneratedAppIntegrationTest
[INFO] 
[INFO] Results:
[INFO] 
[INFO] Tests run: 5, Failures: 0, Errors: 0, Skipped: 0
[INFO] 
[INFO] 
[INFO] --- jar:3.4.2:jar (default-jar) @ sc-notes ---
[INFO] Building jar: /private/tmp/sc-framework-consumer-011-20261007/sc-notes-candidate4/backend/target/sc-notes.jar
[INFO] 
[INFO] --- spring-boot:3.5.16:repackage (repackage) @ sc-notes ---
[INFO] Replacing main artifact /private/tmp/sc-framework-consumer-011-20261007/sc-notes-candidate4/backend/target/sc-notes.jar with repackaged archive, adding nested dependencies in BOOT-INF/.
[INFO] The original artifact has been renamed to /private/tmp/sc-framework-consumer-011-20261007/sc-notes-candidate4/backend/target/sc-notes.jar.original
[INFO] ------------------------------------------------------------------------
[INFO] BUILD SUCCESS
[INFO] ------------------------------------------------------------------------
[INFO] Total time:  5.093 s
[INFO] Finished at: 2026-10-07T06:07:47+09:00
[INFO] ------------------------------------------------------------------------
프런트와 실제 테스트를 포함한 신규 앱 JAR 빌드 완료
