
  .   ____          _            __ _ _
 /\\ / ___'_ __ _ _(_)_ __  __ _ \ \ \ \
( ( )\___ | '_ | '_| | '_ \/ _` | \ \ \ \
 \\/  ___)| |_)| | | | | || (_| |  ) ) ) )
  '  |____| .__|_| |_|_| |_\__, | / / / /
 =========|_|==============|___/=/_/_/_/

 :: Spring Boot ::               (v3.5.16)

2026-10-07T06:49:59.104+09:00  INFO [requestId:] 46506 --- [sc-reference-app] [           main] [                                                 ] d.s.reference.ReferenceApplication       : Starting ReferenceApplication v0.2.0-SNAPSHOT using Java 21.0.11 with PID 46506 (/Users/dk/Work/ScFramework/backend/reference-app/target/sc-reference-app.jar started by dk in /private/var/folders/8k/rv4bxj0115g929lrxwybv_r80000gn/T/sc-framework-test-udmwr_k8)
2026-10-07T06:49:59.105+09:00  INFO [requestId:] 46506 --- [sc-reference-app] [           main] [                                                 ] d.s.reference.ReferenceApplication       : The following 2 profiles are active: "dev", "operations"
2026-10-07T06:49:59.738+09:00  INFO [requestId:] 46506 --- [sc-reference-app] [           main] [                                                 ] .s.d.r.c.RepositoryConfigurationDelegate : Bootstrapping Spring Data JPA repositories in DEFAULT mode.
2026-10-07T06:49:59.811+09:00  INFO [requestId:] 46506 --- [sc-reference-app] [           main] [                                                 ] .s.d.r.c.RepositoryConfigurationDelegate : Finished Spring Data repository scanning in 68 ms. Found 18 JPA repository interfaces.
2026-10-07T06:49:59.878+09:00  INFO [requestId:] 46506 --- [sc-reference-app] [           main] [                                                 ] o.s.cloud.context.scope.GenericScope     : BeanFactory id=177907b2-9213-3dc5-82f6-cda476dcce19
2026-10-07T06:50:00.080+09:00  INFO [requestId:] 46506 --- [sc-reference-app] [           main] [                                                 ] o.s.b.w.embedded.tomcat.TomcatWebServer  : Tomcat initialized with port 0 (http)
2026-10-07T06:50:00.086+09:00  INFO [requestId:] 46506 --- [sc-reference-app] [           main] [                                                 ] o.apache.catalina.core.StandardService   : Starting service [Tomcat]
2026-10-07T06:50:00.087+09:00  INFO [requestId:] 46506 --- [sc-reference-app] [           main] [                                                 ] o.apache.catalina.core.StandardEngine    : Starting Servlet engine: [Apache Tomcat/10.1.55]
2026-10-07T06:50:00.099+09:00  INFO [requestId:] 46506 --- [sc-reference-app] [           main] [                                                 ] o.a.c.c.C.[Tomcat].[localhost].[/]       : Initializing Spring embedded WebApplicationContext
2026-10-07T06:50:00.099+09:00  INFO [requestId:] 46506 --- [sc-reference-app] [           main] [                                                 ] w.s.c.ServletWebServerApplicationContext : Root WebApplicationContext: initialization completed in 969 ms
2026-10-07T06:50:00.199+09:00  INFO [requestId:] 46506 --- [sc-reference-app] [           main] [                                                 ] com.zaxxer.hikari.HikariDataSource       : HikariPool-1 - Starting...
2026-10-07T06:50:00.293+09:00  INFO [requestId:] 46506 --- [sc-reference-app] [           main] [                                                 ] com.zaxxer.hikari.pool.HikariPool        : HikariPool-1 - Added connection conn0: url=jdbc:h2:file:/var/folders/8k/rv4bxj0115g929lrxwybv_r80000gn/T/sc-framework-test-udmwr_k8/data/test user=SA
2026-10-07T06:50:00.294+09:00  INFO [requestId:] 46506 --- [sc-reference-app] [           main] [                                                 ] com.zaxxer.hikari.HikariDataSource       : HikariPool-1 - Start completed.
2026-10-07T06:50:00.312+09:00  INFO [requestId:] 46506 --- [sc-reference-app] [           main] [                                                 ] org.flywaydb.core.FlywayExecutor         : Database: jdbc:h2:file:/var/folders/8k/rv4bxj0115g929lrxwybv_r80000gn/T/sc-framework-test-udmwr_k8/data/test (H2 2.3)
2026-10-07T06:50:00.324+09:00  INFO [requestId:] 46506 --- [sc-reference-app] [           main] [                                                 ] o.f.c.i.s.JdbcTableSchemaHistory         : Schema history table "PUBLIC"."flyway_schema_history" does not exist yet
2026-10-07T06:50:00.325+09:00  INFO [requestId:] 46506 --- [sc-reference-app] [           main] [                                                 ] o.f.core.internal.command.DbValidate     : Successfully validated 7 migrations (execution time 00:00.006s)
2026-10-07T06:50:00.328+09:00  INFO [requestId:] 46506 --- [sc-reference-app] [           main] [                                                 ] o.f.c.i.s.JdbcTableSchemaHistory         : Creating Schema History table "PUBLIC"."flyway_schema_history" ...
2026-10-07T06:50:00.342+09:00  INFO [requestId:] 46506 --- [sc-reference-app] [           main] [                                                 ] o.f.core.internal.command.DbMigrate      : Current version of schema "PUBLIC": << Empty Schema >>
2026-10-07T06:50:00.345+09:00  INFO [requestId:] 46506 --- [sc-reference-app] [           main] [                                                 ] o.f.core.internal.command.DbMigrate      : Migrating schema "PUBLIC" to version "1 - example baseline"
2026-10-07T06:50:00.355+09:00  INFO [requestId:] 46506 --- [sc-reference-app] [           main] [                                                 ] o.f.core.internal.command.DbMigrate      : Migrating schema "PUBLIC" to version "2 - requirements baseline"
2026-10-07T06:50:00.367+09:00  INFO [requestId:] 46506 --- [sc-reference-app] [           main] [                                                 ] o.f.core.internal.command.DbMigrate      : Migrating schema "PUBLIC" to version "3 - security audit"
2026-10-07T06:50:00.374+09:00  INFO [requestId:] 46506 --- [sc-reference-app] [           main] [                                                 ] o.f.core.internal.command.DbMigrate      : Migrating schema "PUBLIC" to version "4 - media and files"
2026-10-07T06:50:00.386+09:00  INFO [requestId:] 46506 --- [sc-reference-app] [           main] [                                                 ] o.f.core.internal.command.DbMigrate      : Migrating schema "PUBLIC" to version "5 - kanban and documents"
2026-10-07T06:50:00.393+09:00  INFO [requestId:] 46506 --- [sc-reference-app] [           main] [                                                 ] o.f.core.internal.command.DbMigrate      : Migrating schema "PUBLIC" to version "6 - operations messages"
2026-10-07T06:50:00.399+09:00  INFO [requestId:] 46506 --- [sc-reference-app] [           main] [                                                 ] o.f.core.internal.command.DbMigrate      : Migrating schema "PUBLIC" to version "7 - operations scheduler browser"
2026-10-07T06:50:00.413+09:00  INFO [requestId:] 46506 --- [sc-reference-app] [           main] [                                                 ] o.f.core.internal.command.DbMigrate      : Successfully applied 7 migrations to schema "PUBLIC", now at version v7 (execution time 00:00.042s)
2026-10-07T06:50:00.628+09:00  INFO [requestId:] 46506 --- [sc-reference-app] [           main] [                                                 ] o.hibernate.jpa.internal.util.LogHelper  : HHH000204: Processing PersistenceUnitInfo [name: default]
2026-10-07T06:50:00.650+09:00  INFO [requestId:] 46506 --- [sc-reference-app] [           main] [                                                 ] org.hibernate.Version                    : HHH000412: Hibernate ORM core version 6.6.53.Final
2026-10-07T06:50:00.662+09:00  INFO [requestId:] 46506 --- [sc-reference-app] [           main] [                                                 ] o.h.c.internal.RegionFactoryInitiator    : HHH000026: Second-level cache disabled
2026-10-07T06:50:00.781+09:00  INFO [requestId:] 46506 --- [sc-reference-app] [           main] [                                                 ] o.s.o.j.p.SpringPersistenceUnitInfo      : No LoadTimeWeaver setup: ignoring JPA class transformer
2026-10-07T06:50:00.815+09:00  INFO [requestId:] 46506 --- [sc-reference-app] [           main] [                                                 ] org.hibernate.orm.connections.pooling    : HHH10001005: Database info:
	Database JDBC URL [Connecting through datasource 'HikariDataSource (HikariPool-1)']
	Database driver: undefined/unknown
	Database version: 2.3.232
	Autocommit mode: undefined/unknown
	Isolation level: undefined/unknown
	Minimum pool size: undefined/unknown
	Maximum pool size: undefined/unknown
2026-10-07T06:50:01.245+09:00  INFO [requestId:] 46506 --- [sc-reference-app] [           main] [                                                 ] o.h.e.t.j.p.i.JtaPlatformInitiator       : HHH000489: No JTA platform available (set 'hibernate.transaction.jta.platform' to enable JTA platform integration)
2026-10-07T06:50:01.256+09:00  INFO [requestId:] 46506 --- [sc-reference-app] [           main] [                                                 ] j.LocalContainerEntityManagerFactoryBean : Initialized JPA EntityManagerFactory for persistence unit 'default'
2026-10-07T06:50:01.370+09:00  INFO [requestId:] 46506 --- [sc-reference-app] [           main] [                                                 ] o.s.d.j.r.query.QueryEnhancerFactory     : Hibernate is in classpath; If applicable, HQL parser will be used.
2026-10-07T06:50:01.858+09:00  INFO [requestId:] 46506 --- [sc-reference-app] [           main] [                                                 ] org.quartz.impl.StdSchedulerFactory      : Using default implementation for ThreadExecutor
2026-10-07T06:50:01.863+09:00  INFO [requestId:] 46506 --- [sc-reference-app] [           main] [                                                 ] org.quartz.core.SchedulerSignalerImpl    : Initialized Scheduler Signaller of type: class org.quartz.core.SchedulerSignalerImpl
2026-10-07T06:50:01.863+09:00  INFO [requestId:] 46506 --- [sc-reference-app] [           main] [                                                 ] org.quartz.core.QuartzScheduler          : Quartz Scheduler v2.5.2 created.
2026-10-07T06:50:01.863+09:00  INFO [requestId:] 46506 --- [sc-reference-app] [           main] [                                                 ] o.s.s.quartz.LocalDataSourceJobStore     : Using db table-based data access locking (synchronization).
2026-10-07T06:50:01.864+09:00  INFO [requestId:] 46506 --- [sc-reference-app] [           main] [                                                 ] o.s.s.quartz.LocalDataSourceJobStore     : JobStoreCMT initialized.
2026-10-07T06:50:01.864+09:00  INFO [requestId:] 46506 --- [sc-reference-app] [           main] [                                                 ] org.quartz.core.QuartzScheduler          : Scheduler meta-data: Quartz Scheduler (v2.5.2) 'sc-reference-operations' with instanceId 'NON_CLUSTERED'
  Scheduler class: 'org.quartz.core.QuartzScheduler' - running locally.
  NOT STARTED.
  Currently in standby mode.
  Number of jobs executed: 0
  Using thread pool 'org.quartz.simpl.SimpleThreadPool' - with 3 threads.
  Using job-store 'org.springframework.scheduling.quartz.LocalDataSourceJobStore' - which supports persistence. and is not clustered.

2026-10-07T06:50:01.864+09:00  INFO [requestId:] 46506 --- [sc-reference-app] [           main] [                                                 ] org.quartz.impl.StdSchedulerFactory      : Quartz scheduler 'sc-reference-operations' initialized from an externally provided properties instance.
2026-10-07T06:50:01.864+09:00  INFO [requestId:] 46506 --- [sc-reference-app] [           main] [                                                 ] org.quartz.impl.StdSchedulerFactory      : Quartz scheduler version: 2.5.2
2026-10-07T06:50:01.864+09:00  INFO [requestId:] 46506 --- [sc-reference-app] [           main] [                                                 ] org.quartz.core.QuartzScheduler          : JobFactory set to: dev.scframework.autoconfigure.ScSchedulerAutoConfiguration$$Lambda/0x0000007801d1e5f8@749a3925
2026-10-07T06:50:01.919+09:00  INFO [requestId:] 46506 --- [sc-reference-app] [           main] [                                                 ] o.s.b.a.w.s.WelcomePageHandlerMapping    : Adding welcome page: class path resource [static/index.html]
2026-10-07T06:50:02.122+09:00  WARN [requestId:] 46506 --- [sc-reference-app] [           main] [                                                 ] ConfigServletWebServerApplicationContext : Exception encountered during context initialization - cancelling refresh attempt: org.springframework.beans.factory.BeanCreationException: Error creating bean with name 'scOperationalEventSink' defined in class path resource [dev/scframework/autoconfigure/ScObservabilityAutoConfiguration.class]: Failed to instantiate [dev.scframework.core.operations.OperationalEventSink]: Factory method 'scOperationalEventSink' threw exception with message: Observability log symlink is forbidden
2026-10-07T06:50:02.123+09:00  INFO [requestId:] 46506 --- [sc-reference-app] [           main] [                                                 ] o.s.s.quartz.SchedulerFactoryBean        : Shutting down Quartz Scheduler
2026-10-07T06:50:02.124+09:00  INFO [requestId:] 46506 --- [sc-reference-app] [           main] [                                                 ] org.quartz.core.QuartzScheduler          : Scheduler sc-reference-operations_$_NON_CLUSTERED shutting down.
2026-10-07T06:50:02.124+09:00  INFO [requestId:] 46506 --- [sc-reference-app] [           main] [                                                 ] org.quartz.core.QuartzScheduler          : Scheduler sc-reference-operations_$_NON_CLUSTERED paused.
2026-10-07T06:50:02.362+09:00  INFO [requestId:] 46506 --- [sc-reference-app] [           main] [                                                 ] org.quartz.core.QuartzScheduler          : Scheduler sc-reference-operations_$_NON_CLUSTERED shutdown complete.
2026-10-07T06:50:02.366+09:00  INFO [requestId:] 46506 --- [sc-reference-app] [           main] [                                                 ] j.LocalContainerEntityManagerFactoryBean : Closing JPA EntityManagerFactory for persistence unit 'default'
2026-10-07T06:50:02.368+09:00  INFO [requestId:] 46506 --- [sc-reference-app] [           main] [                                                 ] i.o.sdk.logs.SdkLoggerProvider           : Calling shutdown() multiple times.
2026-10-07T06:50:02.369+09:00  INFO [requestId:] 46506 --- [sc-reference-app] [           main] [                                                 ] i.o.sdk.trace.SdkTracerProvider          : Calling shutdown() multiple times.
2026-10-07T06:50:02.369+09:00  INFO [requestId:] 46506 --- [sc-reference-app] [           main] [                                                 ] i.o.exporter.internal.http.HttpExporter  : Calling shutdown() multiple times.
2026-10-07T06:50:02.369+09:00  INFO [requestId:] 46506 --- [sc-reference-app] [           main] [                                                 ] com.zaxxer.hikari.HikariDataSource       : HikariPool-1 - Shutdown initiated...
2026-10-07T06:50:02.380+09:00  INFO [requestId:] 46506 --- [sc-reference-app] [           main] [                                                 ] com.zaxxer.hikari.HikariDataSource       : HikariPool-1 - Shutdown completed.
2026-10-07T06:50:02.381+09:00  INFO [requestId:] 46506 --- [sc-reference-app] [           main] [                                                 ] o.apache.catalina.core.StandardService   : Stopping service [Tomcat]
2026-10-07T06:50:02.382+09:00  WARN [requestId:] 46506 --- [sc-reference-app] [           main] [                                                 ] o.a.c.loader.WebappClassLoaderBase       : The web application [ROOT] appears to have started a thread named [BatchSpanProcessor_WorkerThread-1] but has failed to stop it. This is very likely to create a memory leak. Stack trace of thread:
 java.base/jdk.internal.misc.Unsafe.park(Native Method)
 java.base/java.util.concurrent.locks.LockSupport.parkNanos(LockSupport.java:269)
 java.base/java.util.concurrent.locks.AbstractQueuedSynchronizer$ConditionObject.awaitNanos(AbstractQueuedSynchronizer.java:1797)
 java.base/java.util.concurrent.ArrayBlockingQueue.poll(ArrayBlockingQueue.java:435)
 io.opentelemetry.sdk.trace.export.BatchSpanProcessor$Worker.run(BatchSpanProcessor.java:266)
 java.base/java.lang.Thread.run(Thread.java:1583)
2026-10-07T06:50:02.382+09:00  WARN [requestId:] 46506 --- [sc-reference-app] [           main] [                                                 ] o.a.c.loader.WebappClassLoaderBase       : The web application [ROOT] appears to have started a thread named [BatchLogRecordProcessor_WorkerThread-1] but has failed to stop it. This is very likely to create a memory leak. Stack trace of thread:
 java.base/jdk.internal.misc.Unsafe.park(Native Method)
 java.base/java.util.concurrent.locks.LockSupport.parkNanos(LockSupport.java:269)
 java.base/java.util.concurrent.locks.AbstractQueuedSynchronizer$ConditionObject.awaitNanos(AbstractQueuedSynchronizer.java:1797)
 java.base/java.util.concurrent.ArrayBlockingQueue.poll(ArrayBlockingQueue.java:435)
 io.opentelemetry.sdk.logs.export.BatchLogRecordProcessor$Worker.run(BatchLogRecordProcessor.java:246)
 java.base/java.lang.Thread.run(Thread.java:1583)
2026-10-07T06:50:02.395+09:00  INFO [requestId:] 46506 --- [sc-reference-app] [           main] [                                                 ] .s.b.a.l.ConditionEvaluationReportLogger : 

Error starting ApplicationContext. To display the condition evaluation report re-run your application with 'debug' enabled.
2026-10-07T06:50:02.408+09:00 ERROR [requestId:] 46506 --- [sc-reference-app] [           main] [                                                 ] o.s.boot.SpringApplication               : Application run failed

org.springframework.beans.factory.BeanCreationException: Error creating bean with name 'scOperationalEventSink' defined in class path resource [dev/scframework/autoconfigure/ScObservabilityAutoConfiguration.class]: Failed to instantiate [dev.scframework.core.operations.OperationalEventSink]: Factory method 'scOperationalEventSink' threw exception with message: Observability log symlink is forbidden
	at org.springframework.beans.factory.support.ConstructorResolver.instantiate(ConstructorResolver.java:657) ~[spring-beans-6.2.19.jar!/:6.2.19]
	at org.springframework.beans.factory.support.ConstructorResolver.instantiateUsingFactoryMethod(ConstructorResolver.java:645) ~[spring-beans-6.2.19.jar!/:6.2.19]
	at org.springframework.beans.factory.support.AbstractAutowireCapableBeanFactory.instantiateUsingFactoryMethod(AbstractAutowireCapableBeanFactory.java:1373) ~[spring-beans-6.2.19.jar!/:6.2.19]
	at org.springframework.beans.factory.support.AbstractAutowireCapableBeanFactory.createBeanInstance(AbstractAutowireCapableBeanFactory.java:1203) ~[spring-beans-6.2.19.jar!/:6.2.19]
	at org.springframework.beans.factory.support.AbstractAutowireCapableBeanFactory.doCreateBean(AbstractAutowireCapableBeanFactory.java:569) ~[spring-beans-6.2.19.jar!/:6.2.19]
	at org.springframework.beans.factory.support.AbstractAutowireCapableBeanFactory.createBean(AbstractAutowireCapableBeanFactory.java:529) ~[spring-beans-6.2.19.jar!/:6.2.19]
	at org.springframework.beans.factory.support.AbstractBeanFactory.lambda$doGetBean$0(AbstractBeanFactory.java:339) ~[spring-beans-6.2.19.jar!/:6.2.19]
	at org.springframework.beans.factory.support.DefaultSingletonBeanRegistry.getSingleton(DefaultSingletonBeanRegistry.java:373) ~[spring-beans-6.2.19.jar!/:6.2.19]
	at org.springframework.beans.factory.support.AbstractBeanFactory.doGetBean(AbstractBeanFactory.java:337) ~[spring-beans-6.2.19.jar!/:6.2.19]
	at org.springframework.beans.factory.support.AbstractBeanFactory.getBean(AbstractBeanFactory.java:202) ~[spring-beans-6.2.19.jar!/:6.2.19]
	at org.springframework.beans.factory.support.DefaultListableBeanFactory.instantiateSingleton(DefaultListableBeanFactory.java:1235) ~[spring-beans-6.2.19.jar!/:6.2.19]
	at org.springframework.beans.factory.support.DefaultListableBeanFactory.preInstantiateSingleton(DefaultListableBeanFactory.java:1201) ~[spring-beans-6.2.19.jar!/:6.2.19]
	at org.springframework.beans.factory.support.DefaultListableBeanFactory.preInstantiateSingletons(DefaultListableBeanFactory.java:1130) ~[spring-beans-6.2.19.jar!/:6.2.19]
	at org.springframework.context.support.AbstractApplicationContext.finishBeanFactoryInitialization(AbstractApplicationContext.java:991) ~[spring-context-6.2.19.jar!/:6.2.19]
	at org.springframework.context.support.AbstractApplicationContext.refresh(AbstractApplicationContext.java:628) ~[spring-context-6.2.19.jar!/:6.2.19]
	at org.springframework.boot.web.servlet.context.ServletWebServerApplicationContext.refresh(ServletWebServerApplicationContext.java:146) ~[spring-boot-3.5.16.jar!/:3.5.16]
	at org.springframework.boot.SpringApplication.refresh(SpringApplication.java:752) ~[spring-boot-3.5.16.jar!/:3.5.16]
	at org.springframework.boot.SpringApplication.refreshContext(SpringApplication.java:439) ~[spring-boot-3.5.16.jar!/:3.5.16]
	at org.springframework.boot.SpringApplication.run(SpringApplication.java:318) ~[spring-boot-3.5.16.jar!/:3.5.16]
	at org.springframework.boot.SpringApplication.run(SpringApplication.java:1361) ~[spring-boot-3.5.16.jar!/:3.5.16]
	at org.springframework.boot.SpringApplication.run(SpringApplication.java:1350) ~[spring-boot-3.5.16.jar!/:3.5.16]
	at dev.scframework.reference.ReferenceApplication.main(ReferenceApplication.java:12) ~[!/:0.2.0-SNAPSHOT]
	at java.base/jdk.internal.reflect.DirectMethodHandleAccessor.invoke(DirectMethodHandleAccessor.java:103) ~[na:na]
	at java.base/java.lang.reflect.Method.invoke(Method.java:580) ~[na:na]
	at org.springframework.boot.loader.launch.Launcher.launch(Launcher.java:106) ~[sc-reference-app.jar:0.2.0-SNAPSHOT]
	at org.springframework.boot.loader.launch.Launcher.launch(Launcher.java:64) ~[sc-reference-app.jar:0.2.0-SNAPSHOT]
	at org.springframework.boot.loader.launch.JarLauncher.main(JarLauncher.java:40) ~[sc-reference-app.jar:0.2.0-SNAPSHOT]
Caused by: org.springframework.beans.BeanInstantiationException: Failed to instantiate [dev.scframework.core.operations.OperationalEventSink]: Factory method 'scOperationalEventSink' threw exception with message: Observability log symlink is forbidden
	at org.springframework.beans.factory.support.SimpleInstantiationStrategy.lambda$instantiate$0(SimpleInstantiationStrategy.java:200) ~[spring-beans-6.2.19.jar!/:6.2.19]
	at org.springframework.beans.factory.support.SimpleInstantiationStrategy.instantiateWithFactoryMethod(SimpleInstantiationStrategy.java:89) ~[spring-beans-6.2.19.jar!/:6.2.19]
	at org.springframework.beans.factory.support.SimpleInstantiationStrategy.instantiate(SimpleInstantiationStrategy.java:169) ~[spring-beans-6.2.19.jar!/:6.2.19]
	at org.springframework.beans.factory.support.ConstructorResolver.instantiate(ConstructorResolver.java:653) ~[spring-beans-6.2.19.jar!/:6.2.19]
	... 26 common frames omitted
Caused by: java.lang.IllegalStateException: Observability log symlink is forbidden
	at dev.scframework.autoconfigure.observability.SafeOperationalEventSink.<init>(SafeOperationalEventSink.java:35) ~[framework-autoconfigure-0.2.0-SNAPSHOT.jar!/:0.2.0-SNAPSHOT]
	at dev.scframework.autoconfigure.ScObservabilityAutoConfiguration.scOperationalEventSink(ScObservabilityAutoConfiguration.java:63) ~[framework-autoconfigure-0.2.0-SNAPSHOT.jar!/:0.2.0-SNAPSHOT]
	at java.base/jdk.internal.reflect.DirectMethodHandleAccessor.invoke(DirectMethodHandleAccessor.java:103) ~[na:na]
	at java.base/java.lang.reflect.Method.invoke(Method.java:580) ~[na:na]
	at org.springframework.beans.factory.support.SimpleInstantiationStrategy.lambda$instantiate$0(SimpleInstantiationStrategy.java:172) ~[spring-beans-6.2.19.jar!/:6.2.19]
	... 29 common frames omitted

