 Container scframework-012-20261007-rabbitmq-1 Running 
 Container scframework-012-20261007-loki-1 Running 
 Container scframework-012-20261007-tempo-1 Running 
 Container scframework-012-20261007-grafana-1 Running 
 Container scframework-012-20261007-collector-1 Running 
 Container scframework-012-20261007-prometheus-1 Starting 
 Container scframework-012-20261007-initialize-volumes-1 Starting 
 Container scframework-012-20261007-prometheus-1 Started 
 Container scframework-012-20261007-initialize-volumes-1 Started 
 Container scframework-012-20261007-initialize-volumes-1 Waiting 
 Container scframework-012-20261007-initialize-volumes-1 Waiting 
 Container scframework-012-20261007-initialize-volumes-1 Exited 
 Container scframework-012-20261007-initialize-volumes-1 Exited 
 Container scframework-012-20261007-initialize-volumes-1 Waiting 
 Container scframework-012-20261007-initialize-volumes-1 Exited 
 Container scframework-012-20261007-rabbitmq-1 Waiting 
 Container scframework-012-20261007-prometheus-1 Waiting 
 Container scframework-012-20261007-loki-1 Waiting 
 Container scframework-012-20261007-initialize-volumes-1 Waiting 
 Container scframework-012-20261007-collector-1 Waiting 
 Container scframework-012-20261007-tempo-1 Waiting 
 Container scframework-012-20261007-grafana-1 Waiting 
 Container scframework-012-20261007-collector-1 Healthy 
 Container scframework-012-20261007-prometheus-1 Healthy 
 Container scframework-012-20261007-initialize-volumes-1 Exited 
 Container scframework-012-20261007-grafana-1 Healthy 
 Container scframework-012-20261007-tempo-1 Healthy 
 Container scframework-012-20261007-loki-1 Healthy 
 Container scframework-012-20261007-rabbitmq-1 Healthy 
