 Network scframework-012-20261007_default Creating 
 Network scframework-012-20261007_default Created 
 Volume scframework-012-20261007_operations-tempo Creating 
 Volume scframework-012-20261007_operations-tempo Created 
 Volume scframework-012-20261007_operations-loki Creating 
 Volume scframework-012-20261007_operations-loki Created 
 Volume scframework-012-20261007_operations-rabbitmq Creating 
 Volume scframework-012-20261007_operations-rabbitmq Created 
 Volume scframework-012-20261007_operations-prometheus Creating 
 Volume scframework-012-20261007_operations-prometheus Created 
 Volume scframework-012-20261007_operations-grafana Creating 
 Volume scframework-012-20261007_operations-grafana Created 
 Volume scframework-012-20261007_operations-grafana-secret Creating 
 Volume scframework-012-20261007_operations-grafana-secret Created 
 Container scframework-012-20261007-prometheus-1 Creating 
 Container scframework-012-20261007-initialize-volumes-1 Creating 
 Container scframework-012-20261007-rabbitmq-1 Creating 
 Container scframework-012-20261007-initialize-volumes-1 Created 
 Container scframework-012-20261007-loki-1 Creating 
 Container scframework-012-20261007-tempo-1 Creating 
 Container scframework-012-20261007-prometheus-1 Created 
 Container scframework-012-20261007-rabbitmq-1 Created 
 Container scframework-012-20261007-tempo-1 Created 
 Container scframework-012-20261007-loki-1 Created 
 Container scframework-012-20261007-grafana-1 Creating 
 Container scframework-012-20261007-collector-1 Creating 
 Container scframework-012-20261007-collector-1 Created 
 Container scframework-012-20261007-grafana-1 Created 
 Container scframework-012-20261007-prometheus-1 Starting 
 Container scframework-012-20261007-rabbitmq-1 Starting 
 Container scframework-012-20261007-initialize-volumes-1 Starting 
 Container scframework-012-20261007-initialize-volumes-1 Started 
 Container scframework-012-20261007-initialize-volumes-1 Waiting 
 Container scframework-012-20261007-initialize-volumes-1 Waiting 
 Container scframework-012-20261007-rabbitmq-1 Started 
 Container scframework-012-20261007-prometheus-1 Started 
 Container scframework-012-20261007-initialize-volumes-1 Exited 
 Container scframework-012-20261007-tempo-1 Starting 
 Container scframework-012-20261007-initialize-volumes-1 Exited 
 Container scframework-012-20261007-loki-1 Starting 
 Container scframework-012-20261007-loki-1 Started 
 Container scframework-012-20261007-tempo-1 Started 
 Container scframework-012-20261007-initialize-volumes-1 Waiting 
 Container scframework-012-20261007-collector-1 Starting 
 Container scframework-012-20261007-collector-1 Started 
 Container scframework-012-20261007-initialize-volumes-1 Exited 
 Container scframework-012-20261007-grafana-1 Starting 
 Container scframework-012-20261007-grafana-1 Started 
 Container scframework-012-20261007-initialize-volumes-1 Waiting 
 Container scframework-012-20261007-loki-1 Waiting 
 Container scframework-012-20261007-rabbitmq-1 Waiting 
 Container scframework-012-20261007-collector-1 Waiting 
 Container scframework-012-20261007-prometheus-1 Waiting 
 Container scframework-012-20261007-tempo-1 Waiting 
 Container scframework-012-20261007-grafana-1 Waiting 
 Container scframework-012-20261007-loki-1 Healthy 
 Container scframework-012-20261007-collector-1 Healthy 
 Container scframework-012-20261007-initialize-volumes-1 Exited 
 Container scframework-012-20261007-tempo-1 Healthy 
container scframework-012-20261007-prometheus-1 exited (1)
